# gas: measured budget
golden_hex_t2_integrationtest::golden_hex_t2::golden_hex_around_0_rotate_ccw_around: 286786040 301125342
golden_hex_t2_integrationtest::golden_hex_t2::golden_hex_around_0_rotate_cw_around: 286786040 301125342
golden_hex_t2_integrationtest::golden_hex_t2::golden_hex_around_1_rotate_ccw_around: 286786040 301125342
golden_hex_t2_integrationtest::golden_hex_t2::golden_hex_around_1_rotate_cw_around: 286786040 301125342
golden_hex_t2_integrationtest::golden_hex_t2::golden_hex_big_to_higher_res: 10267770 10781159
golden_hex_t2_integrationtest::golden_hex_t2::golden_hex_big_to_local: 13456920 14129766
golden_hex_t2_integrationtest::golden_hex_t2::golden_hex_big_to_lower_res: 12482220 13106331
golden_hex_t2_integrationtest::golden_hex_t2::golden_hex_big_wrap_in_range: 13456920 14129766
golden_hex_t2_integrationtest::golden_hex_t2::golden_hex_bounds_all_diagonals: 2122400 2228520
golden_hex_t2_integrationtest::golden_hex_t2::golden_hex_bounds_all_diagonals_panics_0: 7610 7991
golden_hex_t2_integrationtest::golden_hex_t2::golden_hex_bounds_all_diagonals_panics_1: 7610 7991
golden_hex_t2_integrationtest::golden_hex_t2::golden_hex_bounds_all_diagonals_panics_2: 7610 7991
golden_hex_t2_integrationtest::golden_hex_t2::golden_hex_bounds_all_diagonals_panics_3: 7610 7991
golden_hex_t2_integrationtest::golden_hex_t2::golden_hex_bounds_around_rotate_ccw_around: 39303440 41268612
golden_hex_t2_integrationtest::golden_hex_t2::golden_hex_bounds_around_rotate_ccw_around_panics_0: 7610 7991
golden_hex_t2_integrationtest::golden_hex_t2::golden_hex_bounds_around_rotate_ccw_around_panics_1: 7610 7991
golden_hex_t2_integrationtest::golden_hex_t2::golden_hex_bounds_around_rotate_ccw_around_panics_2: 7610 7991
golden_hex_t2_integrationtest::golden_hex_t2::golden_hex_bounds_around_rotate_ccw_around_panics_3: 7610 7991
golden_hex_t2_integrationtest::golden_hex_t2::golden_hex_bounds_around_rotate_cw_around: 39774200 41762910
golden_hex_t2_integrationtest::golden_hex_t2::golden_hex_bounds_around_rotate_cw_around_panics_0: 7610 7991
golden_hex_t2_integrationtest::golden_hex_t2::golden_hex_bounds_around_rotate_cw_around_panics_1: 7610 7991
golden_hex_t2_integrationtest::golden_hex_t2::golden_hex_bounds_around_rotate_cw_around_panics_2: 7610 7991
golden_hex_t2_integrationtest::golden_hex_t2::golden_hex_bounds_around_rotate_cw_around_panics_3: 7610 7991
golden_hex_t2_integrationtest::golden_hex_t2::golden_hex_bounds_diagonal_add_diag_dir: 80458610 84481541
golden_hex_t2_integrationtest::golden_hex_t2::golden_hex_bounds_diagonal_add_diag_dir_panics_0: 11890 12485
golden_hex_t2_integrationtest::golden_hex_t2::golden_hex_bounds_diagonal_add_diag_dir_panics_1: 11890 12485
golden_hex_t2_integrationtest::golden_hex_t2::golden_hex_bounds_diagonal_add_diag_dir_panics_2: 12460 13083
golden_hex_t2_integrationtest::golden_hex_t2::golden_hex_bounds_diagonal_add_diag_dir_panics_3: 11420 11991
golden_hex_t2_integrationtest::golden_hex_t2::golden_hex_bounds_diagonal_diagonal_neighbor: 80458610 84481541
golden_hex_t2_integrationtest::golden_hex_t2::golden_hex_bounds_diagonal_diagonal_neighbor_panics_0: 11890 12485
golden_hex_t2_integrationtest::golden_hex_t2::golden_hex_bounds_diagonal_diagonal_neighbor_panics_1: 11890 12485
golden_hex_t2_integrationtest::golden_hex_t2::golden_hex_bounds_diagonal_diagonal_neighbor_panics_2: 12460 13083
golden_hex_t2_integrationtest::golden_hex_t2::golden_hex_bounds_diagonal_diagonal_neighbor_panics_3: 11420 11991
golden_hex_t2_integrationtest::golden_hex_t2::golden_hex_bounds_other_neighbor_direction: 87594100 91973805
golden_hex_t2_integrationtest::golden_hex_t2::golden_hex_bounds_other_neighbor_direction_panics_0: 11420 11991
golden_hex_t2_integrationtest::golden_hex_t2::golden_hex_bounds_other_neighbor_direction_panics_1: 12460 13083
golden_hex_t2_integrationtest::golden_hex_t2::golden_hex_bounds_other_neighbor_direction_panics_2: 17440 18312
golden_hex_t2_integrationtest::golden_hex_t2::golden_hex_bounds_other_neighbor_direction_panics_3: 11420 11991
golden_hex_t2_integrationtest::golden_hex_t2::golden_hex_bounds_pairs_ccw_around: 11086440 11640762
golden_hex_t2_integrationtest::golden_hex_t2::golden_hex_bounds_pairs_ccw_around_panics_0: 7610 7991
golden_hex_t2_integrationtest::golden_hex_t2::golden_hex_bounds_pairs_ccw_around_panics_1: 7610 7991
golden_hex_t2_integrationtest::golden_hex_t2::golden_hex_bounds_pairs_ccw_around_panics_2: 7610 7991
golden_hex_t2_integrationtest::golden_hex_t2::golden_hex_bounds_pairs_ccw_around_panics_3: 7610 7991
golden_hex_t2_integrationtest::golden_hex_t2::golden_hex_bounds_pairs_cw_around: 9962390 10460510
golden_hex_t2_integrationtest::golden_hex_t2::golden_hex_bounds_pairs_cw_around_panics_0: 7610 7991
golden_hex_t2_integrationtest::golden_hex_t2::golden_hex_bounds_pairs_cw_around_panics_1: 7610 7991
golden_hex_t2_integrationtest::golden_hex_t2::golden_hex_bounds_pairs_cw_around_panics_2: 7610 7991
golden_hex_t2_integrationtest::golden_hex_t2::golden_hex_bounds_pairs_cw_around_panics_3: 7610 7991
golden_hex_t2_integrationtest::golden_hex_t2::golden_hex_bounds_pairs_diagonal_way_to: 13681000 14365050
golden_hex_t2_integrationtest::golden_hex_t2::golden_hex_bounds_pairs_diagonal_way_to_panics_0: 7610 7991
golden_hex_t2_integrationtest::golden_hex_t2::golden_hex_bounds_pairs_diagonal_way_to_panics_1: 7610 7991
golden_hex_t2_integrationtest::golden_hex_t2::golden_hex_bounds_pairs_diagonal_way_to_panics_2: 7610 7991
golden_hex_t2_integrationtest::golden_hex_t2::golden_hex_bounds_pairs_diagonal_way_to_panics_3: 7610 7991
golden_hex_t2_integrationtest::golden_hex_t2::golden_hex_bounds_pairs_main_diagonal_to: 10139000 10645950
golden_hex_t2_integrationtest::golden_hex_t2::golden_hex_bounds_pairs_main_diagonal_to_panics_0: 7610 7991
golden_hex_t2_integrationtest::golden_hex_t2::golden_hex_bounds_pairs_main_diagonal_to_panics_1: 7610 7991
golden_hex_t2_integrationtest::golden_hex_t2::golden_hex_bounds_pairs_main_diagonal_to_panics_2: 7610 7991
golden_hex_t2_integrationtest::golden_hex_t2::golden_hex_bounds_pairs_main_diagonal_to_panics_3: 7610 7991
golden_hex_t2_integrationtest::golden_hex_t2::golden_hex_bounds_pairs_main_direction_to: 2840960 2983008
golden_hex_t2_integrationtest::golden_hex_t2::golden_hex_bounds_pairs_main_direction_to_panics_0: 7610 7991
golden_hex_t2_integrationtest::golden_hex_t2::golden_hex_bounds_pairs_main_direction_to_panics_1: 7610 7991
golden_hex_t2_integrationtest::golden_hex_t2::golden_hex_bounds_pairs_main_direction_to_panics_2: 7610 7991
golden_hex_t2_integrationtest::golden_hex_t2::golden_hex_bounds_pairs_main_direction_to_panics_3: 7610 7991
golden_hex_t2_integrationtest::golden_hex_t2::golden_hex_bounds_pairs_way_to: 3690160 3874668
golden_hex_t2_integrationtest::golden_hex_t2::golden_hex_bounds_pairs_way_to_panics_0: 7610 7991
golden_hex_t2_integrationtest::golden_hex_t2::golden_hex_bounds_pairs_way_to_panics_1: 7610 7991
golden_hex_t2_integrationtest::golden_hex_t2::golden_hex_bounds_pairs_way_to_panics_2: 7610 7991
golden_hex_t2_integrationtest::golden_hex_t2::golden_hex_bounds_pairs_way_to_panics_3: 7610 7991
golden_hex_t2_integrationtest::golden_hex_t2::golden_hex_bounds_resolution_to_higher_res: 272610 286241
golden_hex_t2_integrationtest::golden_hex_t2::golden_hex_bounds_resolution_to_higher_res_panics_0: 7610 7991
golden_hex_t2_integrationtest::golden_hex_t2::golden_hex_bounds_resolution_to_higher_res_panics_1: 7610 7991
golden_hex_t2_integrationtest::golden_hex_t2::golden_hex_bounds_resolution_to_higher_res_panics_2: 7610 7991
golden_hex_t2_integrationtest::golden_hex_t2::golden_hex_bounds_resolution_to_higher_res_panics_3: 7610 7991
golden_hex_t2_integrationtest::golden_hex_t2::golden_hex_bounds_resolution_to_local: 508760 534198
golden_hex_t2_integrationtest::golden_hex_t2::golden_hex_bounds_resolution_to_local_panics_0: 7610 7991
golden_hex_t2_integrationtest::golden_hex_t2::golden_hex_bounds_resolution_to_local_panics_1: 7610 7991
golden_hex_t2_integrationtest::golden_hex_t2::golden_hex_bounds_resolution_to_local_panics_2: 7610 7991
golden_hex_t2_integrationtest::golden_hex_t2::golden_hex_bounds_resolution_to_local_panics_3: 7610 7991
golden_hex_t2_integrationtest::golden_hex_t2::golden_hex_bounds_resolution_to_lower_res: 416420 437241
golden_hex_t2_integrationtest::golden_hex_t2::golden_hex_bounds_resolution_to_lower_res_panics_0: 7610 7991
golden_hex_t2_integrationtest::golden_hex_t2::golden_hex_bounds_resolution_to_lower_res_panics_1: 7610 7991
golden_hex_t2_integrationtest::golden_hex_t2::golden_hex_bounds_resolution_to_lower_res_panics_2: 7610 7991
golden_hex_t2_integrationtest::golden_hex_t2::golden_hex_bounds_resolution_to_lower_res_panics_3: 7610 7991
golden_hex_t2_integrationtest::golden_hex_t2::golden_hex_bounds_resolution_wrap_in_range: 508760 534198
golden_hex_t2_integrationtest::golden_hex_t2::golden_hex_bounds_resolution_wrap_in_range_panics_0: 7610 7991
golden_hex_t2_integrationtest::golden_hex_t2::golden_hex_bounds_resolution_wrap_in_range_panics_1: 7610 7991
golden_hex_t2_integrationtest::golden_hex_t2::golden_hex_bounds_resolution_wrap_in_range_panics_2: 7610 7991
golden_hex_t2_integrationtest::golden_hex_t2::golden_hex_bounds_resolution_wrap_in_range_panics_3: 7610 7991
golden_hex_t2_integrationtest::golden_hex_t2::golden_hex_bounds_rotation_rotate_ccw: 16847920 17690316
golden_hex_t2_integrationtest::golden_hex_t2::golden_hex_bounds_rotation_rotate_ccw_panics_0: 7610 7991
golden_hex_t2_integrationtest::golden_hex_t2::golden_hex_bounds_rotation_rotate_ccw_panics_1: 7610 7991
golden_hex_t2_integrationtest::golden_hex_t2::golden_hex_bounds_rotation_rotate_ccw_panics_2: 7610 7991
golden_hex_t2_integrationtest::golden_hex_t2::golden_hex_bounds_rotation_rotate_ccw_panics_3: 7610 7991
golden_hex_t2_integrationtest::golden_hex_t2::golden_hex_bounds_rotation_rotate_cw: 16077520 16881396
golden_hex_t2_integrationtest::golden_hex_t2::golden_hex_bounds_rotation_rotate_cw_panics_0: 7610 7991
golden_hex_t2_integrationtest::golden_hex_t2::golden_hex_bounds_rotation_rotate_cw_panics_1: 7610 7991
golden_hex_t2_integrationtest::golden_hex_t2::golden_hex_bounds_rotation_rotate_cw_panics_2: 7610 7991
golden_hex_t2_integrationtest::golden_hex_t2::golden_hex_bounds_rotation_rotate_cw_panics_3: 7610 7991
golden_hex_t2_integrationtest::golden_hex_t2::golden_hex_bounds_t2_clockwise: 1207470 1267844
golden_hex_t2_integrationtest::golden_hex_t2::golden_hex_bounds_t2_clockwise_panics_0: 7610 7991
golden_hex_t2_integrationtest::golden_hex_t2::golden_hex_bounds_t2_clockwise_panics_1: 7610 7991
golden_hex_t2_integrationtest::golden_hex_t2::golden_hex_bounds_t2_clockwise_panics_2: 7610 7991
golden_hex_t2_integrationtest::golden_hex_t2::golden_hex_bounds_t2_clockwise_panics_3: 7610 7991
golden_hex_t2_integrationtest::golden_hex_t2::golden_hex_bounds_t2_counter_clockwise: 1401420 1471491
golden_hex_t2_integrationtest::golden_hex_t2::golden_hex_bounds_t2_counter_clockwise_panics_0: 7610 7991
golden_hex_t2_integrationtest::golden_hex_t2::golden_hex_bounds_t2_counter_clockwise_panics_1: 7610 7991
golden_hex_t2_integrationtest::golden_hex_t2::golden_hex_bounds_t2_counter_clockwise_panics_2: 7610 7991
golden_hex_t2_integrationtest::golden_hex_t2::golden_hex_bounds_t2_counter_clockwise_panics_3: 7610 7991
golden_hex_t2_integrationtest::golden_hex_t2::golden_hex_bounds_t2_reflect_x: 1593370 1673039
golden_hex_t2_integrationtest::golden_hex_t2::golden_hex_bounds_t2_reflect_x_panics_0: 7610 7991
golden_hex_t2_integrationtest::golden_hex_t2::golden_hex_bounds_t2_reflect_x_panics_1: 7610 7991
golden_hex_t2_integrationtest::golden_hex_t2::golden_hex_bounds_t2_reflect_x_panics_2: 7610 7991
golden_hex_t2_integrationtest::golden_hex_t2::golden_hex_bounds_t2_reflect_x_panics_3: 7610 7991
golden_hex_t2_integrationtest::golden_hex_t2::golden_hex_bounds_t2_reflect_y: 1593370 1673039
golden_hex_t2_integrationtest::golden_hex_t2::golden_hex_bounds_t2_reflect_y_panics_0: 7610 7991
golden_hex_t2_integrationtest::golden_hex_t2::golden_hex_bounds_t2_reflect_y_panics_1: 7610 7991
golden_hex_t2_integrationtest::golden_hex_t2::golden_hex_bounds_t2_reflect_y_panics_2: 7610 7991
golden_hex_t2_integrationtest::golden_hex_t2::golden_hex_bounds_t2_reflect_y_panics_3: 7610 7991
golden_hex_t2_integrationtest::golden_hex_t2::golden_hex_bounds_t2_reflect_z: 3165320 3323586
golden_hex_t2_integrationtest::golden_hex_t2::golden_hex_debug: 6513790 6839480
golden_hex_t2_integrationtest::golden_hex_t2::golden_hex_diagonal_add_diag_dir: 150276360 157790178
golden_hex_t2_integrationtest::golden_hex_t2::golden_hex_diagonal_diagonal_neighbor: 150276360 157790178
golden_hex_t2_integrationtest::golden_hex_t2::golden_hex_diagonal_neighbor_coord: 25080 26334
golden_hex_t2_integrationtest::golden_hex_t2::golden_hex_other_neighbor_direction: 174286860 183001203
golden_hex_t2_integrationtest::golden_hex_t2::golden_hex_pairs_t2_ccw_around: 88228190 92639600
golden_hex_t2_integrationtest::golden_hex_t2::golden_hex_pairs_t2_cw_around: 88228190 92639600
golden_hex_t2_integrationtest::golden_hex_t2::golden_hex_pairs_t2_diagonal_way_to: 105121650 110377733
golden_hex_t2_integrationtest::golden_hex_t2::golden_hex_pairs_t2_main_diagonal_to: 76152150 79959758
golden_hex_t2_integrationtest::golden_hex_t2::golden_hex_pairs_t2_main_direction_to: 76744290 80581505
golden_hex_t2_integrationtest::golden_hex_t2::golden_hex_pairs_t2_rectiline_to_ccw: 192251400 201863970
golden_hex_t2_integrationtest::golden_hex_t2::golden_hex_pairs_t2_rectiline_to_cw: 277869700 291763185
golden_hex_t2_integrationtest::golden_hex_t2::golden_hex_pairs_t2_way_to: 105713790 110999480
golden_hex_t2_integrationtest::golden_hex_t2::golden_hex_range: 73412910 77083556
golden_hex_t2_integrationtest::golden_hex_t2::golden_hex_resolution_to_higher_res: 151672890 159256535
golden_hex_t2_integrationtest::golden_hex_t2::golden_hex_resolution_to_local: 164530200 172756710
golden_hex_t2_integrationtest::golden_hex_t2::golden_hex_resolution_to_lower_res: 160600620 168630651
golden_hex_t2_integrationtest::golden_hex_t2::golden_hex_resolution_wrap_in_range: 164530200 172756710
golden_hex_t2_integrationtest::golden_hex_t2::golden_hex_rotation_rotate_ccw: 811594720 852174456
golden_hex_t2_integrationtest::golden_hex_t2::golden_hex_rotation_rotate_cw: 811594720 852174456
golden_hex_t2_integrationtest::golden_hex_t2::golden_hex_unary_all_diagonals: 12436730 13058567
golden_hex_t2_integrationtest::golden_hex_t2::golden_hex_unary_t2_clockwise: 3577670 3756554
golden_hex_t2_integrationtest::golden_hex_t2::golden_hex_unary_t2_counter_clockwise: 3577670 3756554
golden_hex_t2_integrationtest::golden_hex_t2::golden_hex_unary_t2_reflect_x: 3552470 3730094
golden_hex_t2_integrationtest::golden_hex_t2::golden_hex_unary_t2_reflect_y: 3552470 3730094
golden_hex_t2_integrationtest::golden_hex_t2::golden_hex_unary_t2_reflect_z: 3474350 3648068
golden_hex_t2_integrationtest::golden_hex_t2::golden_hex_xrange: 72410900 76031445
