# gas: measured budget
golden_lm2_integrationtest::golden_algorithms::golden_algorithms_a_star_cave_a_15x16: 36463447 38286620
golden_lm2_integrationtest::golden_algorithms::golden_algorithms_a_star_cave_a_7x7: 9503151 9978309
golden_lm2_integrationtest::golden_algorithms::golden_algorithms_a_star_cave_b_15x16: 34032674 35734308
golden_lm2_integrationtest::golden_algorithms::golden_algorithms_a_star_cave_b_7x7: 4572535 4801162
golden_lm2_integrationtest::golden_algorithms::golden_algorithms_a_star_empty_15x16: 64118157 67324065
golden_lm2_integrationtest::golden_algorithms::golden_algorithms_a_star_empty_7x7: 11529228 12105690
golden_lm2_integrationtest::golden_algorithms::golden_algorithms_field_cave_a_15x16: 60784098 63823303
golden_lm2_integrationtest::golden_algorithms::golden_algorithms_field_cave_a_7x7: 42999852 45149845
golden_lm2_integrationtest::golden_algorithms::golden_algorithms_field_cave_b_15x16: 63362872 66531016
golden_lm2_integrationtest::golden_algorithms::golden_algorithms_field_cave_b_7x7: 43864967 46058216
golden_lm2_integrationtest::golden_algorithms::golden_algorithms_field_empty_15x16: 64619362 67850331
golden_lm2_integrationtest::golden_algorithms::golden_algorithms_field_empty_7x7: 46431530 48753107
golden_lm2_integrationtest::golden_convert::golden_convert_bounds_as_u64: 11102600 11657730
golden_lm2_integrationtest::golden_convert::golden_convert_bounds_from_array: 12081920 12686016
golden_lm2_integrationtest::golden_convert::golden_convert_bounds_from_tuple: 12081920 12686016
golden_lm2_integrationtest::golden_convert::golden_convert_unary_as_u64: 3675320 3859086
golden_lm2_integrationtest::golden_convert::golden_convert_unary_from_array: 3474350 3648068
golden_lm2_integrationtest::golden_convert::golden_convert_unary_from_tuple: 3474350 3648068
golden_lm2_integrationtest::golden_convert::golden_convert_values_from_u64: 40736840 42773682
golden_lm2_integrationtest::golden_euclidean::golden_euclidean_bounds_squared_euclidean_distance_to: 11411300 11981865
golden_lm2_integrationtest::golden_euclidean::golden_euclidean_bounds_squared_euclidean_distance_to_panics_0: 7610 7991
golden_lm2_integrationtest::golden_euclidean::golden_euclidean_bounds_squared_euclidean_distance_to_panics_1: 7610 7991
golden_lm2_integrationtest::golden_euclidean::golden_euclidean_bounds_squared_euclidean_distance_to_panics_2: 7610 7991
golden_lm2_integrationtest::golden_euclidean::golden_euclidean_bounds_squared_euclidean_distance_to_panics_3: 7610 7991
golden_lm2_integrationtest::golden_euclidean::golden_euclidean_bounds_squared_euclidean_length: 145820 153111
golden_lm2_integrationtest::golden_euclidean::golden_euclidean_bounds_squared_euclidean_length_panics_0: 7610 7991
golden_lm2_integrationtest::golden_euclidean::golden_euclidean_bounds_squared_euclidean_length_panics_1: 7610 7991
golden_lm2_integrationtest::golden_euclidean::golden_euclidean_bounds_squared_euclidean_length_panics_2: 7610 7991
golden_lm2_integrationtest::golden_euclidean::golden_euclidean_bounds_squared_euclidean_length_panics_3: 7610 7991
golden_lm2_integrationtest::golden_euclidean::golden_euclidean_pairs_0_squared_euclidean_distance_to: 67530170 70906679
golden_lm2_integrationtest::golden_euclidean::golden_euclidean_pairs_10_squared_euclidean_distance_to: 67530170 70906679
golden_lm2_integrationtest::golden_euclidean::golden_euclidean_pairs_11_squared_euclidean_distance_to: 67530170 70906679
golden_lm2_integrationtest::golden_euclidean::golden_euclidean_pairs_12_squared_euclidean_distance_to: 67530170 70906679
golden_lm2_integrationtest::golden_euclidean::golden_euclidean_pairs_13_squared_euclidean_distance_to: 67530170 70906679
golden_lm2_integrationtest::golden_euclidean::golden_euclidean_pairs_14_squared_euclidean_distance_to: 67530170 70906679
golden_lm2_integrationtest::golden_euclidean::golden_euclidean_pairs_15_squared_euclidean_distance_to: 67530170 70906679
golden_lm2_integrationtest::golden_euclidean::golden_euclidean_pairs_1_squared_euclidean_distance_to: 67530170 70906679
golden_lm2_integrationtest::golden_euclidean::golden_euclidean_pairs_2_squared_euclidean_distance_to: 67530170 70906679
golden_lm2_integrationtest::golden_euclidean::golden_euclidean_pairs_3_squared_euclidean_distance_to: 67530170 70906679
golden_lm2_integrationtest::golden_euclidean::golden_euclidean_pairs_4_squared_euclidean_distance_to: 67530170 70906679
golden_lm2_integrationtest::golden_euclidean::golden_euclidean_pairs_5_squared_euclidean_distance_to: 67530170 70906679
golden_lm2_integrationtest::golden_euclidean::golden_euclidean_pairs_6_squared_euclidean_distance_to: 67530170 70906679
golden_lm2_integrationtest::golden_euclidean::golden_euclidean_pairs_7_squared_euclidean_distance_to: 67530170 70906679
golden_lm2_integrationtest::golden_euclidean::golden_euclidean_pairs_8_squared_euclidean_distance_to: 67530170 70906679
golden_lm2_integrationtest::golden_euclidean::golden_euclidean_pairs_9_squared_euclidean_distance_to: 67530170 70906679
golden_lm2_integrationtest::golden_euclidean::golden_euclidean_partial_sum_panics: 7610 7991
golden_lm2_integrationtest::golden_euclidean::golden_euclidean_unary_squared_euclidean_length: 2875850 3019643
golden_lm2_integrationtest::golden_swizzle::golden_swizzle_bounds_xx: 12093920 12698616
golden_lm2_integrationtest::golden_swizzle::golden_swizzle_bounds_xz: 5731370 6017939
golden_lm2_integrationtest::golden_swizzle::golden_swizzle_bounds_xz_panics_0: 7610 7991
golden_lm2_integrationtest::golden_swizzle::golden_swizzle_bounds_xz_panics_1: 7610 7991
golden_lm2_integrationtest::golden_swizzle::golden_swizzle_bounds_yx: 12081920 12686016
golden_lm2_integrationtest::golden_swizzle::golden_swizzle_bounds_yy: 12093920 12698616
golden_lm2_integrationtest::golden_swizzle::golden_swizzle_bounds_yz: 5731370 6017939
golden_lm2_integrationtest::golden_swizzle::golden_swizzle_bounds_yz_panics_0: 7610 7991
golden_lm2_integrationtest::golden_swizzle::golden_swizzle_bounds_yz_panics_1: 7610 7991
golden_lm2_integrationtest::golden_swizzle::golden_swizzle_bounds_zx: 5731370 6017939
golden_lm2_integrationtest::golden_swizzle::golden_swizzle_bounds_zx_panics_0: 7610 7991
golden_lm2_integrationtest::golden_swizzle::golden_swizzle_bounds_zx_panics_1: 7610 7991
golden_lm2_integrationtest::golden_swizzle::golden_swizzle_bounds_zy: 5731370 6017939
golden_lm2_integrationtest::golden_swizzle::golden_swizzle_bounds_zy_panics_0: 7610 7991
golden_lm2_integrationtest::golden_swizzle::golden_swizzle_bounds_zy_panics_1: 7610 7991
golden_lm2_integrationtest::golden_swizzle::golden_swizzle_bounds_zz: 5731370 6017939
golden_lm2_integrationtest::golden_swizzle::golden_swizzle_bounds_zz_panics_0: 7610 7991
golden_lm2_integrationtest::golden_swizzle::golden_swizzle_bounds_zz_panics_1: 7610 7991
golden_lm2_integrationtest::golden_swizzle::golden_swizzle_unary_xx: 3455450 3628223
golden_lm2_integrationtest::golden_swizzle::golden_swizzle_unary_xz: 3527270 3703634
golden_lm2_integrationtest::golden_swizzle::golden_swizzle_unary_yx: 3449150 3621608
golden_lm2_integrationtest::golden_swizzle::golden_swizzle_unary_yy: 3455450 3628223
golden_lm2_integrationtest::golden_swizzle::golden_swizzle_unary_yz: 3527270 3703634
golden_lm2_integrationtest::golden_swizzle::golden_swizzle_unary_zx: 3527270 3703634
golden_lm2_integrationtest::golden_swizzle::golden_swizzle_unary_zy: 3527270 3703634
golden_lm2_integrationtest::golden_swizzle::golden_swizzle_unary_zz: 3527270 3703634
