# gas: measured budget
golden_hex_integrationtest::golden_hex::golden_hex_bounds_abs: 8535770 8962559
golden_hex_integrationtest::golden_hex::golden_hex_bounds_abs_panics_0: 7610 7991
golden_hex_integrationtest::golden_hex::golden_hex_bounds_abs_panics_1: 7610 7991
golden_hex_integrationtest::golden_hex::golden_hex_bounds_abs_panics_2: 7610 7991
golden_hex_integrationtest::golden_hex::golden_hex_bounds_abs_panics_3: 7610 7991
golden_hex_integrationtest::golden_hex::golden_hex_bounds_all_neighbors: 19329520 20295996
golden_hex_integrationtest::golden_hex::golden_hex_bounds_all_neighbors_panics_0: 7610 7991
golden_hex_integrationtest::golden_hex::golden_hex_bounds_all_neighbors_panics_1: 7610 7991
golden_hex_integrationtest::golden_hex::golden_hex_bounds_all_neighbors_panics_2: 7610 7991
golden_hex_integrationtest::golden_hex::golden_hex_bounds_all_neighbors_panics_3: 7610 7991
golden_hex_integrationtest::golden_hex::golden_hex_bounds_const_neg: 8365310 8783576
golden_hex_integrationtest::golden_hex::golden_hex_bounds_const_neg_panics_0: 7610 7991
golden_hex_integrationtest::golden_hex::golden_hex_bounds_const_neg_panics_1: 7610 7991
golden_hex_integrationtest::golden_hex::golden_hex_bounds_const_neg_panics_2: 7610 7991
golden_hex_integrationtest::golden_hex::golden_hex_bounds_const_neg_panics_3: 7610 7991
golden_hex_integrationtest::golden_hex::golden_hex_bounds_const_sub: 22479180 23603139
golden_hex_integrationtest::golden_hex::golden_hex_bounds_direction_add_dir: 414296840 435011682
golden_hex_integrationtest::golden_hex::golden_hex_bounds_direction_add_dir_panics_0: 11420 11991
golden_hex_integrationtest::golden_hex::golden_hex_bounds_direction_add_dir_panics_1: 12460 13083
golden_hex_integrationtest::golden_hex::golden_hex_bounds_direction_add_dir_panics_2: 12460 13083
golden_hex_integrationtest::golden_hex::golden_hex_bounds_direction_add_dir_panics_3: 11420 11991
golden_hex_integrationtest::golden_hex::golden_hex_bounds_direction_neighbor: 414296840 435011682
golden_hex_integrationtest::golden_hex::golden_hex_bounds_direction_neighbor_panics_0: 11420 11991
golden_hex_integrationtest::golden_hex::golden_hex_bounds_direction_neighbor_panics_1: 12460 13083
golden_hex_integrationtest::golden_hex::golden_hex_bounds_direction_neighbor_panics_2: 12460 13083
golden_hex_integrationtest::golden_hex::golden_hex_bounds_direction_neighbor_panics_3: 11420 11991
golden_hex_integrationtest::golden_hex::golden_hex_bounds_distance_to: 9707360 10192728
golden_hex_integrationtest::golden_hex::golden_hex_bounds_length: 4019340 4220307
golden_hex_integrationtest::golden_hex::golden_hex_bounds_new_cubic: 1683440 1767612
golden_hex_integrationtest::golden_hex::golden_hex_bounds_pairs_const_add: 29906670 31402004
golden_hex_integrationtest::golden_hex::golden_hex_bounds_pairs_const_add_panics_0: 7610 7991
golden_hex_integrationtest::golden_hex::golden_hex_bounds_pairs_const_add_panics_1: 7610 7991
golden_hex_integrationtest::golden_hex::golden_hex_bounds_pairs_const_add_panics_2: 7610 7991
golden_hex_integrationtest::golden_hex::golden_hex_bounds_pairs_const_add_panics_3: 7610 7991
golden_hex_integrationtest::golden_hex::golden_hex_bounds_pairs_dot: 17266960 18130308
golden_hex_integrationtest::golden_hex::golden_hex_bounds_pairs_dot_panics_0: 7610 7991
golden_hex_integrationtest::golden_hex::golden_hex_bounds_pairs_dot_panics_1: 7610 7991
golden_hex_integrationtest::golden_hex::golden_hex_bounds_pairs_dot_panics_2: 7610 7991
golden_hex_integrationtest::golden_hex::golden_hex_bounds_pairs_dot_panics_3: 7610 7991
golden_hex_integrationtest::golden_hex::golden_hex_bounds_pairs_max: 61824330 64915547
golden_hex_integrationtest::golden_hex::golden_hex_bounds_pairs_min: 61824330 64915547
golden_hex_integrationtest::golden_hex::golden_hex_bounds_scalar_mul_scalar: 6445150 6767408
golden_hex_integrationtest::golden_hex::golden_hex_bounds_scalar_mul_scalar_panics_0: 7610 7991
golden_hex_integrationtest::golden_hex::golden_hex_bounds_scalar_mul_scalar_panics_1: 7610 7991
golden_hex_integrationtest::golden_hex::golden_hex_bounds_scalar_mul_scalar_panics_2: 7610 7991
golden_hex_integrationtest::golden_hex::golden_hex_bounds_scalar_mul_scalar_panics_3: 7610 7991
golden_hex_integrationtest::golden_hex::golden_hex_bounds_signum: 12426020 13047321
golden_hex_integrationtest::golden_hex::golden_hex_bounds_splat: 12189920 12799416
golden_hex_integrationtest::golden_hex::golden_hex_bounds_to_array: 12081920 12686016
golden_hex_integrationtest::golden_hex::golden_hex_bounds_to_cubic_array: 7100270 7455284
golden_hex_integrationtest::golden_hex::golden_hex_bounds_to_cubic_array_panics_0: 7610 7991
golden_hex_integrationtest::golden_hex::golden_hex_bounds_to_cubic_array_panics_1: 7610 7991
golden_hex_integrationtest::golden_hex::golden_hex_bounds_to_cubic_array_panics_2: 7610 7991
golden_hex_integrationtest::golden_hex::golden_hex_bounds_to_cubic_array_panics_3: 7610 7991
golden_hex_integrationtest::golden_hex::golden_hex_bounds_ulength: 5059070 5312024
golden_hex_integrationtest::golden_hex::golden_hex_bounds_unsigned_distance_to: 11396690 11966525
golden_hex_integrationtest::golden_hex::golden_hex_bounds_z: 4354370 4572089
golden_hex_integrationtest::golden_hex::golden_hex_const_sub_panics_0: 7610 7991
golden_hex_integrationtest::golden_hex::golden_hex_const_sub_panics_1: 7610 7991
golden_hex_integrationtest::golden_hex::golden_hex_const_sub_panics_2: 7610 7991
golden_hex_integrationtest::golden_hex::golden_hex_const_sub_panics_3: 7610 7991
golden_hex_integrationtest::golden_hex::golden_hex_constants: 17160 18018
golden_hex_integrationtest::golden_hex::golden_hex_constants_l_m2: 55850 58643
golden_hex_integrationtest::golden_hex::golden_hex_direction_add_dir: 150276360 157790178
golden_hex_integrationtest::golden_hex::golden_hex_direction_neighbor: 150276360 157790178
golden_hex_integrationtest::golden_hex::golden_hex_distance_to_panics_0: 7610 7991
golden_hex_integrationtest::golden_hex::golden_hex_distance_to_panics_1: 7610 7991
golden_hex_integrationtest::golden_hex::golden_hex_distance_to_panics_2: 7610 7991
golden_hex_integrationtest::golden_hex::golden_hex_distance_to_panics_3: 7610 7991
golden_hex_integrationtest::golden_hex::golden_hex_length_panics_0: 7610 7991
golden_hex_integrationtest::golden_hex::golden_hex_length_panics_1: 7610 7991
golden_hex_integrationtest::golden_hex::golden_hex_length_panics_2: 7610 7991
golden_hex_integrationtest::golden_hex::golden_hex_length_panics_3: 7610 7991
golden_hex_integrationtest::golden_hex::golden_hex_new_cubic: 2773790 2912480
golden_hex_integrationtest::golden_hex::golden_hex_new_cubic_panics_0: 7610 7991
golden_hex_integrationtest::golden_hex::golden_hex_new_cubic_panics_1: 7610 7991
golden_hex_integrationtest::golden_hex::golden_hex_new_cubic_panics_2: 7610 7991
golden_hex_integrationtest::golden_hex::golden_hex_new_cubic_panics_3: 7610 7991
golden_hex_integrationtest::golden_hex::golden_hex_pairs_0: 432273840 453887532
golden_hex_integrationtest::golden_hex::golden_hex_pairs_0_const_add: 79795670 83785454
golden_hex_integrationtest::golden_hex::golden_hex_pairs_0_dot: 66775370 70114139
golden_hex_integrationtest::golden_hex::golden_hex_pairs_0_max: 79864600 83857830
golden_hex_integrationtest::golden_hex::golden_hex_pairs_0_min: 79864600 83857830
golden_hex_integrationtest::golden_hex::golden_hex_pairs_1: 432273840 453887532
golden_hex_integrationtest::golden_hex::golden_hex_pairs_10_const_add: 79795670 83785454
golden_hex_integrationtest::golden_hex::golden_hex_pairs_10_dot: 66775370 70114139
golden_hex_integrationtest::golden_hex::golden_hex_pairs_10_max: 79865760 83859048
golden_hex_integrationtest::golden_hex::golden_hex_pairs_10_min: 79865760 83859048
golden_hex_integrationtest::golden_hex::golden_hex_pairs_11_const_add: 79795670 83785454
golden_hex_integrationtest::golden_hex::golden_hex_pairs_11_dot: 66775370 70114139
golden_hex_integrationtest::golden_hex::golden_hex_pairs_11_max: 79863960 83857158
golden_hex_integrationtest::golden_hex::golden_hex_pairs_11_min: 79863960 83857158
golden_hex_integrationtest::golden_hex::golden_hex_pairs_12_const_add: 79795670 83785454
golden_hex_integrationtest::golden_hex::golden_hex_pairs_12_dot: 66775370 70114139
golden_hex_integrationtest::golden_hex::golden_hex_pairs_12_max: 79864900 83858145
golden_hex_integrationtest::golden_hex::golden_hex_pairs_12_min: 79864900 83858145
golden_hex_integrationtest::golden_hex::golden_hex_pairs_13_const_add: 79795670 83785454
golden_hex_integrationtest::golden_hex::golden_hex_pairs_13_dot: 66775370 70114139
golden_hex_integrationtest::golden_hex::golden_hex_pairs_13_max: 79864660 83857893
golden_hex_integrationtest::golden_hex::golden_hex_pairs_13_min: 79864660 83857893
golden_hex_integrationtest::golden_hex::golden_hex_pairs_14_const_add: 79795670 83785454
golden_hex_integrationtest::golden_hex::golden_hex_pairs_14_dot: 66775370 70114139
golden_hex_integrationtest::golden_hex::golden_hex_pairs_14_max: 79864290 83857505
golden_hex_integrationtest::golden_hex::golden_hex_pairs_14_min: 79864290 83857505
golden_hex_integrationtest::golden_hex::golden_hex_pairs_15_const_add: 79795670 83785454
golden_hex_integrationtest::golden_hex::golden_hex_pairs_15_dot: 66775370 70114139
golden_hex_integrationtest::golden_hex::golden_hex_pairs_15_max: 79864380 83857599
golden_hex_integrationtest::golden_hex::golden_hex_pairs_15_min: 79864380 83857599
golden_hex_integrationtest::golden_hex::golden_hex_pairs_1_const_add: 79795670 83785454
golden_hex_integrationtest::golden_hex::golden_hex_pairs_1_dot: 66775370 70114139
golden_hex_integrationtest::golden_hex::golden_hex_pairs_1_max: 79864760 83857998
golden_hex_integrationtest::golden_hex::golden_hex_pairs_1_min: 79864760 83857998
golden_hex_integrationtest::golden_hex::golden_hex_pairs_2: 432273840 453887532
golden_hex_integrationtest::golden_hex::golden_hex_pairs_2_const_add: 79795670 83785454
golden_hex_integrationtest::golden_hex::golden_hex_pairs_2_dot: 66775370 70114139
golden_hex_integrationtest::golden_hex::golden_hex_pairs_2_max: 79863430 83856602
golden_hex_integrationtest::golden_hex::golden_hex_pairs_2_min: 79863430 83856602
golden_hex_integrationtest::golden_hex::golden_hex_pairs_3: 432273840 453887532
golden_hex_integrationtest::golden_hex::golden_hex_pairs_3_const_add: 79795670 83785454
golden_hex_integrationtest::golden_hex::golden_hex_pairs_3_dot: 66775370 70114139
golden_hex_integrationtest::golden_hex::golden_hex_pairs_3_max: 79864210 83857421
golden_hex_integrationtest::golden_hex::golden_hex_pairs_3_min: 79864210 83857421
golden_hex_integrationtest::golden_hex::golden_hex_pairs_4: 432273840 453887532
golden_hex_integrationtest::golden_hex::golden_hex_pairs_4_const_add: 79795670 83785454
golden_hex_integrationtest::golden_hex::golden_hex_pairs_4_dot: 66775370 70114139
golden_hex_integrationtest::golden_hex::golden_hex_pairs_4_max: 79864830 83858072
golden_hex_integrationtest::golden_hex::golden_hex_pairs_4_min: 79864830 83858072
golden_hex_integrationtest::golden_hex::golden_hex_pairs_5: 432273840 453887532
golden_hex_integrationtest::golden_hex::golden_hex_pairs_5_const_add: 79795670 83785454
golden_hex_integrationtest::golden_hex::golden_hex_pairs_5_dot: 66775370 70114139
golden_hex_integrationtest::golden_hex::golden_hex_pairs_5_max: 79864070 83857274
golden_hex_integrationtest::golden_hex::golden_hex_pairs_5_min: 79864070 83857274
golden_hex_integrationtest::golden_hex::golden_hex_pairs_6: 432273840 453887532
golden_hex_integrationtest::golden_hex::golden_hex_pairs_6_const_add: 79795670 83785454
golden_hex_integrationtest::golden_hex::golden_hex_pairs_6_dot: 66775370 70114139
golden_hex_integrationtest::golden_hex::golden_hex_pairs_6_max: 79864420 83857641
golden_hex_integrationtest::golden_hex::golden_hex_pairs_6_min: 79864420 83857641
golden_hex_integrationtest::golden_hex::golden_hex_pairs_7: 432273840 453887532
golden_hex_integrationtest::golden_hex::golden_hex_pairs_7_const_add: 79795670 83785454
golden_hex_integrationtest::golden_hex::golden_hex_pairs_7_dot: 66775370 70114139
golden_hex_integrationtest::golden_hex::golden_hex_pairs_7_max: 79864900 83858145
golden_hex_integrationtest::golden_hex::golden_hex_pairs_7_min: 79864900 83858145
golden_hex_integrationtest::golden_hex::golden_hex_pairs_8_const_add: 79795670 83785454
golden_hex_integrationtest::golden_hex::golden_hex_pairs_8_dot: 66775370 70114139
golden_hex_integrationtest::golden_hex::golden_hex_pairs_8_max: 79865620 83858901
golden_hex_integrationtest::golden_hex::golden_hex_pairs_8_min: 79865620 83858901
golden_hex_integrationtest::golden_hex::golden_hex_pairs_9_const_add: 79795670 83785454
golden_hex_integrationtest::golden_hex::golden_hex_pairs_9_dot: 66775370 70114139
golden_hex_integrationtest::golden_hex::golden_hex_pairs_9_max: 79864490 83857715
golden_hex_integrationtest::golden_hex::golden_hex_pairs_9_min: 79864490 83857715
golden_hex_integrationtest::golden_hex::golden_hex_range_count: 2104220 2209431
golden_hex_integrationtest::golden_hex::golden_hex_range_count_panics_0: 7610 7991
golden_hex_integrationtest::golden_hex::golden_hex_range_count_panics_1: 7610 7991
golden_hex_integrationtest::golden_hex::golden_hex_ring_count: 2060000 2163000
golden_hex_integrationtest::golden_hex::golden_hex_ring_count_panics_0: 7610 7991
golden_hex_integrationtest::golden_hex::golden_hex_ring_count_panics_1: 7610 7991
golden_hex_integrationtest::golden_hex::golden_hex_scalar_mul_scalar: 264497210 277722071
golden_hex_integrationtest::golden_hex::golden_hex_ulength_panics_0: 7610 7991
golden_hex_integrationtest::golden_hex::golden_hex_ulength_panics_1: 7610 7991
golden_hex_integrationtest::golden_hex::golden_hex_ulength_panics_2: 7610 7991
golden_hex_integrationtest::golden_hex::golden_hex_ulength_panics_3: 7610 7991
golden_hex_integrationtest::golden_hex::golden_hex_unary: 5535080 5811834
golden_hex_integrationtest::golden_hex::golden_hex_unary_abs: 3622310 3803426
golden_hex_integrationtest::golden_hex::golden_hex_unary_all_neighbors: 12225050 12836303
golden_hex_integrationtest::golden_hex::golden_hex_unary_const_neg: 3512150 3687758
golden_hex_integrationtest::golden_hex::golden_hex_unary_signum: 3654850 3837593
golden_hex_integrationtest::golden_hex::golden_hex_unary_splat: 3531050 3707603
golden_hex_integrationtest::golden_hex::golden_hex_unary_to_array: 3474350 3648068
golden_hex_integrationtest::golden_hex::golden_hex_unary_to_cubic_array: 4390370 4609889
golden_hex_integrationtest::golden_hex::golden_hex_unsigned_distance_to_panics_0: 7610 7991
golden_hex_integrationtest::golden_hex::golden_hex_unsigned_distance_to_panics_1: 7610 7991
golden_hex_integrationtest::golden_hex::golden_hex_unsigned_distance_to_panics_2: 7610 7991
golden_hex_integrationtest::golden_hex::golden_hex_unsigned_distance_to_panics_3: 7610 7991
golden_hex_integrationtest::golden_hex::golden_hex_wedge_count: 2151080 2258634
golden_hex_integrationtest::golden_hex::golden_hex_wedge_count_panics_0: 7610 7991
golden_hex_integrationtest::golden_hex::golden_hex_wedge_count_panics_1: 7610 7991
golden_hex_integrationtest::golden_hex::golden_hex_z_panics_0: 7610 7991
golden_hex_integrationtest::golden_hex::golden_hex_z_panics_1: 7610 7991
golden_hex_integrationtest::golden_hex::golden_hex_z_panics_2: 7610 7991
golden_hex_integrationtest::golden_hex::golden_hex_z_panics_3: 7610 7991
