# gas: measured budget
golden_bounds_integrationtest::golden_bounds::golden_bounds_all_coords_r0: 173320 181986
golden_bounds_integrationtest::golden_bounds::golden_bounds_all_coords_r1: 903020 948171
golden_bounds_integrationtest::golden_bounds::golden_bounds_all_coords_r2: 2937560 3084438
golden_bounds_integrationtest::golden_bounds::golden_bounds_all_coords_r3: 7658300 8041215
golden_bounds_integrationtest::golden_bounds::golden_bounds_all_coords_r4: 17138840 17995782
golden_bounds_integrationtest::golden_bounds::golden_bounds_all_coords_r5: 34143980 35851179
golden_bounds_integrationtest::golden_bounds::golden_bounds_all_coords_r6: 61970120 65068626
golden_bounds_integrationtest::golden_bounds::golden_bounds_constructors: 2093770 2198459
golden_bounds_integrationtest::golden_bounds::golden_bounds_corners_r0: 445120 467376
golden_bounds_integrationtest::golden_bounds::golden_bounds_corners_r1: 699160 734118
golden_bounds_integrationtest::golden_bounds::golden_bounds_corners_r2: 699160 734118
golden_bounds_integrationtest::golden_bounds::golden_bounds_corners_r3: 699160 734118
golden_bounds_integrationtest::golden_bounds::golden_bounds_corners_r4: 699160 734118
golden_bounds_integrationtest::golden_bounds::golden_bounds_corners_r5: 699160 734118
golden_bounds_integrationtest::golden_bounds::golden_bounds_corners_r6: 699160 734118
golden_bounds_integrationtest::golden_bounds::golden_bounds_from_min_max: 107047520 112399896
golden_bounds_integrationtest::golden_bounds::golden_bounds_from_span: 12186750 12796088
golden_bounds_integrationtest::golden_bounds::golden_bounds_hex_count: 144620 151851
golden_bounds_integrationtest::golden_bounds::golden_bounds_hex_count_overflow: 7610 7991
golden_bounds_integrationtest::golden_bounds::golden_bounds_intersecting_with: 72251890 75864485
golden_bounds_integrationtest::golden_bounds::golden_bounds_is_in_bounds_r0: 11984370 12583589
golden_bounds_integrationtest::golden_bounds::golden_bounds_is_in_bounds_r1: 12141710 12748796
golden_bounds_integrationtest::golden_bounds::golden_bounds_is_in_bounds_r2: 12140190 12747200
golden_bounds_integrationtest::golden_bounds::golden_bounds_is_in_bounds_r3: 12135630 12742412
golden_bounds_integrationtest::golden_bounds::golden_bounds_is_in_bounds_r4: 12121950 12728048
golden_bounds_integrationtest::golden_bounds::golden_bounds_is_in_bounds_r5: 12108270 12713684
golden_bounds_integrationtest::golden_bounds::golden_bounds_is_in_bounds_r6: 12099150 12704108
golden_bounds_integrationtest::golden_bounds::golden_bounds_positive_radius: 120520 126546
golden_bounds_integrationtest::golden_bounds::golden_bounds_positive_radius_above_i32: 7610 7991
golden_bounds_integrationtest::golden_bounds::golden_bounds_wrap_local_r0: 33768930 35457377
golden_bounds_integrationtest::golden_bounds::golden_bounds_wrap_local_r1: 34052010 35754611
golden_bounds_integrationtest::golden_bounds::golden_bounds_wrap_local_r2: 34220010 35931011
golden_bounds_integrationtest::golden_bounds::golden_bounds_wrap_local_r3: 34472010 36195611
golden_bounds_integrationtest::golden_bounds::golden_bounds_wrap_local_r4: 34794010 36533711
golden_bounds_integrationtest::golden_bounds::golden_bounds_wrap_local_r5: 35214010 36974711
golden_bounds_integrationtest::golden_bounds::golden_bounds_wrap_local_r6: 35704010 37489211
golden_bounds_integrationtest::golden_bounds::golden_bounds_wrap_r0: 34520170 36246179
golden_bounds_integrationtest::golden_bounds::golden_bounds_wrap_r1: 35391250 37160813
golden_bounds_integrationtest::golden_bounds::golden_bounds_wrap_r2: 36609250 38439713
golden_bounds_integrationtest::golden_bounds::golden_bounds_wrap_r3: 38013450 39914123
golden_bounds_integrationtest::golden_bounds::golden_bounds_wrap_r4: 39200650 41160683
golden_bounds_integrationtest::golden_bounds::golden_bounds_wrap_r5: 39512850 41488493
golden_bounds_integrationtest::golden_bounds::golden_bounds_wrap_r6: 40021050 42022103
golden_bounds_integrationtest::golden_iter::golden_iter_spans: 19860080 20853084
