# gas: measured budget
golden_grid_integrationtest::golden_grid::golden_grid_edge_all_edges: 397950 417848
golden_grid_integrationtest::golden_grid::golden_grid_edge_equivalent_0_0: 6355680 6673464
golden_grid_integrationtest::golden_grid::golden_grid_edge_equivalent_0_1: 6357180 6675039
golden_grid_integrationtest::golden_grid::golden_grid_edge_equivalent_0_10: 6356250 6674063
golden_grid_integrationtest::golden_grid::golden_grid_edge_equivalent_0_11: 6357180 6675039
golden_grid_integrationtest::golden_grid::golden_grid_edge_equivalent_0_12: 6355860 6673653
golden_grid_integrationtest::golden_grid::golden_grid_edge_equivalent_0_13: 6351160 6668718
golden_grid_integrationtest::golden_grid::golden_grid_edge_equivalent_0_14: 6350590 6668120
golden_grid_integrationtest::golden_grid::golden_grid_edge_equivalent_0_15: 6356820 6674661
golden_grid_integrationtest::golden_grid::golden_grid_edge_equivalent_0_16: 6356040 6673842
golden_grid_integrationtest::golden_grid::golden_grid_edge_equivalent_0_17: 6357000 6674850
golden_grid_integrationtest::golden_grid::golden_grid_edge_equivalent_0_18: 6350590 6668120
golden_grid_integrationtest::golden_grid::golden_grid_edge_equivalent_0_19: 6357000 6674850
golden_grid_integrationtest::golden_grid::golden_grid_edge_equivalent_0_2: 6356430 6674252
golden_grid_integrationtest::golden_grid::golden_grid_edge_equivalent_0_20: 6355860 6673653
golden_grid_integrationtest::golden_grid::golden_grid_edge_equivalent_0_21: 6357000 6674850
golden_grid_integrationtest::golden_grid::golden_grid_edge_equivalent_0_22: 6350590 6668120
golden_grid_integrationtest::golden_grid::golden_grid_edge_equivalent_0_23: 6357180 6675039
golden_grid_integrationtest::golden_grid::golden_grid_edge_equivalent_0_24: 6356040 6673842
golden_grid_integrationtest::golden_grid::golden_grid_edge_equivalent_0_25: 6357000 6674850
golden_grid_integrationtest::golden_grid::golden_grid_edge_equivalent_0_26: 6356610 6674441
golden_grid_integrationtest::golden_grid::golden_grid_edge_equivalent_0_27: 6357180 6675039
golden_grid_integrationtest::golden_grid::golden_grid_edge_equivalent_0_3: 6357000 6674850
golden_grid_integrationtest::golden_grid::golden_grid_edge_equivalent_0_4: 6356040 6673842
golden_grid_integrationtest::golden_grid::golden_grid_edge_equivalent_0_5: 6357180 6675039
golden_grid_integrationtest::golden_grid::golden_grid_edge_equivalent_0_6: 6356430 6674252
golden_grid_integrationtest::golden_grid::golden_grid_edge_equivalent_0_7: 6357180 6675039
golden_grid_integrationtest::golden_grid::golden_grid_edge_equivalent_0_8: 6356040 6673842
golden_grid_integrationtest::golden_grid::golden_grid_edge_equivalent_0_9: 6351160 6668718
golden_grid_integrationtest::golden_grid::golden_grid_edge_from_direction: 57220 60081
golden_grid_integrationtest::golden_grid::golden_grid_edge_rotations_0: 9378640 9847572
golden_grid_integrationtest::golden_grid::golden_grid_edge_rotations_1: 9378640 9847572
golden_grid_integrationtest::golden_grid::golden_grid_edge_rotations_2: 9378640 9847572
golden_grid_integrationtest::golden_grid::golden_grid_edge_rotations_3: 9378640 9847572
golden_grid_integrationtest::golden_grid::golden_grid_edge_rotations_4: 9378640 9847572
golden_grid_integrationtest::golden_grid::golden_grid_edge_rotations_5: 9378640 9847572
golden_grid_integrationtest::golden_grid::golden_grid_edge_rotations_6: 9378640 9847572
golden_grid_integrationtest::golden_grid::golden_grid_edge_rotations_7: 9378640 9847572
golden_grid_integrationtest::golden_grid::golden_grid_edge_table: 7253040 7615692
golden_grid_integrationtest::golden_grid::golden_grid_vertex_all_vertices: 397950 417848
golden_grid_integrationtest::golden_grid::golden_grid_vertex_equivalent_0_0: 6817740 7158627
golden_grid_integrationtest::golden_grid::golden_grid_vertex_equivalent_0_1: 6819420 7160391
golden_grid_integrationtest::golden_grid::golden_grid_vertex_equivalent_0_10: 6818490 7159415
golden_grid_integrationtest::golden_grid::golden_grid_vertex_equivalent_0_11: 6819420 7160391
golden_grid_integrationtest::golden_grid::golden_grid_vertex_equivalent_0_12: 6817920 7158816
golden_grid_integrationtest::golden_grid::golden_grid_vertex_equivalent_0_13: 6813580 7154259
golden_grid_integrationtest::golden_grid::golden_grid_vertex_equivalent_0_14: 6813010 7153661
golden_grid_integrationtest::golden_grid::golden_grid_vertex_equivalent_0_15: 6819060 7160013
golden_grid_integrationtest::golden_grid::golden_grid_vertex_equivalent_0_16: 6818100 7159005
golden_grid_integrationtest::golden_grid::golden_grid_vertex_equivalent_0_17: 6819240 7160202
golden_grid_integrationtest::golden_grid::golden_grid_vertex_equivalent_0_18: 6813010 7153661
golden_grid_integrationtest::golden_grid::golden_grid_vertex_equivalent_0_19: 6819420 7160391
golden_grid_integrationtest::golden_grid::golden_grid_vertex_equivalent_0_2: 6818670 7159604
golden_grid_integrationtest::golden_grid::golden_grid_vertex_equivalent_0_20: 6818280 7159194
golden_grid_integrationtest::golden_grid::golden_grid_vertex_equivalent_0_21: 6819060 7160013
golden_grid_integrationtest::golden_grid::golden_grid_vertex_equivalent_0_22: 6819030 7159982
golden_grid_integrationtest::golden_grid::golden_grid_vertex_equivalent_0_23: 6819600 7160580
golden_grid_integrationtest::golden_grid::golden_grid_vertex_equivalent_0_24: 6818460 7159383
golden_grid_integrationtest::golden_grid::golden_grid_vertex_equivalent_0_25: 6819240 7160202
golden_grid_integrationtest::golden_grid::golden_grid_vertex_equivalent_0_26: 6818850 7159793
golden_grid_integrationtest::golden_grid::golden_grid_vertex_equivalent_0_27: 6819420 7160391
golden_grid_integrationtest::golden_grid::golden_grid_vertex_equivalent_0_3: 6819060 7160013
golden_grid_integrationtest::golden_grid::golden_grid_vertex_equivalent_0_4: 6818460 7159383
golden_grid_integrationtest::golden_grid::golden_grid_vertex_equivalent_0_5: 6819600 7160580
golden_grid_integrationtest::golden_grid::golden_grid_vertex_equivalent_0_6: 6818490 7159415
golden_grid_integrationtest::golden_grid::golden_grid_vertex_equivalent_0_7: 6819420 7160391
golden_grid_integrationtest::golden_grid::golden_grid_vertex_equivalent_0_8: 6818280 7159194
golden_grid_integrationtest::golden_grid::golden_grid_vertex_equivalent_0_9: 6813580 7154259
golden_grid_integrationtest::golden_grid::golden_grid_vertex_from_direction: 57220 60081
golden_grid_integrationtest::golden_grid::golden_grid_vertex_rotations_0: 9378640 9847572
golden_grid_integrationtest::golden_grid::golden_grid_vertex_rotations_1: 9378640 9847572
golden_grid_integrationtest::golden_grid::golden_grid_vertex_rotations_2: 9378640 9847572
golden_grid_integrationtest::golden_grid::golden_grid_vertex_rotations_3: 9378640 9847572
golden_grid_integrationtest::golden_grid::golden_grid_vertex_rotations_4: 9378640 9847572
golden_grid_integrationtest::golden_grid::golden_grid_vertex_rotations_5: 9378640 9847572
golden_grid_integrationtest::golden_grid::golden_grid_vertex_rotations_6: 9378640 9847572
golden_grid_integrationtest::golden_grid::golden_grid_vertex_rotations_7: 9378640 9847572
golden_grid_integrationtest::golden_grid::golden_grid_vertex_table: 7256680 7619514
