# gas: measured budget
golden_lm1_integrationtest::golden_conversions::golden_conversions_bounds_from_doubled: 32121170 33727229
golden_lm1_integrationtest::golden_conversions::golden_conversions_bounds_from_doubled_panics_0: 7610 7991
golden_lm1_integrationtest::golden_conversions::golden_conversions_bounds_from_doubled_panics_1: 7610 7991
golden_lm1_integrationtest::golden_conversions::golden_conversions_bounds_from_hexmod: 278080 291984
golden_lm1_integrationtest::golden_conversions::golden_conversions_bounds_from_hexmod_panics_0: 7610 7991
golden_lm1_integrationtest::golden_conversions::golden_conversions_bounds_from_hexmod_panics_1: 7610 7991
golden_lm1_integrationtest::golden_conversions::golden_conversions_bounds_to_doubled: 7617380 7998249
golden_lm1_integrationtest::golden_conversions::golden_conversions_bounds_to_doubled_panics_0: 7610 7991
golden_lm1_integrationtest::golden_conversions::golden_conversions_bounds_to_doubled_panics_1: 7610 7991
golden_lm1_integrationtest::golden_conversions::golden_conversions_bounds_to_hexmod: 3611690 3792275
golden_lm1_integrationtest::golden_conversions::golden_conversions_bounds_to_hexmod_panics_0: 7610 7991
golden_lm1_integrationtest::golden_conversions::golden_conversions_bounds_to_hexmod_panics_1: 7610 7991
golden_lm1_integrationtest::golden_conversions::golden_conversions_every_from_hexmod: 102332590 107449220
golden_lm1_integrationtest::golden_conversions::golden_conversions_seeded_from_doubled: 17217170 18078029
golden_lm1_integrationtest::golden_conversions::golden_conversions_seeded_to_doubled: 17238760 18100698
golden_lm1_integrationtest::golden_conversions::golden_conversions_seeded_to_hexmod: 124104550 130309778
golden_lm1_integrationtest::golden_conversions::golden_conversions_shift_from_hexmod: 97730 102617
golden_lm1_integrationtest::golden_conversions::golden_conversions_shift_from_hexmod_panics_0: 7610 7991
golden_lm1_integrationtest::golden_conversions::golden_conversions_shift_from_hexmod_panics_1: 7610 7991
golden_lm1_integrationtest::golden_conversions::golden_conversions_shift_from_hexmod_panics_2: 7610 7991
golden_lm1_integrationtest::golden_conversions::golden_conversions_shift_from_hexmod_panics_3: 7610 7991
golden_lm1_integrationtest::golden_conversions::golden_conversions_shift_from_hexmod_panics_4: 7610 7991
golden_lm1_integrationtest::golden_conversions::golden_conversions_shift_from_hexmod_panics_5: 7610 7991
golden_lm1_integrationtest::golden_conversions::golden_doubled_default: 6010 6311
golden_lm1_integrationtest::golden_conversions::golden_hexmod_round_trip: 13617090 14297945
golden_lm1_integrationtest::golden_conversions::golden_offset_bounds_from_even_flat: 9342130 9809237
golden_lm1_integrationtest::golden_conversions::golden_offset_bounds_from_even_pointy: 9342130 9809237
golden_lm1_integrationtest::golden_conversions::golden_offset_bounds_from_odd_flat: 9353240 9820902
golden_lm1_integrationtest::golden_conversions::golden_offset_bounds_from_odd_pointy: 9353240 9820902
golden_lm1_integrationtest::golden_conversions::golden_offset_bounds_to_even_flat: 9353240 9820902
golden_lm1_integrationtest::golden_conversions::golden_offset_bounds_to_even_pointy: 9353240 9820902
golden_lm1_integrationtest::golden_conversions::golden_offset_bounds_to_odd_flat: 9342130 9809237
golden_lm1_integrationtest::golden_conversions::golden_offset_bounds_to_odd_pointy: 9342130 9809237
golden_lm1_integrationtest::golden_conversions::golden_offset_even_flat: 8323020 8739171
golden_lm1_integrationtest::golden_conversions::golden_offset_even_pointy: 8323020 8739171
golden_lm1_integrationtest::golden_conversions::golden_offset_from_even_flat_panics_0: 7610 7991
golden_lm1_integrationtest::golden_conversions::golden_offset_from_even_flat_panics_1: 7610 7991
golden_lm1_integrationtest::golden_conversions::golden_offset_from_even_pointy_panics_0: 7610 7991
golden_lm1_integrationtest::golden_conversions::golden_offset_from_even_pointy_panics_1: 7610 7991
golden_lm1_integrationtest::golden_conversions::golden_offset_from_odd_flat_panics_0: 7610 7991
golden_lm1_integrationtest::golden_conversions::golden_offset_from_odd_flat_panics_1: 7610 7991
golden_lm1_integrationtest::golden_conversions::golden_offset_from_odd_pointy_panics_0: 7610 7991
golden_lm1_integrationtest::golden_conversions::golden_offset_from_odd_pointy_panics_1: 7610 7991
golden_lm1_integrationtest::golden_conversions::golden_offset_odd_flat: 8329950 8746448
golden_lm1_integrationtest::golden_conversions::golden_offset_odd_pointy: 8329950 8746448
golden_lm1_integrationtest::golden_conversions::golden_offset_to_even_flat_panics_0: 7610 7991
golden_lm1_integrationtest::golden_conversions::golden_offset_to_even_flat_panics_1: 7610 7991
golden_lm1_integrationtest::golden_conversions::golden_offset_to_even_pointy_panics_0: 7610 7991
golden_lm1_integrationtest::golden_conversions::golden_offset_to_even_pointy_panics_1: 7610 7991
golden_lm1_integrationtest::golden_conversions::golden_offset_to_odd_flat_panics_0: 7610 7991
golden_lm1_integrationtest::golden_conversions::golden_offset_to_odd_flat_panics_1: 7610 7991
golden_lm1_integrationtest::golden_conversions::golden_offset_to_odd_pointy_panics_0: 7610 7991
golden_lm1_integrationtest::golden_conversions::golden_offset_to_odd_pointy_panics_1: 7610 7991
golden_lm1_integrationtest::golden_direction::golden_direction_debug: 1629390 1710860
golden_lm1_integrationtest::golden_direction::golden_direction_neg: 41730 43817
golden_lm1_integrationtest::golden_direction::golden_edge_direction_all: 20810 21851
golden_lm1_integrationtest::golden_direction::golden_edge_direction_constants: 6010 6311
golden_lm1_integrationtest::golden_direction::golden_edge_direction_mul_scalar: 10467260 10990623
golden_lm1_integrationtest::golden_direction::golden_edge_direction_mul_scalar_revert_overflow_0: 11320 11886
golden_lm1_integrationtest::golden_direction::golden_edge_direction_mul_scalar_revert_overflow_1: 12260 12873
golden_lm1_integrationtest::golden_direction::golden_edge_direction_rotations_0: 41593300 43672965
golden_lm1_integrationtest::golden_direction::golden_edge_direction_rotations_1: 41616140 43696947
golden_lm1_integrationtest::golden_direction::golden_edge_direction_rotations_2: 41637390 43719260
golden_lm1_integrationtest::golden_direction::golden_edge_direction_rotations_3: 41658890 43741835
golden_lm1_integrationtest::golden_direction::golden_edge_direction_rotations_4: 41680140 43764147
golden_lm1_integrationtest::golden_direction::golden_edge_direction_rotations_5: 41701390 43786460
golden_lm1_integrationtest::golden_direction::golden_edge_direction_table: 103880 109074
golden_lm1_integrationtest::golden_direction::golden_edge_direction_vertices: 84490 88715
golden_lm1_integrationtest::golden_direction::golden_edge_direction_way_contains: 65100510 68355536
golden_lm1_integrationtest::golden_direction::golden_edge_direction_way_unwrap_map: 3973280 4171944
golden_lm1_integrationtest::golden_direction::golden_vertex_direction_all: 20810 21851
golden_lm1_integrationtest::golden_direction::golden_vertex_direction_constants: 6010 6311
golden_lm1_integrationtest::golden_direction::golden_vertex_direction_mul_scalar: 6974330 7323047
golden_lm1_integrationtest::golden_direction::golden_vertex_direction_mul_scalar_revert_overflow_0: 10750 11288
golden_lm1_integrationtest::golden_direction::golden_vertex_direction_mul_scalar_revert_overflow_1: 12260 12873
golden_lm1_integrationtest::golden_direction::golden_vertex_direction_rotations_0: 41593300 43672965
golden_lm1_integrationtest::golden_direction::golden_vertex_direction_rotations_1: 41616140 43696947
golden_lm1_integrationtest::golden_direction::golden_vertex_direction_rotations_2: 41637390 43719260
golden_lm1_integrationtest::golden_direction::golden_vertex_direction_rotations_3: 41658890 43741835
golden_lm1_integrationtest::golden_direction::golden_vertex_direction_rotations_4: 41680140 43764147
golden_lm1_integrationtest::golden_direction::golden_vertex_direction_rotations_5: 41701390 43786460
golden_lm1_integrationtest::golden_direction::golden_vertex_direction_table: 151910 159506
golden_lm1_integrationtest::golden_direction::golden_vertex_direction_way_contains: 65100510 68355536
golden_lm1_integrationtest::golden_direction::golden_vertex_direction_way_unwrap_map: 3973580 4172259
golden_lm1_integrationtest::golden_line::golden_line_adversarial: 32749980 34387479
golden_lm1_integrationtest::golden_line::golden_line_board_15x16_0: 600577276 630606140
golden_lm1_integrationtest::golden_line::golden_line_board_15x16_1: 503433254 528604917
golden_lm1_integrationtest::golden_line::golden_line_board_15x16_2: 485831094 510122649
golden_lm1_integrationtest::golden_line::golden_line_board_15x16_3: 445710306 467995822
golden_lm1_integrationtest::golden_line::golden_line_board_17x14_0: 654073374 686777043
golden_lm1_integrationtest::golden_line::golden_line_board_17x14_1: 581691312 610775878
golden_lm1_integrationtest::golden_line::golden_line_board_17x14_2: 595459084 625232039
golden_lm1_integrationtest::golden_line::golden_line_board_17x14_3: 473601158 497281216
golden_lm1_integrationtest::golden_line::golden_line_board_3x83_0: 630661022 662194074
golden_lm1_integrationtest::golden_line::golden_line_board_3x83_1: 441099026 463153978
golden_lm1_integrationtest::golden_line::golden_line_board_3x83_2: 467610476 490991000
golden_lm1_integrationtest::golden_line::golden_line_board_3x83_3: 432583064 454212218
golden_lm1_integrationtest::golden_line::golden_line_board_7x7_0: 258889924 271834421
golden_lm1_integrationtest::golden_line::golden_line_board_7x7_1: 249776070 262264874
golden_lm1_integrationtest::golden_line::golden_line_board_83x3_0: 467810016 491200517
golden_lm1_integrationtest::golden_line::golden_line_board_83x3_1: 387296826 406661668
golden_lm1_integrationtest::golden_line::golden_line_board_83x3_2: 376552802 395380443
golden_lm1_integrationtest::golden_line::golden_line_board_83x3_3: 460134804 483141545
golden_lm1_integrationtest::golden_line::golden_line_board_83x3_4: 343193936 360353633
golden_lm1_integrationtest::golden_line::golden_line_board_83x3_5: 233613838 245294530
golden_lm1_integrationtest::golden_line::golden_line_mirror_7x7: 169554260 178031973
golden_lm1_integrationtest::golden_line::golden_line_sample_0: 53615590 56296370
golden_lm1_integrationtest::golden_line::golden_line_sample_1: 54457300 57180165
golden_lm1_integrationtest::golden_line::golden_line_sample_2: 54434280 57155994
golden_lm1_integrationtest::golden_line::golden_line_sample_3: 55566700 58345035
golden_lm1_integrationtest::golden_line::golden_line_window_0: 594395230 624114992
golden_lm1_integrationtest::golden_line::golden_line_window_1: 550729640 578266122
golden_lm1_integrationtest::golden_line::golden_line_window_10: 548442560 575864688
golden_lm1_integrationtest::golden_line::golden_line_window_11: 592007260 621607623
golden_lm1_integrationtest::golden_line::golden_line_window_2: 535245240 562007502
golden_lm1_integrationtest::golden_line::golden_line_window_3: 513598830 539278772
golden_lm1_integrationtest::golden_line::golden_line_window_4: 488741690 513178775
golden_lm1_integrationtest::golden_line::golden_line_window_5: 493742870 518430014
golden_lm1_integrationtest::golden_line::golden_line_window_6: 492933140 517579797
golden_lm1_integrationtest::golden_line::golden_line_window_7: 487987310 512386676
golden_lm1_integrationtest::golden_line::golden_line_window_8: 512853180 538495839
golden_lm1_integrationtest::golden_line::golden_line_window_9: 532910370 559555889
