# gas: measured budget
golden_shapes_integrationtest::golden_shapes::golden_shapes_default: 299085170 314039429
golden_shapes_integrationtest::golden_shapes::golden_shapes_flat_rectangle_0: 7180360 7539378
golden_shapes_integrationtest::golden_shapes::golden_shapes_flat_rectangle_1: 8515570 8941349
golden_shapes_integrationtest::golden_shapes::golden_shapes_flat_rectangle_2: 1821810 1912901
golden_shapes_integrationtest::golden_shapes::golden_shapes_hexagon_0: 3160090 3318095
golden_shapes_integrationtest::golden_shapes::golden_shapes_hexagon_1: 16032310 16833926
golden_shapes_integrationtest::golden_shapes::golden_shapes_hexagon_10: 10376090 10894895
golden_shapes_integrationtest::golden_shapes::golden_shapes_hexagon_2: 14045950 14748248
golden_shapes_integrationtest::golden_shapes::golden_shapes_hexagon_3: 10741400 11278470
golden_shapes_integrationtest::golden_shapes::golden_shapes_hexagon_4: 4301430 4516502
golden_shapes_integrationtest::golden_shapes::golden_shapes_hexagon_5: 16239550 17051528
golden_shapes_integrationtest::golden_shapes::golden_shapes_hexagon_6: 14122150 14828258
golden_shapes_integrationtest::golden_shapes::golden_shapes_hexagon_7: 10788440 11327862
golden_shapes_integrationtest::golden_shapes::golden_shapes_hexagon_8: 4285710 4499996
golden_shapes_integrationtest::golden_shapes::golden_shapes_hexagon_9: 16133110 16939766
golden_shapes_integrationtest::golden_shapes::golden_shapes_parallelogram_0: 4986520 5235846
golden_shapes_integrationtest::golden_shapes::golden_shapes_parallelogram_1: 7732640 8119272
golden_shapes_integrationtest::golden_shapes::golden_shapes_parallelogram_2: 10465080 10988334
golden_shapes_integrationtest::golden_shapes::golden_shapes_parallelogram_3: 7223980 7585179
golden_shapes_integrationtest::golden_shapes::golden_shapes_parallelogram_4: 5472000 5745600
golden_shapes_integrationtest::golden_shapes::golden_shapes_parallelogram_5: 7732640 8119272
golden_shapes_integrationtest::golden_shapes::golden_shapes_parallelogram_6: 4386720 4606056
golden_shapes_integrationtest::golden_shapes::golden_shapes_pointy_rectangle_0: 7279510 7643486
golden_shapes_integrationtest::golden_shapes::golden_shapes_pointy_rectangle_1: 8460310 8883326
golden_shapes_integrationtest::golden_shapes::golden_shapes_pointy_rectangle_2: 1779040 1867992
golden_shapes_integrationtest::golden_shapes::golden_shapes_rombus_0: 8631890 9063485
golden_shapes_integrationtest::golden_shapes::golden_shapes_rombus_1: 8898410 9343331
golden_shapes_integrationtest::golden_shapes::golden_shapes_rombus_2: 10095110 10599866
golden_shapes_integrationtest::golden_shapes::golden_shapes_rombus_3: 5298830 5563772
golden_shapes_integrationtest::golden_shapes::golden_shapes_triangle_0: 3783860 3973053
