# gas: measured budget
hexx::board::asserter::tests::test_asserter_edges_and_corners: 15340 None
hexx::board::asserter::tests::test_asserter_revert_corner: 14620 None
hexx::board::asserter::tests::test_asserter_revert_not_edge: 14620 None
hexx::board::asserter::tests::test_asserter_revert_outside: 14620 None
hexx::board::asserter::tests::test_asserter_revert_too_large: 14620 None
hexx::board::asserter::tests::test_asserter_revert_too_small: 14620 None
hexx::board::asserter::tests::test_asserter_revert_u8_overflow: 14620 None
hexx::board::asserter::tests::test_asserter_valid_dimensions: 13620 None
hexx::board::bits::tests::test_bits_bitwise: 32529 None
hexx::board::bits::tests::test_bits_get_set_unset: 5079149 None
hexx::board::bits::tests::test_bits_inv: 1051210 None
hexx::board::bits::tests::test_bits_popcount: 5378975 None
hexx::board::bits::tests::test_bits_pow: 19550 None
hexx::board::bits::tests::test_bits_shifts: 20720 None
hexx::board::bits::tests::test_bits_to_felt: 16950 None
hexx::board::direction::tests::test_direction_next_even_row: 13620 None
hexx::board::direction::tests::test_direction_next_odd_row: 13620 None
hexx::board::direction::tests::test_direction_next_opposite_round_trip: 46810 None
hexx::board::direction::tests::test_direction_opposite: 55610 None
hexx::board::direction::tests::test_direction_pop_front: 13620 None
hexx::board::direction::tests::test_direction_round_trip: 29510 None
hexx::board::geometry::tests::test_geometry_distance_design_checks: 13620 None
hexx::board::geometry::tests::test_geometry_to_axial: 13620 None
hexx::board::map::tests::test_map_compute_distribution: 385614 None
hexx::board::map::tests::test_map_distance_to_walls_block: 62530 None
hexx::board::map::tests::test_map_distance_unreachable: 507570 None
hexx::board::map::tests::test_map_finders: 6479892 None
hexx::board::map::tests::test_map_hex_distance_revert_from_outside: 17980 None
hexx::board::map::tests::test_map_hex_distance_revert_to_outside: 17980 None
hexx::board::map::tests::test_map_is_walkable: 32732 None
hexx::board::map::tests::test_map_is_walkable_outside: 26399 None
hexx::board::map::tests::test_map_keep_component: 685581 None
hexx::board::map::tests::test_map_keep_component_revert_wall: 74173 None
hexx::board::map::tests::test_map_neighbor: 13620 None
hexx::board::map::tests::test_map_neighbor_outside: 49470 None
hexx::board::map::tests::test_map_new: 13620 None
hexx::board::map::tests::test_map_new_empty: 26730 None
hexx::board::map::tests::test_map_new_empty_revert_invalid_dimension: 14620 None
hexx::board::map::tests::test_map_new_generators: 10543040 None
hexx::board::map::tests::test_map_new_hexagon: 425315 None
hexx::board::map::tests::test_map_new_hexagon_revert_radius: 14620 None
hexx::board::map::tests::test_map_open: 187546 None
hexx::board::map::tests::test_map_open_with_corridor_revert_corner: 17260 None
hexx::board::map::tests::test_map_ring_fused: 148111018 None
hexx::board::map::tests::test_map_ring_open_edge: 85626106 None
hexx::board::map::tests::test_map_ring_revert_outside: 14620 None
hexx::board::map::tests::test_map_ring_revert_wall: 135139 None
hexx::board::map::tests::test_map_ring_values: 228036 None
hexx::board::map::tests::test_map_scenario_17x14: 1491225 None
hexx::board::map::tests::test_map_scenario_7x7: 471578 None
hexx::board::map::tests::test_map_search_path_weighted_revert_costs: 14620 None
hexx::board::printer::tests::test_printer_render_shifts_even_rows: 810630 None
hexx::board::printer::tests::test_printer_render_with_path: 820955 None
hexx::board::rng::tests::test_rng_deterministic: 922916 None
hexx::board::rng::tests::test_rng_mix: 23005 None
hexx::board::rng::tests::test_rng_next_below_range: 4856855 None
hexx::board::rng::tests::test_rng_permutations_table: 31286100 None
hexx::board::rng::tests::test_rng_shuffle6: 100432 None
hexx::finders::bfs::tests::test_bfs_corners: 225456445 None
hexx::finders::bfs::tests::test_bfs_digger_entrances: 617343036 None
hexx::finders::bfs::tests::test_bfs_distance_revert_wall: 22976 None
hexx::finders::bfs::tests::test_bfs_edge_adjacent_interior: 67060405 None
hexx::finders::bfs::tests::test_bfs_edge_closed: 14481974 None
hexx::finders::bfs::tests::test_bfs_edge_to_edge_no_shortcut: 95419398 None
hexx::finders::bfs::tests::test_bfs_edge_to_interior: 712849764 None
hexx::finders::bfs::tests::test_bfs_fixtures_17x14: 165072398 None
hexx::finders::bfs::tests::test_bfs_fixtures_7x7: 27410981 None
hexx::finders::bfs::tests::test_bfs_range_fixtures: 169831626 None
hexx::finders::bfs::tests::test_bfs_range_revert_dimension: 14620 None
hexx::finders::bfs::tests::test_bfs_range_revert_outside: 14620 None
hexx::finders::bfs::tests::test_bfs_range_zero: 24243 None
hexx::finders::bfs::tests::test_bfs_reachable_fixtures: 49150138 None
hexx::finders::bfs::tests::test_bfs_reachable_matches_caver: 6938611 None
hexx::finders::bfs::tests::test_bfs_reachable_revert_wall: 74173 None
hexx::finders::bfs::tests::test_bfs_reference_matches_layers: 132649153 None
hexx::finders::bfs::tests::test_bfs_sample_cave_17x14: 334122171 None
hexx::finders::bfs::tests::test_bfs_sample_maze_17x14: 262576189 None
hexx::finders::bfs::tests::test_bfs_sample_random_caves: 479595594 None
hexx::finders::bfs::tests::test_bfs_sample_random_mazes: 118760451 None
hexx::finders::bfs::tests::test_bfs_search_print: 17025662 None
hexx::finders::bfs::tests::test_bfs_search_revert_dimension: 14620 None
hexx::finders::bfs::tests::test_bfs_search_revert_edge_wall: 21943 None
hexx::finders::bfs::tests::test_bfs_search_revert_outside: 14620 None
hexx::finders::bfs::tests::test_bfs_search_revert_start_wall: 21963 None
hexx::finders::bfs::tests::test_bfs_search_revert_target_wall: 23916 None
hexx::finders::bfs::tests::test_bfs_sizes: 650716229 None
hexx::finders::dial::tests::test_dial_field_of_movement: 255537 None
hexx::finders::dial::tests::test_dial_field_of_movement_edges: 50788521 None
hexx::finders::dial::tests::test_dial_field_revert_not_walkable: 49848 None
hexx::finders::dial::tests::test_dial_field_revert_too_many_costs: 14620 None
hexx::finders::dial::tests::test_dial_search_detour: 7464689 None
hexx::finders::dial::tests::test_dial_search_dimensions: 49589143 None
hexx::finders::dial::tests::test_dial_search_edges: 49542085 None
hexx::finders::dial::tests::test_dial_search_edges_adjacent: 5604985 None
hexx::finders::dial::tests::test_dial_search_overlap_highest_class_wins: 7461998 None
hexx::finders::dial::tests::test_dial_search_revert_dimension: 14620 None
hexx::finders::dial::tests::test_dial_search_revert_from_not_walkable: 19873 None
hexx::finders::dial::tests::test_dial_search_revert_outside: 14620 None
hexx::finders::dial::tests::test_dial_search_revert_to_not_walkable: 22396 None
hexx::finders::dial::tests::test_dial_search_revert_too_many_costs: 14620 None
hexx::finders::dial::tests::test_dial_search_trivial: 230465 None
hexx::finders::dial::tests::test_dial_search_unit: 5654395 None
hexx::generators::caver::tests::test_caver_generate_17x14: 143837 None
hexx::generators::caver::tests::test_caver_generate_19x13: 143937 None
hexx::generators::caver::tests::test_caver_generate_3x3: 6923122 None
hexx::generators::caver::tests::test_caver_generate_7x7: 81177 None
hexx::generators::caver::tests::test_caver_generate_invariants_11x11: 319035698 None
hexx::generators::caver::tests::test_caver_generate_invariants_16x8: 329773018 None
hexx::generators::caver::tests::test_caver_generate_invariants_17x14: 709699028 None
hexx::generators::caver::tests::test_caver_generate_invariants_19x13: 737016578 None
hexx::generators::caver::tests::test_caver_generate_invariants_25x10: 724537398 None
hexx::generators::caver::tests::test_caver_generate_invariants_3x83: 341907968 None
hexx::generators::caver::tests::test_caver_generate_invariants_7x7: 100960428 None
hexx::generators::caver::tests::test_caver_generate_invariants_83x3: 319572628 None
hexx::generators::caver::tests::test_caver_generate_order_zero: 39434 None
hexx::generators::caver::tests::test_caver_generate_revert_too_large: 14620 None
hexx::generators::caver::tests::test_caver_generate_revert_too_small: 14620 None
hexx::generators::caver::tests::test_caver_generate_seeds_differ: 272234 None
hexx::generators::caver::tests::test_caver_keep_component_closed: 23726954 None
hexx::generators::caver::tests::test_caver_keep_component_revert_wall: 42035 None
hexx::generators::caver::tests::test_caver_keep_component_single: 115840 None
hexx::generators::caver::tests::test_caver_keep_component_split: 565572 None
hexx::generators::digger::tests::test_digger_corridor: 682116 None
hexx::generators::digger::tests::test_digger_corridor_open_neighbour: 715396 None
hexx::generators::digger::tests::test_digger_corridor_order_1: 707323 None
hexx::generators::digger::tests::test_digger_every_edge: 53650060 None
hexx::generators::digger::tests::test_digger_maze_order_0: 4151716 None
hexx::generators::digger::tests::test_digger_maze_order_1: 783650 None
hexx::generators::digger::tests::test_digger_revert_corner: 17260 None
hexx::generators::digger::tests::test_digger_revert_not_edge: 17260 None
hexx::generators::digger::tests::test_digger_revert_order: 14620 None
hexx::generators::mazer::tests::test_mazer_generate_17x14_order_0: 7906264 None
hexx::generators::mazer::tests::test_mazer_generate_17x14_order_1: 10210663 None
hexx::generators::mazer::tests::test_mazer_generate_19x13: 9009543 None
hexx::generators::mazer::tests::test_mazer_generate_3x3: 192442 None
hexx::generators::mazer::tests::test_mazer_generate_7x7: 2547193 None
hexx::generators::mazer::tests::test_mazer_generate_deterministic: 11471197 None
hexx::generators::mazer::tests::test_mazer_generate_dimensions: 338532768 None
hexx::generators::mazer::tests::test_mazer_generate_revert_dimension: 14620 None
hexx::generators::mazer::tests::test_mazer_generate_revert_order: 14620 None
hexx::generators::mazer::tests::test_mazer_masks_order_0_17x14: 899393195 None
hexx::generators::mazer::tests::test_mazer_masks_order_0_7x7: 118150485 None
hexx::generators::mazer::tests::test_mazer_masks_order_1_17x14: 912731011 None
hexx::generators::mazer::tests::test_mazer_masks_order_1_19x13: 1154240151 None
hexx::generators::mazer::tests::test_mazer_masks_order_1_7x7: 121610251 None
hexx::generators::spreader::tests::test_spreader_all_or_nothing: 161133 None
hexx::generators::spreader::tests::test_spreader_bias_field_bits: 85380 None
hexx::generators::spreader::tests::test_spreader_bias_pool: 449860 None
hexx::generators::spreader::tests::test_spreader_cave_17x14: 198157 None
hexx::generators::spreader::tests::test_spreader_cave_7x7: 108489 None
hexx::generators::spreader::tests::test_spreader_deposit: 105792 None
hexx::generators::spreader::tests::test_spreader_deterministic: 755620 None
hexx::generators::spreader::tests::test_spreader_dimensions: 1502391 None
hexx::generators::spreader::tests::test_spreader_invariants: 3558554 None
hexx::generators::spreader::tests::test_spreader_maze_17x14_complement: 214696 None
hexx::generators::spreader::tests::test_spreader_revert_invalid_dimension: 14620 None
hexx::generators::spreader::tests::test_spreader_revert_invalid_grid: 21820 None
hexx::generators::spreader::tests::test_spreader_revert_not_enough_place: 64431 None
hexx::generators::spreader::tests::test_spreader_revert_not_enough_place_large: 74250 None
hexx::generators::spreader::tests::test_spreader_select_small: 34638083 None
hexx::generators::spreader::tests::test_spreader_select_wide: 164402577 None
hexx::generators::spreader::tests::test_spreader_subset_table: 8889829 None
hexx::generators::spreader::tests::test_spreader_uniform_density_30_picks: 70889866 None
hexx::generators::spreader::tests::test_spreader_uniform_density_30_radix: 64921016 None
hexx::generators::spreader::tests::test_spreader_uniform_large_complement: 160162506 None
hexx::generators::spreader::tests::test_spreader_uniform_large_picks: 103545765 None
hexx::generators::spreader::tests::test_spreader_uniform_large_radix: 107042278 None
hexx::generators::spreader::tests::test_spreader_uniform_small_picks: 49255797 None
hexx::generators::spreader::tests::test_spreader_uniform_small_radix: 52226932 None
hexx::generators::spreader::tests::test_spreader_uniform_sparse_five: 31350677 None
hexx::generators::spreader::tests::test_spreader_uniform_sparse_two: 104574903 None
hexx::generators::walker::tests::test_walker_deterministic: 2875427 None
hexx::generators::walker::tests::test_walker_generate_17x14: 2411357 None
hexx::generators::walker::tests::test_walker_generate_19x13: 972289 None
hexx::generators::walker::tests::test_walker_generate_3x3: 137514 None
hexx::generators::walker::tests::test_walker_generate_7x7: 294005 None
hexx::generators::walker::tests::test_walker_generate_no_step: 37991 None
hexx::generators::walker::tests::test_walker_reference_seeds: 310866289 None
hexx::generators::walker::tests::test_walker_reference_sizes: 161145591 None
hexx::generators::walker::tests::test_walker_reference_small_steps: 201823689 None
hexx::generators::walker::tests::test_walker_revert_too_large: 14620 None
hexx::generators::walker::tests::test_walker_revert_too_narrow: 14620 None
hexx::tests::bench_bfs::bench_bfs_distance_cave_far_17x14: 501942 528000
hexx::tests::bench_bfs::bench_bfs_distance_cave_far_7x7: 88923 94000
hexx::tests::bench_bfs::bench_bfs_distance_empty_far_17x14: 407159 428000
hexx::tests::bench_bfs::bench_bfs_distance_empty_far_7x7: 88923 94000
hexx::tests::bench_bfs::bench_bfs_distance_maze_far_17x14: 1058347 1112000
hexx::tests::bench_bfs::bench_bfs_distance_maze_far_7x7: 154812 163000
hexx::tests::bench_bfs::bench_bfs_distance_serpentine_far_17x14: 1774065 1863000
hexx::tests::bench_bfs::bench_bfs_distance_serpentine_far_7x7: 167851 177000
hexx::tests::bench_bfs::bench_bfs_distance_unreachable_far_17x14: 259880 273000
hexx::tests::bench_bfs::bench_bfs_distance_unreachable_far_17x14_library: 259580 273000
hexx::tests::bench_bfs::bench_bfs_distance_unreachable_far_7x7: 87603 92000
hexx::tests::bench_bfs::bench_bfs_distance_unreachable_near_17x14_library: 261778 275000
hexx::tests::bench_bfs::bench_bfs_keep_component_cave_17x14: 535769 563000
hexx::tests::bench_bfs::bench_bfs_keep_component_cave_7x7: 97253 103000
hexx::tests::bench_bfs::bench_bfs_keep_component_maze_17x14: 1113013 1169000
hexx::tests::bench_bfs::bench_bfs_keep_component_maze_7x7: 164579 173000
hexx::tests::bench_bfs::bench_bfs_keep_component_serpentine_17x14: 1840935 1933000
hexx::tests::bench_bfs::bench_bfs_keep_component_serpentine_7x7: 174197 183000
hexx::tests::bench_bfs::bench_bfs_keep_component_unreachable_17x14: 264411 278000
hexx::tests::bench_bfs::bench_bfs_keep_component_unreachable_7x7: 78017 82000
hexx::tests::bench_bfs::bench_bfs_range_3_cave_17x14: 84507 89000
hexx::tests::bench_bfs::bench_bfs_range_3_cave_7x7: 62061 66000
hexx::tests::bench_bfs::bench_bfs_range_3_empty_17x14: 91617 97000
hexx::tests::bench_bfs::bench_bfs_range_3_empty_7x7: 62061 66000
hexx::tests::bench_bfs::bench_bfs_range_3_maze_17x14: 90627 96000
hexx::tests::bench_bfs::bench_bfs_range_3_maze_7x7: 62061 66000
hexx::tests::bench_bfs::bench_bfs_range_6_cave_17x14: 145825 154000
hexx::tests::bench_bfs::bench_bfs_range_6_cave_7x7: 92415 98000
hexx::tests::bench_bfs::bench_bfs_range_6_empty_17x14: 159255 168000
hexx::tests::bench_bfs::bench_bfs_range_6_empty_7x7: 92415 98000
hexx::tests::bench_bfs::bench_bfs_range_6_maze_17x14: 149575 158000
hexx::tests::bench_bfs::bench_bfs_range_6_maze_7x7: 92415 98000
hexx::tests::bench_bfs::bench_bfs_reachable_cave_17x14: 538169 585000
hexx::tests::bench_bfs::bench_bfs_reachable_cave_7x7: 99453 110000
hexx::tests::bench_bfs::bench_bfs_reachable_maze_17x14: 1115413 1213000
hexx::tests::bench_bfs::bench_bfs_reachable_maze_7x7: 166779 184000
hexx::tests::bench_bfs::bench_bfs_reachable_serpentine_17x14: 1843335 2004000
hexx::tests::bench_bfs::bench_bfs_reachable_serpentine_7x7: 176397 195000
hexx::tests::bench_bfs::bench_bfs_reachable_unreachable_17x14: 266811 291000
hexx::tests::bench_bfs::bench_bfs_reachable_unreachable_7x7: 80217 89000
hexx::tests::bench_bfs::bench_bfs_search_cave_far_17x14: 706135 742000
hexx::tests::bench_bfs::bench_bfs_search_cave_far_7x7: 131733 139000
hexx::tests::bench_bfs::bench_bfs_search_cave_near_17x14: 112141 118000
hexx::tests::bench_bfs::bench_bfs_search_cave_near_7x7: 81521 86000
hexx::tests::bench_bfs::bench_bfs_search_empty_far_17x14: 570033 599000
hexx::tests::bench_bfs::bench_bfs_search_empty_far_7x7: 131733 139000
hexx::tests::bench_bfs::bench_bfs_search_empty_near_17x14: 107285 113000
hexx::tests::bench_bfs::bench_bfs_search_empty_near_7x7: 82241 87000
hexx::tests::bench_bfs::bench_bfs_search_maze_far_17x14: 1519526 1596000
hexx::tests::bench_bfs::bench_bfs_search_maze_far_7x7: 239984 252000
hexx::tests::bench_bfs::bench_bfs_search_maze_near_17x14: 102815 108000
hexx::tests::bench_bfs::bench_bfs_search_maze_near_7x7: 78204 83000
hexx::tests::bench_bfs::bench_bfs_search_serpentine_far_17x14: 2532090 2659000
hexx::tests::bench_bfs::bench_bfs_search_serpentine_far_7x7: 257269 271000
hexx::tests::bench_bfs::bench_bfs_search_serpentine_near_17x14: 102295 108000
hexx::tests::bench_bfs::bench_bfs_search_serpentine_near_7x7: 80361 85000
hexx::tests::bench_bfs::bench_bfs_search_unreachable_far_17x14: 263320 277000
hexx::tests::bench_bfs::bench_bfs_search_unreachable_far_7x7: 89843 95000
hexx::tests::bench_bfs::bench_bfs_search_unreachable_near_17x14: 266118 280000
hexx::tests::bench_bfs::bench_bfs_search_unreachable_near_7x7: 67873 72000
hexx::tests::bench_bfs::bench_bfs_variant_back_bits_cave_17x14: 987886 1038000
hexx::tests::bench_bfs::bench_bfs_variant_back_bits_empty_17x14: 845255 888000
hexx::tests::bench_bfs::bench_bfs_variant_back_bits_maze_17x14: 2209641 2321000
hexx::tests::bench_bfs::bench_bfs_variant_back_bits_serpentine_17x14: 3393838 3564000
hexx::tests::bench_bfs::bench_bfs_variant_back_harness_cave_17x14: 807525 848000
hexx::tests::bench_bfs::bench_bfs_variant_back_harness_empty_17x14: 653073 686000
hexx::tests::bench_bfs::bench_bfs_variant_back_harness_maze_17x14: 1693586 1779000
hexx::tests::bench_bfs::bench_bfs_variant_back_harness_serpentine_17x14: 2811550 2953000
hexx::tests::bench_bfs::bench_bfs_variant_back_straight_cave_17x14: 870294 914000
hexx::tests::bench_bfs::bench_bfs_variant_back_straight_empty_17x14: 654801 688000
hexx::tests::bench_bfs::bench_bfs_variant_back_straight_maze_17x14: 2096317 2202000
hexx::tests::bench_bfs::bench_bfs_variant_back_straight_serpentine_17x14: 2919346 3066000
hexx::tests::bench_bfs::bench_bfs_variant_back_window_cave_17x14: 810320 851000
hexx::tests::bench_bfs::bench_bfs_variant_back_window_empty_17x14: 658407 692000
hexx::tests::bench_bfs::bench_bfs_variant_back_window_maze_17x14: 1683669 1768000
hexx::tests::bench_bfs::bench_bfs_variant_back_window_serpentine_17x14: 2768869 2908000
hexx::tests::bench_bfs::bench_bfs_variant_bidirectional_cave_far_17x14: 615510 647000
hexx::tests::bench_bfs::bench_bfs_variant_bidirectional_cave_near_17x14: 150158 158000
hexx::tests::bench_bfs::bench_bfs_variant_bidirectional_empty_far_17x14: 525110 552000
hexx::tests::bench_bfs::bench_bfs_variant_bidirectional_empty_near_17x14: 145358 153000
hexx::tests::bench_bfs::bench_bfs_variant_bidirectional_maze_far_17x14: 1295008 1360000
hexx::tests::bench_bfs::bench_bfs_variant_bidirectional_maze_near_17x14: 138788 146000
hexx::tests::bench_bfs::bench_bfs_variant_bidirectional_serpentine_far_17x14: 2146182 2254000
hexx::tests::bench_bfs::bench_bfs_variant_bidirectional_serpentine_near_17x14: 139158 147000
hexx::tests::bench_bfs::bench_bfs_variant_bidirectional_unreachable_far_17x14: 617532 649000
hexx::tests::bench_bfs::bench_bfs_variant_bidirectional_unreachable_near_17x14: 540224 568000
hexx::tests::bench_bfs::bench_bfs_variant_checkpoints_cave_17x14: 1221303 1283000
hexx::tests::bench_bfs::bench_bfs_variant_checkpoints_empty_17x14: 966077 1015000
hexx::tests::bench_bfs::bench_bfs_variant_checkpoints_maze_17x14: 2645944 2779000
hexx::tests::bench_bfs::bench_bfs_variant_checkpoints_serpentine_17x14: 4436402 4659000
hexx::tests::bench_bfs::bench_bfs_variant_distance_corelib_cave_17x14: 686868 722000
hexx::tests::bench_bfs::bench_bfs_variant_distance_corelib_empty_17x14: 519092 546000
hexx::tests::bench_bfs::bench_bfs_variant_distance_corelib_maze_17x14: 1410054 1481000
hexx::tests::bench_bfs::bench_bfs_variant_distance_corelib_serpentine_17x14: 2383138 2503000
hexx::tests::bench_bfs::bench_bfs_variant_distance_every_two_cave_17x14: 588856 619000
hexx::tests::bench_bfs::bench_bfs_variant_distance_every_two_empty_17x14: 467808 492000
hexx::tests::bench_bfs::bench_bfs_variant_distance_every_two_maze_17x14: 1172002 1231000
hexx::tests::bench_bfs::bench_bfs_variant_distance_every_two_serpentine_17x14: 1940900 2038000
hexx::tests::bench_bfs::bench_bfs_variant_distance_free_test_cave_17x14: 622048 654000
hexx::tests::bench_bfs::bench_bfs_variant_distance_free_test_empty_17x14: 469602 494000
hexx::tests::bench_bfs::bench_bfs_variant_distance_free_test_maze_17x14: 1266894 1331000
hexx::tests::bench_bfs::bench_bfs_variant_distance_free_test_serpentine_17x14: 2141968 2250000
hexx::tests::bench_bfs::bench_bfs_variant_distance_harness_cave_17x14: 615538 647000
hexx::tests::bench_bfs::bench_bfs_variant_distance_harness_empty_17x14: 469392 493000
hexx::tests::bench_bfs::bench_bfs_variant_distance_harness_maze_17x14: 1255284 1319000
hexx::tests::bench_bfs::bench_bfs_variant_distance_harness_serpentine_17x14: 2117758 2224000
hexx::tests::bench_bfs::bench_bfs_variant_distance_harness_two_cave_17x14: 584948 615000
hexx::tests::bench_bfs::bench_bfs_variant_distance_harness_two_empty_17x14: 469402 493000
hexx::tests::bench_bfs::bench_bfs_variant_distance_harness_two_maze_17x14: 1202284 1263000
hexx::tests::bench_bfs::bench_bfs_variant_distance_harness_two_serpentine_17x14: 2006168 2107000
hexx::tests::bench_bfs::bench_bfs_variant_distance_no_gap_cave_17x14: 606394 637000
hexx::tests::bench_bfs::bench_bfs_variant_distance_no_gap_empty_17x14: 503204 529000
hexx::tests::bench_bfs::bench_bfs_variant_distance_no_gap_maze_17x14: 1278432 1343000
hexx::tests::bench_bfs::bench_bfs_variant_distance_no_gap_serpentine_17x14: 2127366 2234000
hexx::tests::bench_bfs::bench_bfs_variant_felt_layers_cave_17x14: 818655 860000
hexx::tests::bench_bfs::bench_bfs_variant_felt_layers_empty_17x14: 667943 702000
hexx::tests::bench_bfs::bench_bfs_variant_felt_layers_maze_17x14: 1715816 1802000
hexx::tests::bench_bfs::bench_bfs_variant_felt_layers_serpentine_17x14: 2837270 2980000
hexx::tests::bench_bfs::bench_bfs_variant_recompute_cave_17x14: 6424509 6746000
hexx::tests::bench_bfs::bench_bfs_variant_recompute_empty_17x14: 4243857 4457000
hexx::tests::bench_bfs::bench_bfs_variant_scalar_cave_far_17x14: 12389976 13010000
hexx::tests::bench_bfs::bench_bfs_variant_scalar_cave_far_7x7: 2068418 2172000
hexx::tests::bench_bfs::bench_bfs_variant_scalar_cave_near_17x14: 1949686 2048000
hexx::tests::bench_bfs::bench_bfs_variant_scalar_cave_near_7x7: 1909050 2005000
hexx::tests::bench_bfs::bench_bfs_variant_scalar_empty_far_17x14: 17282104 18147000
hexx::tests::bench_bfs::bench_bfs_variant_scalar_empty_far_7x7: 2258243 2372000
hexx::tests::bench_bfs::bench_bfs_variant_scalar_empty_near_17x14: 3773885 3963000
hexx::tests::bench_bfs::bench_bfs_variant_scalar_empty_near_7x7: 1845052 1938000
hexx::tests::bench_bfs::bench_bfs_variant_scalar_maze_far_17x14: 7826466 8218000
hexx::tests::bench_bfs::bench_bfs_variant_scalar_maze_far_7x7: 1321244 1388000
hexx::tests::bench_bfs::bench_bfs_variant_scalar_maze_near_17x14: 391163 411000
hexx::tests::bench_bfs::bench_bfs_variant_scalar_maze_near_7x7: 555507 584000
hexx::tests::bench_bfs::bench_bfs_variant_scalar_serpentine_far_17x14: 8209741 8621000
hexx::tests::bench_bfs::bench_bfs_variant_scalar_serpentine_far_7x7: 1420993 1493000
hexx::tests::bench_bfs::bench_bfs_variant_scalar_serpentine_near_17x14: 474320 499000
hexx::tests::bench_bfs::bench_bfs_variant_scalar_serpentine_near_7x7: 555667 584000
hexx::tests::bench_bfs::bench_bfs_variant_scalar_unreachable_far_17x14: 7994033 8394000
hexx::tests::bench_bfs::bench_bfs_variant_scalar_unreachable_far_7x7: 907481 953000
hexx::tests::bench_bfs::bench_bfs_variant_scalar_unreachable_near_17x14: 7993463 8394000
hexx::tests::bench_bfs::bench_bfs_variant_scalar_unreachable_near_7x7: 907481 953000
hexx::tests::bench_bfs::bench_bfs_variant_wide_cave_far_7x7: 193861 204000
hexx::tests::bench_bfs::bench_bfs_variant_wide_empty_far_7x7: 193861 204000
hexx::tests::bench_bfs::bench_bfs_variant_wide_maze_far_7x7: 373308 392000
hexx::tests::bench_bfs::bench_bfs_variant_wide_serpentine_far_7x7: 402771 423000
hexx::tests::bench_bfs::bench_bfs_variant_wide_unreachable_far_7x7: 143651 151000
hexx::tests::bench_caver::bench_caver_fill_dense_17x14: 31973 34000
hexx::tests::bench_caver::bench_caver_fill_half_17x14: 28097 30000
hexx::tests::bench_caver::bench_caver_fill_sparse_17x14: 31973 34000
hexx::tests::bench_caver::bench_caver_generate_17x14_order_0: 27157 29000
hexx::tests::bench_caver::bench_caver_generate_17x14_order_1: 72717 80000
hexx::tests::bench_caver::bench_caver_generate_17x14_order_3: 143737 155000
hexx::tests::bench_caver::bench_caver_generate_17x14_order_5: 215557 230000
hexx::tests::bench_caver::bench_caver_generate_19x13_order_3: 144237 155000
hexx::tests::bench_caver::bench_caver_generate_7x7_order_0: 27157 29000
hexx::tests::bench_caver::bench_caver_generate_7x7_order_1: 50957 54000
hexx::tests::bench_caver::bench_caver_generate_7x7_order_3: 83017 91000
hexx::tests::bench_caver::bench_caver_generate_connected_17x14: 412358 454000
hexx::tests::bench_caver::bench_caver_keep_component_17x14: 284161 299000
hexx::tests::bench_caver::bench_caver_keep_component_maze_17x14: 1113013 1169000
hexx::tests::bench_caver::bench_caver_keep_component_runs_17x14: 376836 396000
hexx::tests::bench_caver::bench_caver_keep_component_runs_first_17x14: 380626 400000
hexx::tests::bench_caver::bench_caver_keep_component_runs_maze_17x14: 1445492 1518000
hexx::tests::bench_caver::bench_caver_keep_component_runs_serpentine_17x14: 1504878 1581000
hexx::tests::bench_caver::bench_caver_keep_component_serpentine_17x14: 1840935 1933000
hexx::tests::bench_caver::bench_caver_variant_b3s3_17x14: 156988 165000
hexx::tests::bench_caver::bench_caver_variant_b4s3_17x14: 158788 167000
hexx::tests::bench_caver::bench_caver_variant_baseline_17x14: 33740 36000
hexx::tests::bench_caver::bench_caver_variant_baseline_7x7: 33050 35000
hexx::tests::bench_caver::bench_caver_variant_design_17x14: 203898 215000
hexx::tests::bench_caver::bench_caver_variant_east_add_17x14: 154770 163000
hexx::tests::bench_caver::bench_caver_variant_folded_17x14: 152490 161000
hexx::tests::bench_caver::bench_caver_variant_keep_component_dilation_17x14: 300162 316000
hexx::tests::bench_caver::bench_caver_variant_library_17x14: 150090 158000
hexx::tests::bench_caver::bench_caver_variant_library_u256_7x7: 152200 160000
hexx::tests::bench_caver::bench_caver_variant_pairs_17x14: 162444 171000
hexx::tests::bench_caver::bench_caver_variant_split_planes_17x14: 151290 159000
hexx::tests::bench_caver::bench_caver_variant_two_of_four_17x14: 152490 161000
hexx::tests::bench_caver::bench_caver_variant_u256_ops_17x14: 184512 194000
hexx::tests::bench_caver::test_bench_caver_components: 58542595 None
hexx::tests::bench_caver::test_bench_caver_variants_17x14: 710347268 None
hexx::tests::bench_caver::test_bench_caver_variants_extremes: 1063024466 None
hexx::tests::bench_caver::test_bench_caver_variants_small: 217060012 None
hexx::tests::bench_dial::bench_dial_baseline_17x14: 13720 15000
hexx::tests::bench_dial::bench_dial_cave_17x14: 1406744 1500000
hexx::tests::bench_dial::bench_dial_cave_17x14_classes_0: 918341 986000
hexx::tests::bench_dial::bench_dial_cave_17x14_classes_1: 1372784 1464000
hexx::tests::bench_dial::bench_dial_cave_17x14_classes_3: 1443264 1538000
hexx::tests::bench_dial::bench_dial_cave_17x14_near: 283435 305000
hexx::tests::bench_dial::bench_dial_cave_7x7: 290637 314000
hexx::tests::bench_dial::bench_dial_cave_7x7_classes_0: 167668 185000
hexx::tests::bench_dial::bench_dial_empty_17x14: 1167355 1245000
hexx::tests::bench_dial::bench_dial_empty_17x14_classes_0: 746887 802000
hexx::tests::bench_dial::bench_dial_field_cave_17x14_budget_8: 326895 353000
hexx::tests::bench_dial::bench_dial_field_empty_17x14_budget_2: 122107 134000
hexx::tests::bench_dial::bench_dial_field_empty_17x14_budget_8: 338745 365000
hexx::tests::bench_dial::bench_dial_field_empty_17x14_classes_0_budget_2: 85291 90000
hexx::tests::bench_dial::bench_dial_field_empty_17x14_classes_0_budget_8: 239827 262000
hexx::tests::bench_dial::bench_dial_field_empty_17x14_classes_1_budget_2: 113589 125000
hexx::tests::bench_dial::bench_dial_field_empty_17x14_classes_1_budget_8: 322991 349000
hexx::tests::bench_dial::bench_dial_field_empty_17x14_classes_3_budget_2: 134645 142000
hexx::tests::bench_dial::bench_dial_field_empty_17x14_classes_3_budget_8: 358519 381000
hexx::tests::bench_dial::bench_dial_field_empty_7x7_classes_0_budget_1: 45077 48000
hexx::tests::bench_dial::bench_dial_field_empty_7x7_classes_0_budget_4: 83421 88000
hexx::tests::bench_dial::bench_dial_field_empty_7x7_classes_2_budget_1: 65405 69000
hexx::tests::bench_dial::bench_dial_field_empty_7x7_classes_2_budget_4: 124937 138000
hexx::tests::bench_dial::bench_dial_maze_17x14: 3318087 3534000
hexx::tests::bench_dial::bench_dial_maze_17x14_classes_0: 1964638 2106000
hexx::tests::bench_dial::bench_dial_micro_and_limb: 317130 333000
hexx::tests::bench_dial::bench_dial_micro_and_triple: 426030 448000
hexx::tests::bench_dial::bench_dial_micro_cost: 664882 699000
hexx::tests::bench_dial::bench_dial_micro_expand_corelib: 2258020 2371000
hexx::tests::bench_dial::bench_dial_micro_expand_triple: 2232020 2344000
hexx::tests::bench_dial::bench_dial_micro_felt_eq: 194780 205000
hexx::tests::bench_dial::bench_dial_micro_felt_to_u256: 322890 340000
hexx::tests::bench_dial::bench_dial_micro_limb_sub: 194130 204000
hexx::tests::bench_dial::bench_dial_micro_loop: 145020 153000
hexx::tests::bench_dial::bench_dial_micro_lowest: 358790 377000
hexx::tests::bench_dial::bench_dial_micro_span_at: 132090 139000
hexx::tests::bench_dial::bench_dial_micro_step_mask: 1103760 1159000
hexx::tests::bench_dial::bench_dial_micro_step_mask_north_west: 1205440 1266000
hexx::tests::bench_dial::bench_dial_serpentine_17x14: 5027629 5350000
hexx::tests::bench_dial::bench_dial_serpentine_17x14_classes_0: 3227567 3459000
hexx::tests::bench_dial::bench_dial_unreachable_17x14: 666920 716000
hexx::tests::bench_dial::bench_dial_variant_array_ring_17x14: 2066911 2171000
hexx::tests::bench_dial::bench_dial_variant_backtrack_once_17x14: 1515011 1591000
hexx::tests::bench_dial::bench_dial_variant_backtrack_twice_17x14: 1996181 2096000
hexx::tests::bench_dial::bench_dial_variant_bit_tests_17x14: 2151563 2260000
hexx::tests::bench_dial::bench_dial_variant_bit_tests_twice_17x14: 3269485 3433000
hexx::tests::bench_dial::bench_dial_variant_corelib_17x14: 1581216 1661000
hexx::tests::bench_dial::bench_dial_variant_dijkstra_heap_17x14: 25902461 27198000
hexx::tests::bench_dial::bench_dial_variant_dijkstra_heap_7x7: 3914230 4110000
hexx::tests::bench_dial::bench_dial_variant_dijkstra_heap_empty_17x14: 37706695 39593000
hexx::tests::bench_dial::bench_dial_variant_dijkstra_heap_maze_17x14: 13463407 14137000
hexx::tests::bench_dial::bench_dial_variant_fixed_ring_17x14: 1510831 1587000
hexx::tests::bench_dial::bench_dial_variant_forward_only_17x14: 1031141 1083000
hexx::tests::bench_dial::bench_dial_variant_partition_17x14: 1762061 1851000
hexx::tests::bench_dial::bench_dial_variant_setup_17x14: 80994 86000
hexx::tests::bench_dial::bench_dial_variant_sparse_layers_17x14: 1522711 1599000
hexx::tests::bench_dial::bench_dial_variant_u256_7x7: 469062 493000
hexx::tests::bench_dial::bench_dial_variant_unit_backtrack_once_17x14: 1077985 1132000
hexx::tests::bench_dial::bench_dial_variant_unit_backtrack_twice_17x14: 1512138 1588000
hexx::tests::bench_dial::bench_dial_variant_unit_buckets_17x14: 1350895 1419000
hexx::tests::bench_dial::bench_dial_variant_unit_winner_17x14: 1077885 1132000
hexx::tests::bench_dial::bench_dial_variant_winner_17x14: 1531397 1608000
hexx::tests::bench_dial::tests::test_dial_bench_inputs: 577118435 None
hexx::tests::bench_dial::tests::test_dial_oracle_3x3: 86361512 None
hexx::tests::bench_dial::tests::test_dial_oracle_cave_17x14: 255324990 None
hexx::tests::bench_dial::tests::test_dial_oracle_caves_17x14: 233773720 None
hexx::tests::bench_dial::tests::test_dial_oracle_caves_19x13: 193962251 None
hexx::tests::bench_dial::tests::test_dial_oracle_edges_17x14: 1007300470 None
hexx::tests::bench_dial::tests::test_dial_oracle_edges_7x7: 392538073 None
hexx::tests::bench_dial::tests::test_dial_oracle_edges_interior_start_17x14: 330864202 None
hexx::tests::bench_dial::tests::test_dial_oracle_empty_17x14: 346857198 None
hexx::tests::bench_dial::tests::test_dial_oracle_fixtures_7x7: 298941466 None
hexx::tests::bench_dial::tests::test_dial_oracle_maze_17x14: 278251200 None
hexx::tests::bench_dial::tests::test_dial_oracle_serpentine_17x14: 286634699 None
hexx::tests::bench_dial::tests::test_dial_oracle_unreachable_17x14: 180393935 None
hexx::tests::bench_dial::tests::test_dial_unit_equals_bfs_17x14: 694513256 None
hexx::tests::bench_dial::tests::test_dial_unit_equals_bfs_7x7: 32598629 None
hexx::tests::bench_dial::tests::test_dial_variants_cave_17x14: 506543878 None
hexx::tests::bench_dial::tests::test_dial_variants_empty_17x14: 455807472 None
hexx::tests::bench_dial::tests::test_dial_variants_maze_17x14: 349467496 None
hexx::tests::bench_foundation::bench_array_build: 291480 307000
hexx::tests::bench_foundation::bench_array_span_at: 388680 409000
hexx::tests::bench_foundation::bench_baseline_cave_17x14: 15040 16000
hexx::tests::bench_foundation::bench_baseline_cave_7x7: 15040 16000
hexx::tests::bench_foundation::bench_baseline_empty_17x14: 15040 16000
hexx::tests::bench_foundation::bench_baseline_empty_7x7: 15040 16000
hexx::tests::bench_foundation::bench_baseline_loop: 142090 150000
hexx::tests::bench_foundation::bench_baseline_loop_u256: 142090 150000
hexx::tests::bench_foundation::bench_baseline_maze_17x14: 15040 16000
hexx::tests::bench_foundation::bench_baseline_maze_7x7: 15040 16000
hexx::tests::bench_foundation::bench_baseline_serpentine_17x14: 15040 16000
hexx::tests::bench_foundation::bench_baseline_serpentine_7x7: 15040 16000
hexx::tests::bench_foundation::bench_baseline_unreachable_17x14: 15040 16000
hexx::tests::bench_foundation::bench_baseline_unreachable_7x7: 15040 16000
hexx::tests::bench_foundation::bench_bit_set_add: 345420 363000
hexx::tests::bench_foundation::bench_bit_set_or: 627780 660000
hexx::tests::bench_foundation::bench_bit_test_divmod: 3659750 3843000
hexx::tests::bench_foundation::bench_bit_test_limb: 1131920 1189000
hexx::tests::bench_foundation::bench_coords: 251880 265000
hexx::tests::bench_foundation::bench_dict_insert: 695100 730000
hexx::tests::bench_foundation::bench_dict_insert_get: 984390 1034000
hexx::tests::bench_foundation::bench_distance: 1088280 1143000
hexx::tests::bench_foundation::bench_distance_split: 1477500 1552000
hexx::tests::bench_foundation::bench_expand_felt: 2003410 2182000
hexx::tests::bench_foundation::bench_expand_felt_7x7: 1685930 1771000
hexx::tests::bench_foundation::bench_expand_felt_double: 2162810 2271000
hexx::tests::bench_foundation::bench_expand_felt_vertical: 2363410 2482000
hexx::tests::bench_foundation::bench_expand_limbs: 2162810 2271000
hexx::tests::bench_foundation::bench_expand_masks: 6547600 6875000
hexx::tests::bench_foundation::bench_expand_small_7x7: 923680 1002000
hexx::tests::bench_foundation::bench_expand_small_felt_double_7x7: 1277080 1341000
hexx::tests::bench_foundation::bench_felt_div_nonzero: 191490 202000
hexx::tests::bench_foundation::bench_felt_mul: 151890 160000
hexx::tests::bench_foundation::bench_felt_to_u128: 169190 178000
hexx::tests::bench_foundation::bench_felt_to_u256_narrow: 224040 236000
hexx::tests::bench_foundation::bench_felt_to_u256_wide: 322990 340000
hexx::tests::bench_foundation::bench_layout_interior: 496490 522000
hexx::tests::bench_foundation::bench_layout_new: 871490 916000
hexx::tests::bench_foundation::bench_neighbor: 781230 821000
hexx::tests::bench_foundation::bench_neighbour_mask: 726670 764000
hexx::tests::bench_foundation::bench_neighbour_mask_lookups: 1507200 1583000
hexx::tests::bench_foundation::bench_popcount_sparse_dense: 53953630 56652000
hexx::tests::bench_foundation::bench_popcount_sparse_sparse: 3171490 3331000
hexx::tests::bench_foundation::bench_popcount_swar_dense: 1486920 1562000
hexx::tests::bench_foundation::bench_popcount_swar_sparse: 1496380 1572000
hexx::tests::bench_foundation::bench_poseidon_hades: 312590 329000
hexx::tests::bench_foundation::bench_poseidon_hash_state: 441890 464000
hexx::tests::bench_foundation::bench_pow_lookup: 268990 283000
hexx::tests::bench_foundation::bench_pow_match: 267720 282000
hexx::tests::bench_foundation::bench_rng_draw: 562744 589000
hexx::tests::bench_foundation::bench_rng_draw6: 515744 542000
hexx::tests::bench_foundation::bench_rng_draw6_counter: 490295 515000
hexx::tests::bench_foundation::bench_rng_next_below: 515744 542000
hexx::tests::bench_foundation::bench_rng_shuffle6: 718985 776000
hexx::tests::bench_foundation::bench_shr_exact_div: 339090 357000
hexx::tests::bench_foundation::bench_shr_exact_inverse_table: 288990 304000
hexx::tests::bench_foundation::bench_shuffle6_fisher_yates: 11459660 12033000
hexx::tests::bench_foundation::bench_shuffle6_table: 498670 524000
hexx::tests::bench_foundation::bench_step_or: 2104260 2210000
hexx::tests::bench_foundation::bench_step_sequential: 5806270 6097000
hexx::tests::bench_foundation::bench_u128_and: 311690 328000
hexx::tests::bench_foundation::bench_u128_divrem: 298410 314000
hexx::tests::bench_foundation::bench_u128_divrem_bounded: 251880 265000
hexx::tests::bench_foundation::bench_u128_divrem_bounded_byte: 251880 265000
hexx::tests::bench_foundation::bench_u256_add: 337020 354000
hexx::tests::bench_foundation::bench_u256_and: 410290 431000
hexx::tests::bench_foundation::bench_u256_div_pow: 776990 816000
hexx::tests::bench_foundation::bench_u256_mul_pow: 1538240 1616000
hexx::tests::bench_foundation::bench_u256_or: 410290 431000
hexx::tests::bench_foundation::bench_u256_to_felt_checked: 247920 261000
hexx::tests::bench_foundation::bench_u256_to_felt_unchecked: 161790 170000
hexx::tests::bench_foundation::bench_u8_divrem: 251880 265000
hexx::tests::bench_foundation::bench_u8_divrem_bounded: 251880 265000
hexx::tests::bench_map::bench_map_compute_distribution: 193168 203000
hexx::tests::bench_map::bench_map_direct_compute_distribution: 193168 203000
hexx::tests::bench_map::bench_map_direct_distance_to: 501642 527000
hexx::tests::bench_map::bench_map_direct_field_of_movement: 254419 275000
hexx::tests::bench_map::bench_map_direct_hex_distance: 1088280 1143000
hexx::tests::bench_map::bench_map_direct_is_walkable: 849980 893000
hexx::tests::bench_map::bench_map_direct_keep_component: 536249 583000
hexx::tests::bench_map::bench_map_direct_neighbor: 781230 821000
hexx::tests::bench_map::bench_map_direct_new_cave: 141917 153000
hexx::tests::bench_map::bench_map_direct_new_empty: 18480 20000
hexx::tests::bench_map::bench_map_direct_new_hexagon: 125770 133000
hexx::tests::bench_map::bench_map_direct_new_maze: 2898024 3018000
hexx::tests::bench_map::bench_map_direct_new_random_walk: 968559 1050000
hexx::tests::bench_map::bench_map_direct_open_with_corridor: 63018 67000
hexx::tests::bench_map::bench_map_direct_open_with_maze: 61858 65000
hexx::tests::bench_map::bench_map_direct_range: 103793 109000
hexx::tests::bench_map::bench_map_direct_reachable: 536249 583000
hexx::tests::bench_map::bench_map_direct_search_path: 706135 742000
hexx::tests::bench_map::bench_map_direct_search_path_weighted: 1406744 1500000
hexx::tests::bench_map::bench_map_distance_to: 501642 527000
hexx::tests::bench_map::bench_map_field_of_movement: 254419 275000
hexx::tests::bench_map::bench_map_hex_distance: 1181340 1241000
hexx::tests::bench_map::bench_map_is_walkable: 849410 892000
hexx::tests::bench_map::bench_map_keep_component: 536249 583000
hexx::tests::bench_map::bench_map_keep_component_7x7: 97533 108000
hexx::tests::bench_map::bench_map_keep_component_maze: 1113493 1211000
hexx::tests::bench_map::bench_map_loop_baseline: 142090 150000
hexx::tests::bench_map::bench_map_neighbor: 837960 880000
hexx::tests::bench_map::bench_map_new_cave: 141917 153000
hexx::tests::bench_map::bench_map_new_empty: 18480 20000
hexx::tests::bench_map::bench_map_new_hexagon: 125770 133000
hexx::tests::bench_map::bench_map_new_maze: 2898024 3018000
hexx::tests::bench_map::bench_map_new_random_walk: 968559 1050000
hexx::tests::bench_map::bench_map_open_with_corridor: 63018 67000
hexx::tests::bench_map::bench_map_open_with_maze: 61858 65000
hexx::tests::bench_map::bench_map_range: 103793 109000
hexx::tests::bench_map::bench_map_reachable: 536249 583000
hexx::tests::bench_map::bench_map_ring: 99903 105000
hexx::tests::bench_map::bench_map_ring_7x7: 46403 49000
hexx::tests::bench_map::bench_map_ring_open_edge: 167673 177000
hexx::tests::bench_map::bench_map_scenario_17x14_1_cave: 141917 153000
hexx::tests::bench_map::bench_map_scenario_17x14_2_keep: 324254 351000
hexx::tests::bench_map::bench_map_scenario_17x14_3_corridor: 485218 523000
hexx::tests::bench_map::bench_map_scenario_17x14_4_distribution: 661983 721000
hexx::tests::bench_map::bench_map_scenario_17x14_5_total: 1138321 1222000
hexx::tests::bench_map::bench_map_scenario_7x7_1_cave: 80797 88000
hexx::tests::bench_map::bench_map_scenario_7x7_2_keep: 135546 149000
hexx::tests::bench_map::bench_map_scenario_7x7_3_corridor: 183307 200000
hexx::tests::bench_map::bench_map_scenario_7x7_4_distribution: 294602 325000
hexx::tests::bench_map::bench_map_scenario_7x7_5_total: 471458 510000
hexx::tests::bench_map::bench_map_search_path: 706135 742000
hexx::tests::bench_map::bench_map_search_path_weighted: 1406744 1500000
hexx::tests::bench_map::bench_map_variant_hex_distance_bounded_once: 1280340 1345000
hexx::tests::bench_map::bench_map_variant_hex_distance_max: 1241730 1304000
hexx::tests::bench_map::bench_map_variant_hex_distance_rows: 1375530 1445000
hexx::tests::bench_map::bench_map_variant_hex_distance_u16: 1220940 1282000
hexx::tests::bench_map::bench_map_variant_is_walkable_u16: 863410 907000
hexx::tests::bench_map::bench_map_variant_is_walkable_u8: 863410 907000
hexx::tests::bench_map::bench_map_variant_keep_component_caver: 533849 561000
hexx::tests::bench_map::bench_map_variant_keep_component_caver_7x7: 95333 101000
hexx::tests::bench_map::bench_map_variant_keep_component_caver_maze: 1111093 1167000
hexx::tests::bench_map::bench_map_variant_neighbor_row: 847560 890000
hexx::tests::bench_map::bench_map_variant_neighbor_u16: 857460 901000
hexx::tests::bench_map::bench_map_variant_neighbor_u8: 857460 901000
hexx::tests::bench_map::bench_map_variant_ring_two_ranges: 176300 186000
hexx::tests::bench_map::bench_map_variant_ring_two_ranges_7x7: 79688 84000
hexx::tests::bench_map::bench_map_variant_ring_two_ranges_open_edge: 269474 283000
hexx::tests::bench_mazer::bench_digger_corridor_17x14: 310722 331000
hexx::tests::bench_mazer::bench_digger_maze_17x14: 3094676 3392000
hexx::tests::bench_mazer::bench_mazer_17x14_order_0: 2900244 3020000
hexx::tests::bench_mazer::bench_mazer_17x14_order_0_seeds: 23068131 24752000
hexx::tests::bench_mazer::bench_mazer_17x14_order_1: 1499695 1575000
hexx::tests::bench_mazer::bench_mazer_17x14_order_1_seeds: 13857147 14551000
hexx::tests::bench_mazer::bench_mazer_19x13_order_0: 2890702 3036000
hexx::tests::bench_mazer::bench_mazer_7x7_order_0: 516043 551000
hexx::tests::bench_mazer::bench_mazer_variant_base_17x14: 3075284 3158000
hexx::tests::bench_mazer::bench_mazer_variant_base_17x14_order_1: 1590225 1670000
hexx::tests::bench_mazer::bench_mazer_variant_base_17x14_seeds: 24490061 25897000
hexx::tests::bench_mazer::bench_mazer_variant_bits_17x14: 9758598 10116000
hexx::tests::bench_mazer::bench_mazer_variant_divrem_17x14: 3451774 3549000
hexx::tests::bench_mazer::bench_mazer_variant_felt_17x14: 3129874 3218000
hexx::tests::bench_mazer::bench_mazer_variant_lazy_17x14_seeds: 26181248 27706000
hexx::tests::bench_mazer::bench_mazer_variant_rotation_17x14_seeds: 23063045 24326000
hexx::tests::bench_mazer::bench_mazer_variant_shuffle_17x14_seeds: 72986841 77306000
hexx::tests::bench_mazer::bench_mazer_variant_stack_17x14: 4650884 4771000
hexx::tests::bench_mazer::test_bench_mazer_tiles: 164411827 None
hexx::tests::bench_mazer::test_bench_mazer_variants_same_maze: 29943628 None
hexx::tests::bench_spreader::bench_spreader_baseline: 68560 72000
hexx::tests::bench_spreader::bench_spreader_generate_cave_17x14_1: 186639 196000
hexx::tests::bench_spreader::bench_spreader_generate_cave_17x14_20: 291588 307000
hexx::tests::bench_spreader::bench_spreader_generate_cave_17x14_5: 320687 337000
hexx::tests::bench_spreader::bench_spreader_generate_cave_17x14_60: 305451 321000
hexx::tests::bench_spreader::bench_spreader_generate_cave_7x7_1: 161121 170000
hexx::tests::bench_spreader::bench_spreader_generate_cave_7x7_20: 208954 231000
hexx::tests::bench_spreader::bench_spreader_generate_cave_7x7_5: 221614 233000
hexx::tests::bench_spreader::bench_spreader_generate_d30_17x14_1: 162113 171000
hexx::tests::bench_spreader::bench_spreader_generate_d30_17x14_20: 282016 297000
hexx::tests::bench_spreader::bench_spreader_generate_d30_17x14_5: 291349 322000
hexx::tests::bench_spreader::bench_spreader_generate_d30_17x14_60: 297015 312000
hexx::tests::bench_spreader::bench_spreader_generate_empty_17x14_1: 186639 196000
hexx::tests::bench_spreader::bench_spreader_generate_empty_17x14_20: 330186 347000
hexx::tests::bench_spreader::bench_spreader_generate_empty_17x14_5: 361304 380000
hexx::tests::bench_spreader::bench_spreader_generate_empty_17x14_60: 322940 340000
hexx::tests::bench_spreader::bench_spreader_generate_empty_7x7_1: 161121 170000
hexx::tests::bench_spreader::bench_spreader_generate_empty_7x7_20: 221964 234000
hexx::tests::bench_spreader::bench_spreader_generate_empty_7x7_5: 221624 233000
hexx::tests::bench_spreader::bench_spreader_generate_maze_17x14_1: 186639 196000
hexx::tests::bench_spreader::bench_spreader_generate_maze_17x14_20: 300718 316000
hexx::tests::bench_spreader::bench_spreader_generate_maze_17x14_5: 291749 307000
hexx::tests::bench_spreader::bench_spreader_generate_maze_17x14_60: 297112 312000
hexx::tests::bench_spreader::bench_spreader_generate_maze_7x7_1: 161121 170000
hexx::tests::bench_spreader::bench_spreader_generate_maze_7x7_16: 103059 112000
hexx::tests::bench_spreader::bench_spreader_generate_maze_7x7_5: 202811 224000
hexx::tests::bench_spreader::bench_spreader_generate_sparse2_10x25_1: 131176 143000
hexx::tests::bench_spreader::bench_spreader_generate_sparse5_17x14_1: 145545 158000
hexx::tests::bench_spreader::bench_spreader_generate_sparse5_17x14_2: 145445 158000
hexx::tests::bench_spreader::bench_spreader_micro_counts_u256: 250430 273000
hexx::tests::bench_spreader::bench_spreader_micro_deposit_u256: 325580 342000
hexx::tests::bench_spreader::bench_spreader_micro_level_u128: 168140 177000
hexx::tests::bench_spreader::bench_spreader_micro_level_u256: 224000 236000
hexx::tests::bench_spreader::bench_spreader_micro_loop: 31020 33000
hexx::tests::bench_spreader::bench_spreader_micro_popcount_bits: 230730 243000
hexx::tests::bench_spreader::bench_spreader_micro_popcount_limbs: 174830 184000
hexx::tests::bench_spreader::bench_spreader_micro_popcount_u128: 127800 135000
hexx::tests::bench_spreader::bench_spreader_micro_select_u128: 267609 281000
hexx::tests::bench_spreader::bench_spreader_micro_select_u256: 338228 374000
hexx::tests::bench_spreader::bench_spreader_micro_trial: 118012 124000
hexx::tests::bench_spreader::bench_spreader_micro_walk_u256: 367430 386000
hexx::tests::bench_walker::bench_walker_17x14_0: 34901 39000
hexx::tests::bench_walker::bench_walker_17x14_200: 970779 1052000
hexx::tests::bench_walker::bench_walker_17x14_50: 294005 317000
hexx::tests::bench_walker::bench_walker_17x14_500: 2411657 2591000
hexx::tests::bench_walker::bench_walker_17x14_504: 2406413 2587000
hexx::tests::bench_walker::bench_walker_19x13_200: 972589 1060000
hexx::tests::bench_walker::bench_walker_3x3_50: 297365 321000
hexx::tests::bench_walker::bench_walker_7x7_200: 962659 1045000
hexx::tests::bench_walker::bench_walker_7x7_50: 294305 318000
hexx::tests::bench_walker::bench_walker_variant_grid_limb: 2755538 2896000
hexx::tests::bench_walker::bench_walker_variant_grid_or_each: 3611395 3794000
hexx::tests::bench_walker::bench_walker_variant_grid_or_felt: 4464835 4690000
hexx::tests::bench_walker::bench_walker_variant_grid_test_add: 4515275 4743000
hexx::tests::bench_walker::bench_walker_variant_loop_12: 2734403 2873000
hexx::tests::bench_walker::bench_walker_variant_loop_12_inline: 2677283 2813000
hexx::tests::bench_walker::bench_walker_variant_loop_3: 3444593 3619000
hexx::tests::bench_walker::bench_walker_variant_loop_36: 2576493 2708000
hexx::tests::bench_walker::bench_walker_variant_loop_36_inline: 2519373 2648000
hexx::tests::bench_walker::bench_walker_variant_loop_6: 2971133 3122000
hexx::tests::bench_walker::bench_walker_variant_move_coords: 2705113 2843000
hexx::tests::bench_walker::bench_walker_variant_move_index_mask: 5949325 6249000
hexx::tests::bench_walker::bench_walker_variant_move_one_hot_and: 4553237 4783000
hexx::tests::bench_walker::bench_walker_variant_naive: 6422084 6744000
hexx::tests::bench_walker::bench_walker_variant_random_next_below: 3500126 3676000
hexx::tests::bench_walker::bench_walker_variant_random_octal: 6365836 6686000
hexx::tests::bench_walker::bench_walker_variant_random_pairs: 2853829 2999000
hexx::tests::bench_walker::bench_walker_variant_winner: 2655493 2791000
hexx::tests::fixtures::tests::test_fixture_cave_17x14: 101866529 None
hexx::tests::fixtures::tests::test_fixture_cave_7x7: 7985002 None
hexx::tests::fixtures::tests::test_fixture_empty_17x14: 88209766 None
hexx::tests::fixtures::tests::test_fixture_empty_7x7: 9034956 None
hexx::tests::fixtures::tests::test_fixture_maze_17x14: 170143916 None
hexx::tests::fixtures::tests::test_fixture_maze_7x7: 10719944 None
hexx::tests::fixtures::tests::test_fixture_serpentine_17x14: 264663493 None
hexx::tests::fixtures::tests::test_fixture_serpentine_7x7: 11958704 None
hexx::tests::fixtures::tests::test_fixture_unreachable_17x14: 52515116 None
hexx::tests::fixtures::tests::test_fixture_unreachable_7x7: 4678492 None
hexx::tests::properties::test_properties_bit_variants: 10488006 None
hexx::tests::properties::test_properties_distance_7x7_all_pairs: 549355564 None
hexx::tests::properties::test_properties_distance_large_boards: 930645572 None
hexx::tests::properties::test_properties_expand_17x14: 332249130 None
hexx::tests::properties::test_properties_expand_19x13: 357247573 None
hexx::tests::properties::test_properties_expand_25x10: 355690566 None
hexx::tests::properties::test_properties_expand_3x3: 5530924 None
hexx::tests::properties::test_properties_expand_3x83: 160003629 None
hexx::tests::properties::test_properties_expand_7x7: 16992796 None
hexx::tests::properties::test_properties_expand_83x3: 159997419 None
hexx::tests::properties::test_properties_expand_fixtures: 80461202 None
hexx::tests::properties::test_properties_hexagon: 12113482 None
hexx::tests::properties::test_properties_masks: 10460830 None
hexx::tests::properties::test_properties_neighbor_17x14: 33672170 None
hexx::tests::properties::test_properties_neighbor_3x3: 1023460 None
hexx::tests::properties::test_properties_neighbor_7x7: 6496500 None
hexx::tests::properties::test_properties_neighbor_83x3: 31934650 None
hexx::tests::properties::test_properties_sequential_step: 102788 None
hexx::tests::properties::test_properties_shuffle6_fisher_yates_is_permutation: 159168 None
hexx_integrationtest::readme::test_readme_create: 5635725 None
hexx_integrationtest::readme::test_readme_endpoint_on_wall_panics: 494141 None
hexx_integrationtest::readme::test_readme_find_paths: 2562554 None
hexx_integrationtest::readme::test_readme_migration: 57131 None
hexx_integrationtest::readme::test_readme_open: 2030366 None
hexx_integrationtest::readme::test_readme_place_objects: 668369 None
hexx_integrationtest::readme::test_readme_query_areas: 1322457 None
