# gas: measured budget
hexx::board::asserter::tests::test_asserter_edges_and_corners: 15340 16107
hexx::board::asserter::tests::test_asserter_revert_corner: 15520 16296
hexx::board::asserter::tests::test_asserter_revert_not_edge: 15520 16296
hexx::board::asserter::tests::test_asserter_revert_outside: 15520 16296
hexx::board::asserter::tests::test_asserter_revert_too_large: 15520 16296
hexx::board::asserter::tests::test_asserter_revert_too_small: 15520 16296
hexx::board::asserter::tests::test_asserter_revert_u8_overflow: 15520 16296
hexx::board::asserter::tests::test_asserter_valid_dimensions: 13720 14406
hexx::board::bits::tests::test_bits_bitwise: 32229 33841
hexx::board::bits::tests::test_bits_get_set_unset: 5079149 5333107
hexx::board::bits::tests::test_bits_inv: 1051210 1103771
hexx::board::bits::tests::test_bits_popcount: 5378875 5647819
hexx::board::bits::tests::test_bits_pow: 19450 20423
hexx::board::bits::tests::test_bits_shifts: 20620 21651
hexx::board::bits::tests::test_bits_to_felt: 16850 17693
hexx::board::direction::tests::test_direction_next_even_row: 13720 14406
hexx::board::direction::tests::test_direction_next_odd_row: 13720 14406
hexx::board::direction::tests::test_direction_next_opposite_round_trip: 46810 49151
hexx::board::direction::tests::test_direction_opposite: 55610 58391
hexx::board::direction::tests::test_direction_pop_front: 13720 14406
hexx::board::direction::tests::test_direction_round_trip: 29510 30986
hexx::board::geometry::tests::test_geometry_distance_design_checks: 13720 14406
hexx::board::geometry::tests::test_geometry_to_axial: 13720 14406
hexx::board::map::tests::test_map_compute_distribution: 385514 404790
hexx::board::map::tests::test_map_distance_to_walls_block: 62430 65552
hexx::board::map::tests::test_map_distance_unreachable: 507470 532844
hexx::board::map::tests::test_map_finders: 6479792 6803782
hexx::board::map::tests::test_map_hex_distance_revert_from_outside: 17980 18879
hexx::board::map::tests::test_map_hex_distance_revert_to_outside: 17980 18879
hexx::board::map::tests::test_map_is_walkable: 32632 34264
hexx::board::map::tests::test_map_is_walkable_outside: 26399 27719
hexx::board::map::tests::test_map_keep_component: 685481 719756
hexx::board::map::tests::test_map_keep_component_revert_wall: 74173 77882
hexx::board::map::tests::test_map_neighbor: 13720 14406
hexx::board::map::tests::test_map_neighbor_outside: 49370 51839
hexx::board::map::tests::test_map_new: 13720 14406
hexx::board::map::tests::test_map_new_empty: 26630 27962
hexx::board::map::tests::test_map_new_empty_revert_invalid_dimension: 15520 16296
hexx::board::map::tests::test_map_new_generators: 10542940 11070087
hexx::board::map::tests::test_map_new_hexagon: 425215 446476
hexx::board::map::tests::test_map_new_hexagon_revert_radius: 15520 16296
hexx::board::map::tests::test_map_open: 187446 196819
hexx::board::map::tests::test_map_open_with_corridor_revert_corner: 18180 19089
hexx::board::map::tests::test_map_ring_fused: 148111018 155516569
hexx::board::map::tests::test_map_ring_open_edge: 85626106 89907412
hexx::board::map::tests::test_map_ring_revert_outside: 15520 16296
hexx::board::map::tests::test_map_ring_revert_wall: 135139 141896
hexx::board::map::tests::test_map_ring_values: 227936 239333
hexx::board::map::tests::test_map_scenario_17x14: 1491125 1565682
hexx::board::map::tests::test_map_scenario_7x7: 471478 495052
hexx::board::map::tests::test_map_search_path_weighted_revert_costs: 15520 16296
hexx::board::printer::tests::test_printer_render_shifts_even_rows: 810530 851057
hexx::board::printer::tests::test_printer_render_with_path: 820855 861898
hexx::board::rng::tests::test_rng_deterministic: 922916 969062
hexx::board::rng::tests::test_rng_mix: 22705 23841
hexx::board::rng::tests::test_rng_next_below_range: 4856855 5099698
hexx::board::rng::tests::test_rng_permutations_table: 31286100 32850405
hexx::board::rng::tests::test_rng_shuffle6: 100432 105454
hexx::board::tables::tests::test_tables_bands: 903010 948161
hexx::finders::bfs::tests::test_bfs_corners: 225456445 236729268
hexx::finders::bfs::tests::test_bfs_digger_entrances: 617343036 648210188
hexx::finders::bfs::tests::test_bfs_distance_revert_wall: 22976 24125
hexx::finders::bfs::tests::test_bfs_edge_adjacent_interior: 67060305 70413321
hexx::finders::bfs::tests::test_bfs_edge_closed: 14481974 15206073
hexx::finders::bfs::tests::test_bfs_edge_to_edge_no_shortcut: 95419398 100190368
hexx::finders::bfs::tests::test_bfs_edge_to_interior: 712849764 748492253
hexx::finders::bfs::tests::test_bfs_fixtures_17x14: 165072298 173325913
hexx::finders::bfs::tests::test_bfs_fixtures_7x7: 27410881 28781426
hexx::finders::bfs::tests::test_bfs_range_fixtures: 169831626 178323208
hexx::finders::bfs::tests::test_bfs_range_revert_dimension: 15520 16296
hexx::finders::bfs::tests::test_bfs_range_revert_outside: 15520 16296
hexx::finders::bfs::tests::test_bfs_range_zero: 24143 25351
hexx::finders::bfs::tests::test_bfs_reachable_fixtures: 49150138 51607645
hexx::finders::bfs::tests::test_bfs_reachable_matches_caver: 6938611 7285542
hexx::finders::bfs::tests::test_bfs_reachable_revert_wall: 74173 77882
hexx::finders::bfs::tests::test_bfs_reference_matches_layers: 132649153 139281611
hexx::finders::bfs::tests::test_bfs_sample_cave_17x14: 334122171 350828280
hexx::finders::bfs::tests::test_bfs_sample_maze_17x14: 262576189 275704999
hexx::finders::bfs::tests::test_bfs_sample_random_caves: 479595594 503575374
hexx::finders::bfs::tests::test_bfs_sample_random_mazes: 118760451 124698474
hexx::finders::bfs::tests::test_bfs_search_print: 17025662 17876946
hexx::finders::bfs::tests::test_bfs_search_revert_dimension: 15520 16296
hexx::finders::bfs::tests::test_bfs_search_revert_edge_wall: 21943 23041
hexx::finders::bfs::tests::test_bfs_search_revert_outside: 15520 16296
hexx::finders::bfs::tests::test_bfs_search_revert_start_wall: 21963 23062
hexx::finders::bfs::tests::test_bfs_search_revert_target_wall: 23916 25112
hexx::finders::bfs::tests::test_bfs_sizes: 650716129 683251936
hexx::finders::dial::tests::test_dial_field_of_movement: 255437 268209
hexx::finders::dial::tests::test_dial_field_of_movement_edges: 50788521 53327948
hexx::finders::dial::tests::test_dial_field_revert_not_walkable: 49848 52341
hexx::finders::dial::tests::test_dial_field_revert_too_many_costs: 15520 16296
hexx::finders::dial::tests::test_dial_search_detour: 7464589 7837819
hexx::finders::dial::tests::test_dial_search_dimensions: 49589043 52068496
hexx::finders::dial::tests::test_dial_search_edges: 49541985 52019085
hexx::finders::dial::tests::test_dial_search_edges_adjacent: 5604885 5885130
hexx::finders::dial::tests::test_dial_search_overlap_highest_class_wins: 7461898 7834993
hexx::finders::dial::tests::test_dial_search_revert_dimension: 15520 16296
hexx::finders::dial::tests::test_dial_search_revert_from_not_walkable: 19873 20867
hexx::finders::dial::tests::test_dial_search_revert_outside: 15520 16296
hexx::finders::dial::tests::test_dial_search_revert_to_not_walkable: 22396 23516
hexx::finders::dial::tests::test_dial_search_revert_too_many_costs: 15520 16296
hexx::finders::dial::tests::test_dial_search_trivial: 230365 241884
hexx::finders::dial::tests::test_dial_search_unit: 5654295 5937010
hexx::generators::caver::tests::test_caver_generate_17x14: 143737 150924
hexx::generators::caver::tests::test_caver_generate_19x13: 143837 151029
hexx::generators::caver::tests::test_caver_generate_3x3: 6923122 7269279
hexx::generators::caver::tests::test_caver_generate_7x7: 82617 86748
hexx::generators::caver::tests::test_caver_generate_invariants_11x11: 319035698 334987483
hexx::generators::caver::tests::test_caver_generate_invariants_16x8: 329773018 346261669
hexx::generators::caver::tests::test_caver_generate_invariants_17x14: 709699028 745183980
hexx::generators::caver::tests::test_caver_generate_invariants_19x13: 737016578 773867407
hexx::generators::caver::tests::test_caver_generate_invariants_25x10: 724537398 760764268
hexx::generators::caver::tests::test_caver_generate_invariants_3x83: 341907968 359003367
hexx::generators::caver::tests::test_caver_generate_invariants_7x7: 100960428 106008450
hexx::generators::caver::tests::test_caver_generate_invariants_83x3: 319572628 335551260
hexx::generators::caver::tests::test_caver_generate_order_zero: 39334 41301
hexx::generators::caver::tests::test_caver_generate_revert_too_large: 15520 16296
hexx::generators::caver::tests::test_caver_generate_revert_too_small: 15520 16296
hexx::generators::caver::tests::test_caver_generate_seeds_differ: 272134 285741
hexx::generators::caver::tests::test_caver_keep_component_closed: 23726954 24913302
hexx::generators::caver::tests::test_caver_keep_component_revert_wall: 42035 44137
hexx::generators::caver::tests::test_caver_keep_component_single: 115740 121527
hexx::generators::caver::tests::test_caver_keep_component_split: 565472 593746
hexx::generators::digger::tests::test_digger_corridor: 682116 716222
hexx::generators::digger::tests::test_digger_corridor_open_neighbour: 715396 751166
hexx::generators::digger::tests::test_digger_corridor_order_1: 707323 742690
hexx::generators::digger::tests::test_digger_every_edge: 53650060 56332563
hexx::generators::digger::tests::test_digger_maze_order_0: 4151716 4359302
hexx::generators::digger::tests::test_digger_maze_order_1: 783650 822833
hexx::generators::digger::tests::test_digger_revert_corner: 18180 19089
hexx::generators::digger::tests::test_digger_revert_not_edge: 18180 19089
hexx::generators::digger::tests::test_digger_revert_order: 15520 16296
hexx::generators::mazer::tests::test_mazer_generate_17x14_order_0: 7906264 8301578
hexx::generators::mazer::tests::test_mazer_generate_17x14_order_1: 10210663 10721197
hexx::generators::mazer::tests::test_mazer_generate_19x13: 9009543 9460021
hexx::generators::mazer::tests::test_mazer_generate_3x3: 192342 201960
hexx::generators::mazer::tests::test_mazer_generate_7x7: 2547193 2674553
hexx::generators::mazer::tests::test_mazer_generate_deterministic: 11471097 12044652
hexx::generators::mazer::tests::test_mazer_generate_dimensions: 338532768 355459407
hexx::generators::mazer::tests::test_mazer_generate_revert_dimension: 15520 16296
hexx::generators::mazer::tests::test_mazer_generate_revert_order: 15520 16296
hexx::generators::mazer::tests::test_mazer_masks_order_0_17x14: 899393195 944362855
hexx::generators::mazer::tests::test_mazer_masks_order_0_7x7: 118150485 124058010
hexx::generators::mazer::tests::test_mazer_masks_order_1_17x14: 912731011 958367562
hexx::generators::mazer::tests::test_mazer_masks_order_1_19x13: 1154240151 1211952159
hexx::generators::mazer::tests::test_mazer_masks_order_1_7x7: 121610251 127690764
hexx::generators::spreader::tests::test_spreader_all_or_nothing: 161033 169085
hexx::generators::spreader::tests::test_spreader_bias_field_bits: 85280 89544
hexx::generators::spreader::tests::test_spreader_bias_pool: 449860 472353
hexx::generators::spreader::tests::test_spreader_cave_17x14: 198057 207960
hexx::generators::spreader::tests::test_spreader_cave_7x7: 108389 113809
hexx::generators::spreader::tests::test_spreader_deposit: 105692 110977
hexx::generators::spreader::tests::test_spreader_deterministic: 755520 793296
hexx::generators::spreader::tests::test_spreader_dimensions: 1502291 1577406
hexx::generators::spreader::tests::test_spreader_invariants: 3558454 3736377
hexx::generators::spreader::tests::test_spreader_maze_17x14_complement: 214596 225326
hexx::generators::spreader::tests::test_spreader_revert_invalid_dimension: 15520 16296
hexx::generators::spreader::tests::test_spreader_revert_invalid_grid: 21820 22911
hexx::generators::spreader::tests::test_spreader_revert_not_enough_place: 64431 67653
hexx::generators::spreader::tests::test_spreader_revert_not_enough_place_large: 74250 77963
hexx::generators::spreader::tests::test_spreader_select_small: 34638083 36369988
hexx::generators::spreader::tests::test_spreader_select_wide: 164402577 172622706
hexx::generators::spreader::tests::test_spreader_subset_table: 8889829 9334321
hexx::generators::spreader::tests::test_spreader_uniform_density_30_picks: 70889866 74434360
hexx::generators::spreader::tests::test_spreader_uniform_density_30_radix: 64921016 68167067
hexx::generators::spreader::tests::test_spreader_uniform_large_complement: 160162506 168170632
hexx::generators::spreader::tests::test_spreader_uniform_large_picks: 103545765 108723054
hexx::generators::spreader::tests::test_spreader_uniform_large_radix: 107042278 112394392
hexx::generators::spreader::tests::test_spreader_uniform_small_picks: 49255797 51718587
hexx::generators::spreader::tests::test_spreader_uniform_small_radix: 52226932 54838279
hexx::generators::spreader::tests::test_spreader_uniform_sparse_five: 31350677 32918211
hexx::generators::spreader::tests::test_spreader_uniform_sparse_two: 104574903 109803649
hexx::generators::walker::tests::test_walker_deterministic: 2875327 3019094
hexx::generators::walker::tests::test_walker_generate_17x14: 2411257 2531820
hexx::generators::walker::tests::test_walker_generate_19x13: 972189 1020799
hexx::generators::walker::tests::test_walker_generate_3x3: 138954 145902
hexx::generators::walker::tests::test_walker_generate_7x7: 293905 308601
hexx::generators::walker::tests::test_walker_generate_no_step: 37891 39786
hexx::generators::walker::tests::test_walker_reference_seeds: 310866289 326409604
hexx::generators::walker::tests::test_walker_reference_sizes: 161145591 169202871
hexx::generators::walker::tests::test_walker_reference_small_steps: 201823689 211914874
hexx::generators::walker::tests::test_walker_revert_too_large: 15520 16296
hexx::generators::walker::tests::test_walker_revert_too_narrow: 15520 16296
hexx::tests::bench_assembly::bench_assembly_assemble_once: 58264 61178
hexx::tests::bench_assembly::bench_assembly_assemble_twice: 97698 102583
hexx::tests::bench_assembly::bench_assembly_local_once: 21120 22176
hexx::tests::bench_assembly::bench_assembly_local_twice: 24200 25410
hexx::tests::bench_assembly::bench_assembly_origin_once: 21670 22754
hexx::tests::bench_assembly::bench_assembly_origin_twice: 25300 26565
hexx::tests::bench_assembly::bench_assembly_window_once: 83064 87218
hexx::tests::bench_assembly::bench_assembly_window_twice: 147298 154663
hexx::tests::bench_assembly::bench_assembly_window_two_chunks_once: 83064 87218
hexx::tests::bench_assembly::bench_assembly_window_two_chunks_twice: 147298 154663
hexx::tests::bench_bfs::bench_bfs_distance_cave_far_17x14: 501942 527040
hexx::tests::bench_bfs::bench_bfs_distance_cave_far_7x7: 88923 93370
hexx::tests::bench_bfs::bench_bfs_distance_empty_far_17x14: 407159 427517
hexx::tests::bench_bfs::bench_bfs_distance_empty_far_7x7: 88923 93370
hexx::tests::bench_bfs::bench_bfs_distance_maze_far_17x14: 1058347 1111265
hexx::tests::bench_bfs::bench_bfs_distance_maze_far_7x7: 154812 162553
hexx::tests::bench_bfs::bench_bfs_distance_serpentine_far_17x14: 1774065 1862769
hexx::tests::bench_bfs::bench_bfs_distance_serpentine_far_7x7: 167851 176244
hexx::tests::bench_bfs::bench_bfs_distance_unreachable_far_17x14: 259880 272874
hexx::tests::bench_bfs::bench_bfs_distance_unreachable_far_17x14_library: 259580 272559
hexx::tests::bench_bfs::bench_bfs_distance_unreachable_far_7x7: 87603 91984
hexx::tests::bench_bfs::bench_bfs_distance_unreachable_near_17x14_library: 261778 274867
hexx::tests::bench_bfs::bench_bfs_keep_component_cave_17x14: 535769 562558
hexx::tests::bench_bfs::bench_bfs_keep_component_cave_7x7: 97253 102116
hexx::tests::bench_bfs::bench_bfs_keep_component_maze_17x14: 1113013 1168664
hexx::tests::bench_bfs::bench_bfs_keep_component_maze_7x7: 164579 172808
hexx::tests::bench_bfs::bench_bfs_keep_component_serpentine_17x14: 1840935 1932982
hexx::tests::bench_bfs::bench_bfs_keep_component_serpentine_7x7: 174197 182907
hexx::tests::bench_bfs::bench_bfs_keep_component_unreachable_17x14: 264411 277632
hexx::tests::bench_bfs::bench_bfs_keep_component_unreachable_7x7: 78017 81918
hexx::tests::bench_bfs::bench_bfs_range_3_cave_17x14: 84507 88733
hexx::tests::bench_bfs::bench_bfs_range_3_cave_7x7: 62061 65165
hexx::tests::bench_bfs::bench_bfs_range_3_empty_17x14: 91617 96198
hexx::tests::bench_bfs::bench_bfs_range_3_empty_7x7: 62061 65165
hexx::tests::bench_bfs::bench_bfs_range_3_maze_17x14: 90627 95159
hexx::tests::bench_bfs::bench_bfs_range_3_maze_7x7: 62061 65165
hexx::tests::bench_bfs::bench_bfs_range_6_cave_17x14: 145825 153117
hexx::tests::bench_bfs::bench_bfs_range_6_cave_7x7: 92415 97036
hexx::tests::bench_bfs::bench_bfs_range_6_empty_17x14: 159255 167218
hexx::tests::bench_bfs::bench_bfs_range_6_empty_7x7: 92415 97036
hexx::tests::bench_bfs::bench_bfs_range_6_maze_17x14: 149575 157054
hexx::tests::bench_bfs::bench_bfs_range_6_maze_7x7: 92415 97036
hexx::tests::bench_bfs::bench_bfs_reachable_cave_17x14: 538169 565078
hexx::tests::bench_bfs::bench_bfs_reachable_cave_7x7: 99453 104426
hexx::tests::bench_bfs::bench_bfs_reachable_maze_17x14: 1115413 1171184
hexx::tests::bench_bfs::bench_bfs_reachable_maze_7x7: 166779 175118
hexx::tests::bench_bfs::bench_bfs_reachable_serpentine_17x14: 1843335 1935502
hexx::tests::bench_bfs::bench_bfs_reachable_serpentine_7x7: 176397 185217
hexx::tests::bench_bfs::bench_bfs_reachable_unreachable_17x14: 266811 280152
hexx::tests::bench_bfs::bench_bfs_reachable_unreachable_7x7: 80217 84228
hexx::tests::bench_bfs::bench_bfs_search_cave_far_17x14: 706135 741442
hexx::tests::bench_bfs::bench_bfs_search_cave_far_7x7: 131733 138320
hexx::tests::bench_bfs::bench_bfs_search_cave_near_17x14: 112141 117749
hexx::tests::bench_bfs::bench_bfs_search_cave_near_7x7: 81521 85598
hexx::tests::bench_bfs::bench_bfs_search_empty_far_17x14: 570033 598535
hexx::tests::bench_bfs::bench_bfs_search_empty_far_7x7: 131733 138320
hexx::tests::bench_bfs::bench_bfs_search_empty_near_17x14: 107285 112650
hexx::tests::bench_bfs::bench_bfs_search_empty_near_7x7: 82241 86354
hexx::tests::bench_bfs::bench_bfs_search_maze_far_17x14: 1519526 1595503
hexx::tests::bench_bfs::bench_bfs_search_maze_far_7x7: 239984 251984
hexx::tests::bench_bfs::bench_bfs_search_maze_near_17x14: 102815 107956
hexx::tests::bench_bfs::bench_bfs_search_maze_near_7x7: 78204 82115
hexx::tests::bench_bfs::bench_bfs_search_serpentine_far_17x14: 2532090 2658695
hexx::tests::bench_bfs::bench_bfs_search_serpentine_far_7x7: 257269 270133
hexx::tests::bench_bfs::bench_bfs_search_serpentine_near_17x14: 102295 107410
hexx::tests::bench_bfs::bench_bfs_search_serpentine_near_7x7: 80361 84380
hexx::tests::bench_bfs::bench_bfs_search_unreachable_far_17x14: 263320 276486
hexx::tests::bench_bfs::bench_bfs_search_unreachable_far_7x7: 89843 94336
hexx::tests::bench_bfs::bench_bfs_search_unreachable_near_17x14: 266118 279424
hexx::tests::bench_bfs::bench_bfs_search_unreachable_near_7x7: 67873 71267
hexx::tests::bench_bfs::bench_bfs_variant_back_bits_cave_17x14: 987886 1037281
hexx::tests::bench_bfs::bench_bfs_variant_back_bits_empty_17x14: 845255 887518
hexx::tests::bench_bfs::bench_bfs_variant_back_bits_maze_17x14: 2209641 2320124
hexx::tests::bench_bfs::bench_bfs_variant_back_bits_serpentine_17x14: 3393838 3563530
hexx::tests::bench_bfs::bench_bfs_variant_back_harness_cave_17x14: 807525 847902
hexx::tests::bench_bfs::bench_bfs_variant_back_harness_empty_17x14: 653073 685727
hexx::tests::bench_bfs::bench_bfs_variant_back_harness_maze_17x14: 1693586 1778266
hexx::tests::bench_bfs::bench_bfs_variant_back_harness_serpentine_17x14: 2811550 2952128
hexx::tests::bench_bfs::bench_bfs_variant_back_straight_cave_17x14: 870294 913809
hexx::tests::bench_bfs::bench_bfs_variant_back_straight_empty_17x14: 654801 687542
hexx::tests::bench_bfs::bench_bfs_variant_back_straight_maze_17x14: 2096317 2201133
hexx::tests::bench_bfs::bench_bfs_variant_back_straight_serpentine_17x14: 2919346 3065314
hexx::tests::bench_bfs::bench_bfs_variant_back_window_cave_17x14: 810320 850836
hexx::tests::bench_bfs::bench_bfs_variant_back_window_empty_17x14: 658407 691328
hexx::tests::bench_bfs::bench_bfs_variant_back_window_maze_17x14: 1683669 1767853
hexx::tests::bench_bfs::bench_bfs_variant_back_window_serpentine_17x14: 2768869 2907313
hexx::tests::bench_bfs::bench_bfs_variant_bidirectional_cave_far_17x14: 615510 646286
hexx::tests::bench_bfs::bench_bfs_variant_bidirectional_cave_near_17x14: 150158 157666
hexx::tests::bench_bfs::bench_bfs_variant_bidirectional_empty_far_17x14: 525110 551366
hexx::tests::bench_bfs::bench_bfs_variant_bidirectional_empty_near_17x14: 145358 152626
hexx::tests::bench_bfs::bench_bfs_variant_bidirectional_maze_far_17x14: 1295008 1359759
hexx::tests::bench_bfs::bench_bfs_variant_bidirectional_maze_near_17x14: 138788 145728
hexx::tests::bench_bfs::bench_bfs_variant_bidirectional_serpentine_far_17x14: 2146182 2253492
hexx::tests::bench_bfs::bench_bfs_variant_bidirectional_serpentine_near_17x14: 139158 146116
hexx::tests::bench_bfs::bench_bfs_variant_bidirectional_unreachable_far_17x14: 617532 648409
hexx::tests::bench_bfs::bench_bfs_variant_bidirectional_unreachable_near_17x14: 540224 567236
hexx::tests::bench_bfs::bench_bfs_variant_checkpoints_cave_17x14: 1221303 1282369
hexx::tests::bench_bfs::bench_bfs_variant_checkpoints_empty_17x14: 966077 1014381
hexx::tests::bench_bfs::bench_bfs_variant_checkpoints_maze_17x14: 2645944 2778242
hexx::tests::bench_bfs::bench_bfs_variant_checkpoints_serpentine_17x14: 4436402 4658223
hexx::tests::bench_bfs::bench_bfs_variant_distance_corelib_cave_17x14: 686868 721212
hexx::tests::bench_bfs::bench_bfs_variant_distance_corelib_empty_17x14: 519092 545047
hexx::tests::bench_bfs::bench_bfs_variant_distance_corelib_maze_17x14: 1410054 1480557
hexx::tests::bench_bfs::bench_bfs_variant_distance_corelib_serpentine_17x14: 2383138 2502295
hexx::tests::bench_bfs::bench_bfs_variant_distance_every_two_cave_17x14: 588856 618299
hexx::tests::bench_bfs::bench_bfs_variant_distance_every_two_empty_17x14: 467808 491199
hexx::tests::bench_bfs::bench_bfs_variant_distance_every_two_maze_17x14: 1172002 1230603
hexx::tests::bench_bfs::bench_bfs_variant_distance_every_two_serpentine_17x14: 1940900 2037945
hexx::tests::bench_bfs::bench_bfs_variant_distance_free_test_cave_17x14: 622048 653151
hexx::tests::bench_bfs::bench_bfs_variant_distance_free_test_empty_17x14: 469602 493083
hexx::tests::bench_bfs::bench_bfs_variant_distance_free_test_maze_17x14: 1266894 1330239
hexx::tests::bench_bfs::bench_bfs_variant_distance_free_test_serpentine_17x14: 2141968 2249067
hexx::tests::bench_bfs::bench_bfs_variant_distance_harness_cave_17x14: 615538 646315
hexx::tests::bench_bfs::bench_bfs_variant_distance_harness_empty_17x14: 469392 492862
hexx::tests::bench_bfs::bench_bfs_variant_distance_harness_maze_17x14: 1255284 1318049
hexx::tests::bench_bfs::bench_bfs_variant_distance_harness_serpentine_17x14: 2117758 2223646
hexx::tests::bench_bfs::bench_bfs_variant_distance_harness_two_cave_17x14: 584948 614196
hexx::tests::bench_bfs::bench_bfs_variant_distance_harness_two_empty_17x14: 469402 492873
hexx::tests::bench_bfs::bench_bfs_variant_distance_harness_two_maze_17x14: 1202284 1262399
hexx::tests::bench_bfs::bench_bfs_variant_distance_harness_two_serpentine_17x14: 2006168 2106477
hexx::tests::bench_bfs::bench_bfs_variant_distance_no_gap_cave_17x14: 606394 636714
hexx::tests::bench_bfs::bench_bfs_variant_distance_no_gap_empty_17x14: 503204 528365
hexx::tests::bench_bfs::bench_bfs_variant_distance_no_gap_maze_17x14: 1278432 1342354
hexx::tests::bench_bfs::bench_bfs_variant_distance_no_gap_serpentine_17x14: 2127366 2233735
hexx::tests::bench_bfs::bench_bfs_variant_felt_layers_cave_17x14: 818655 859588
hexx::tests::bench_bfs::bench_bfs_variant_felt_layers_empty_17x14: 667943 701341
hexx::tests::bench_bfs::bench_bfs_variant_felt_layers_maze_17x14: 1715816 1801607
hexx::tests::bench_bfs::bench_bfs_variant_felt_layers_serpentine_17x14: 2837270 2979134
hexx::tests::bench_bfs::bench_bfs_variant_recompute_cave_17x14: 6424509 6745735
hexx::tests::bench_bfs::bench_bfs_variant_recompute_empty_17x14: 4243857 4456050
hexx::tests::bench_bfs::bench_bfs_variant_scalar_cave_far_17x14: 12389976 13009475
hexx::tests::bench_bfs::bench_bfs_variant_scalar_cave_far_7x7: 2068418 2171839
hexx::tests::bench_bfs::bench_bfs_variant_scalar_cave_near_17x14: 1949686 2047171
hexx::tests::bench_bfs::bench_bfs_variant_scalar_cave_near_7x7: 1909050 2004503
hexx::tests::bench_bfs::bench_bfs_variant_scalar_empty_far_17x14: 17282104 18146210
hexx::tests::bench_bfs::bench_bfs_variant_scalar_empty_far_7x7: 2258243 2371156
hexx::tests::bench_bfs::bench_bfs_variant_scalar_empty_near_17x14: 3773885 3962580
hexx::tests::bench_bfs::bench_bfs_variant_scalar_empty_near_7x7: 1845052 1937305
hexx::tests::bench_bfs::bench_bfs_variant_scalar_maze_far_17x14: 7826466 8217790
hexx::tests::bench_bfs::bench_bfs_variant_scalar_maze_far_7x7: 1321244 1387307
hexx::tests::bench_bfs::bench_bfs_variant_scalar_maze_near_17x14: 391163 410722
hexx::tests::bench_bfs::bench_bfs_variant_scalar_maze_near_7x7: 555507 583283
hexx::tests::bench_bfs::bench_bfs_variant_scalar_serpentine_far_17x14: 8209741 8620229
hexx::tests::bench_bfs::bench_bfs_variant_scalar_serpentine_far_7x7: 1420993 1492043
hexx::tests::bench_bfs::bench_bfs_variant_scalar_serpentine_near_17x14: 474320 498036
hexx::tests::bench_bfs::bench_bfs_variant_scalar_serpentine_near_7x7: 555667 583451
hexx::tests::bench_bfs::bench_bfs_variant_scalar_unreachable_far_17x14: 7994033 8393735
hexx::tests::bench_bfs::bench_bfs_variant_scalar_unreachable_far_7x7: 907481 952856
hexx::tests::bench_bfs::bench_bfs_variant_scalar_unreachable_near_17x14: 7993463 8393137
hexx::tests::bench_bfs::bench_bfs_variant_scalar_unreachable_near_7x7: 907481 952856
hexx::tests::bench_bfs::bench_bfs_variant_wide_cave_far_7x7: 193861 203555
hexx::tests::bench_bfs::bench_bfs_variant_wide_empty_far_7x7: 193861 203555
hexx::tests::bench_bfs::bench_bfs_variant_wide_maze_far_7x7: 373308 391974
hexx::tests::bench_bfs::bench_bfs_variant_wide_serpentine_far_7x7: 402771 422910
hexx::tests::bench_bfs::bench_bfs_variant_wide_unreachable_far_7x7: 143651 150834
hexx::tests::bench_caver::bench_caver_fill_dense_17x14: 31973 33572
hexx::tests::bench_caver::bench_caver_fill_half_17x14: 28097 29502
hexx::tests::bench_caver::bench_caver_fill_sparse_17x14: 31973 33572
hexx::tests::bench_caver::bench_caver_generate_17x14_order_0: 27157 28515
hexx::tests::bench_caver::bench_caver_generate_17x14_order_1: 72717 76353
hexx::tests::bench_caver::bench_caver_generate_17x14_order_3: 143737 150924
hexx::tests::bench_caver::bench_caver_generate_17x14_order_5: 215557 226335
hexx::tests::bench_caver::bench_caver_generate_19x13_order_3: 144237 151449
hexx::tests::bench_caver::bench_caver_generate_7x7_order_0: 27157 28515
hexx::tests::bench_caver::bench_caver_generate_7x7_order_1: 50957 53505
hexx::tests::bench_caver::bench_caver_generate_7x7_order_3: 83017 87168
hexx::tests::bench_caver::bench_caver_generate_connected_17x14: 412358 432976
hexx::tests::bench_caver::bench_caver_keep_component_17x14: 284161 298370
hexx::tests::bench_caver::bench_caver_keep_component_maze_17x14: 1113013 1168664
hexx::tests::bench_caver::bench_caver_keep_component_runs_17x14: 376836 395678
hexx::tests::bench_caver::bench_caver_keep_component_runs_first_17x14: 380626 399658
hexx::tests::bench_caver::bench_caver_keep_component_runs_maze_17x14: 1445492 1517767
hexx::tests::bench_caver::bench_caver_keep_component_runs_serpentine_17x14: 1504878 1580122
hexx::tests::bench_caver::bench_caver_keep_component_serpentine_17x14: 1840935 1932982
hexx::tests::bench_caver::bench_caver_variant_b3s3_17x14: 156988 164838
hexx::tests::bench_caver::bench_caver_variant_b4s3_17x14: 158788 166728
hexx::tests::bench_caver::bench_caver_variant_baseline_17x14: 33740 35427
hexx::tests::bench_caver::bench_caver_variant_baseline_7x7: 33050 34703
hexx::tests::bench_caver::bench_caver_variant_design_17x14: 203898 214093
hexx::tests::bench_caver::bench_caver_variant_east_add_17x14: 154770 162509
hexx::tests::bench_caver::bench_caver_variant_folded_17x14: 152490 160115
hexx::tests::bench_caver::bench_caver_variant_keep_component_dilation_17x14: 300162 315171
hexx::tests::bench_caver::bench_caver_variant_library_17x14: 150090 157595
hexx::tests::bench_caver::bench_caver_variant_library_u256_7x7: 152200 159810
hexx::tests::bench_caver::bench_caver_variant_pairs_17x14: 162444 170567
hexx::tests::bench_caver::bench_caver_variant_split_planes_17x14: 151290 158855
hexx::tests::bench_caver::bench_caver_variant_two_of_four_17x14: 152490 160115
hexx::tests::bench_caver::bench_caver_variant_u256_ops_17x14: 184512 193738
hexx::tests::bench_caver::test_bench_caver_components: 58542595 61469725
hexx::tests::bench_caver::test_bench_caver_print_fills: 1125936944 1182233792
hexx::tests::bench_caver::test_bench_caver_print_rules: 562798863 590937421
hexx::tests::bench_caver::test_bench_caver_print_stats: 741201562 778261641
hexx::tests::bench_caver::test_bench_caver_variants_17x14: 710347268 745864632
hexx::tests::bench_caver::test_bench_caver_variants_extremes: 1063024986 1116176236
hexx::tests::bench_caver::test_bench_caver_variants_small: 217060012 227913013
hexx::tests::bench_dial::bench_dial_baseline_17x14: 13720 14406
hexx::tests::bench_dial::bench_dial_cave_17x14: 1406744 1477082
hexx::tests::bench_dial::bench_dial_cave_17x14_classes_0: 918341 964259
hexx::tests::bench_dial::bench_dial_cave_17x14_classes_1: 1372784 1441424
hexx::tests::bench_dial::bench_dial_cave_17x14_classes_3: 1443264 1515428
hexx::tests::bench_dial::bench_dial_cave_17x14_near: 283435 297607
hexx::tests::bench_dial::bench_dial_cave_7x7: 290637 305169
hexx::tests::bench_dial::bench_dial_cave_7x7_classes_0: 167668 176052
hexx::tests::bench_dial::bench_dial_empty_17x14: 1167355 1225723
hexx::tests::bench_dial::bench_dial_empty_17x14_classes_0: 746887 784232
hexx::tests::bench_dial::bench_dial_field_cave_17x14_budget_8: 326895 343240
hexx::tests::bench_dial::bench_dial_field_empty_17x14_budget_2: 122107 128213
hexx::tests::bench_dial::bench_dial_field_empty_17x14_budget_8: 338745 355683
hexx::tests::bench_dial::bench_dial_field_empty_17x14_classes_0_budget_2: 85291 89556
hexx::tests::bench_dial::bench_dial_field_empty_17x14_classes_0_budget_8: 239827 251819
hexx::tests::bench_dial::bench_dial_field_empty_17x14_classes_1_budget_2: 113589 119269
hexx::tests::bench_dial::bench_dial_field_empty_17x14_classes_1_budget_8: 322991 339141
hexx::tests::bench_dial::bench_dial_field_empty_17x14_classes_3_budget_2: 134645 141378
hexx::tests::bench_dial::bench_dial_field_empty_17x14_classes_3_budget_8: 358519 376445
hexx::tests::bench_dial::bench_dial_field_empty_7x7_classes_0_budget_1: 45077 47331
hexx::tests::bench_dial::bench_dial_field_empty_7x7_classes_0_budget_4: 83421 87593
hexx::tests::bench_dial::bench_dial_field_empty_7x7_classes_2_budget_1: 65405 68676
hexx::tests::bench_dial::bench_dial_field_empty_7x7_classes_2_budget_4: 124937 131184
hexx::tests::bench_dial::bench_dial_maze_17x14: 3318087 3483992
hexx::tests::bench_dial::bench_dial_maze_17x14_classes_0: 1964638 2062870
hexx::tests::bench_dial::bench_dial_micro_and_limb: 317130 332987
hexx::tests::bench_dial::bench_dial_micro_and_triple: 426030 447332
hexx::tests::bench_dial::bench_dial_micro_cost: 664882 698127
hexx::tests::bench_dial::bench_dial_micro_expand_corelib: 2258020 2370921
hexx::tests::bench_dial::bench_dial_micro_expand_triple: 2232020 2343621
hexx::tests::bench_dial::bench_dial_micro_felt_eq: 194780 204519
hexx::tests::bench_dial::bench_dial_micro_felt_to_u256: 322890 339035
hexx::tests::bench_dial::bench_dial_micro_limb_sub: 194130 203837
hexx::tests::bench_dial::bench_dial_micro_loop: 145020 152271
hexx::tests::bench_dial::bench_dial_micro_lowest: 358790 376730
hexx::tests::bench_dial::bench_dial_micro_span_at: 132090 138695
hexx::tests::bench_dial::bench_dial_micro_step_mask: 1103760 1158948
hexx::tests::bench_dial::bench_dial_micro_step_mask_north_west: 1205440 1265712
hexx::tests::bench_dial::bench_dial_serpentine_17x14: 5027629 5279011
hexx::tests::bench_dial::bench_dial_serpentine_17x14_classes_0: 3227567 3388946
hexx::tests::bench_dial::bench_dial_unreachable_17x14: 666920 700266
hexx::tests::bench_dial::bench_dial_variant_array_ring_17x14: 2066911 2170257
hexx::tests::bench_dial::bench_dial_variant_backtrack_once_17x14: 1515011 1590762
hexx::tests::bench_dial::bench_dial_variant_backtrack_twice_17x14: 1996181 2095991
hexx::tests::bench_dial::bench_dial_variant_bit_tests_17x14: 2151563 2259142
hexx::tests::bench_dial::bench_dial_variant_bit_tests_twice_17x14: 3269485 3432960
hexx::tests::bench_dial::bench_dial_variant_corelib_17x14: 1581216 1660277
hexx::tests::bench_dial::bench_dial_variant_dijkstra_heap_17x14: 25902461 27197585
hexx::tests::bench_dial::bench_dial_variant_dijkstra_heap_7x7: 3914230 4109942
hexx::tests::bench_dial::bench_dial_variant_dijkstra_heap_empty_17x14: 37706695 39592030
hexx::tests::bench_dial::bench_dial_variant_dijkstra_heap_maze_17x14: 13463407 14136578
hexx::tests::bench_dial::bench_dial_variant_fixed_ring_17x14: 1510831 1586373
hexx::tests::bench_dial::bench_dial_variant_forward_only_17x14: 1031141 1082699
hexx::tests::bench_dial::bench_dial_variant_partition_17x14: 1762061 1850165
hexx::tests::bench_dial::bench_dial_variant_setup_17x14: 80994 85044
hexx::tests::bench_dial::bench_dial_variant_sparse_layers_17x14: 1522711 1598847
hexx::tests::bench_dial::bench_dial_variant_u256_7x7: 469062 492516
hexx::tests::bench_dial::bench_dial_variant_unit_backtrack_once_17x14: 1077985 1131885
hexx::tests::bench_dial::bench_dial_variant_unit_backtrack_twice_17x14: 1512138 1587745
hexx::tests::bench_dial::bench_dial_variant_unit_buckets_17x14: 1350895 1418440
hexx::tests::bench_dial::bench_dial_variant_unit_winner_17x14: 1077885 1131780
hexx::tests::bench_dial::bench_dial_variant_winner_17x14: 1531397 1607967
hexx::tests::bench_dial::tests::test_dial_bench_inputs: 577118435 605974357
hexx::tests::bench_dial::tests::test_dial_oracle_3x3: 86361512 90679588
hexx::tests::bench_dial::tests::test_dial_oracle_cave_17x14: 255324990 268091240
hexx::tests::bench_dial::tests::test_dial_oracle_caves_17x14: 233773720 245462406
hexx::tests::bench_dial::tests::test_dial_oracle_caves_19x13: 193962251 203660364
hexx::tests::bench_dial::tests::test_dial_oracle_edges_17x14: 1007300470 1057665494
hexx::tests::bench_dial::tests::test_dial_oracle_edges_7x7: 392539713 412166699
hexx::tests::bench_dial::tests::test_dial_oracle_edges_interior_start_17x14: 330864202 347407413
hexx::tests::bench_dial::tests::test_dial_oracle_empty_17x14: 346857198 364200058
hexx::tests::bench_dial::tests::test_dial_oracle_fixtures_7x7: 298941466 313888540
hexx::tests::bench_dial::tests::test_dial_oracle_maze_17x14: 278251200 292163760
hexx::tests::bench_dial::tests::test_dial_oracle_serpentine_17x14: 286634699 300966434
hexx::tests::bench_dial::tests::test_dial_oracle_unreachable_17x14: 180393935 189413632
hexx::tests::bench_dial::tests::test_dial_unit_equals_bfs_17x14: 694513256 729238919
hexx::tests::bench_dial::tests::test_dial_unit_equals_bfs_7x7: 32598629 34228561
hexx::tests::bench_dial::tests::test_dial_variants_cave_17x14: 506543878 531871072
hexx::tests::bench_dial::tests::test_dial_variants_empty_17x14: 455809092 478599547
hexx::tests::bench_dial::tests::test_dial_variants_maze_17x14: 349469116 366942572
hexx::tests::bench_foundation::bench_array_build: 291480 306054
hexx::tests::bench_foundation::bench_array_span_at: 388680 408114
hexx::tests::bench_foundation::bench_baseline_cave_17x14: 15040 15792
hexx::tests::bench_foundation::bench_baseline_cave_7x7: 15040 15792
hexx::tests::bench_foundation::bench_baseline_empty_17x14: 15040 15792
hexx::tests::bench_foundation::bench_baseline_empty_7x7: 15040 15792
hexx::tests::bench_foundation::bench_baseline_loop: 142090 149195
hexx::tests::bench_foundation::bench_baseline_loop_u256: 142090 149195
hexx::tests::bench_foundation::bench_baseline_maze_17x14: 15040 15792
hexx::tests::bench_foundation::bench_baseline_maze_7x7: 15040 15792
hexx::tests::bench_foundation::bench_baseline_serpentine_17x14: 15040 15792
hexx::tests::bench_foundation::bench_baseline_serpentine_7x7: 15040 15792
hexx::tests::bench_foundation::bench_baseline_unreachable_17x14: 15040 15792
hexx::tests::bench_foundation::bench_baseline_unreachable_7x7: 15040 15792
hexx::tests::bench_foundation::bench_bit_set_add: 345420 362691
hexx::tests::bench_foundation::bench_bit_set_or: 627780 659169
hexx::tests::bench_foundation::bench_bit_test_divmod: 3659750 3842738
hexx::tests::bench_foundation::bench_bit_test_limb: 1131920 1188516
hexx::tests::bench_foundation::bench_coords: 251880 264474
hexx::tests::bench_foundation::bench_dict_insert: 695100 729855
hexx::tests::bench_foundation::bench_dict_insert_get: 984390 1033610
hexx::tests::bench_foundation::bench_distance: 1088280 1142694
hexx::tests::bench_foundation::bench_distance_split: 1477500 1551375
hexx::tests::bench_foundation::bench_expand_felt: 2003410 2103581
hexx::tests::bench_foundation::bench_expand_felt_7x7: 1685930 1770227
hexx::tests::bench_foundation::bench_expand_felt_double: 2162810 2270951
hexx::tests::bench_foundation::bench_expand_felt_vertical: 2363410 2481581
hexx::tests::bench_foundation::bench_expand_limbs: 2162810 2270951
hexx::tests::bench_foundation::bench_expand_masks: 6547600 6874980
hexx::tests::bench_foundation::bench_expand_small_7x7: 923680 969864
hexx::tests::bench_foundation::bench_expand_small_felt_double_7x7: 1277080 1340934
hexx::tests::bench_foundation::bench_felt_div_nonzero: 191490 201065
hexx::tests::bench_foundation::bench_felt_mul: 151890 159485
hexx::tests::bench_foundation::bench_felt_to_u128: 169190 177650
hexx::tests::bench_foundation::bench_felt_to_u256_narrow: 224040 235242
hexx::tests::bench_foundation::bench_felt_to_u256_wide: 322990 339140
hexx::tests::bench_foundation::bench_layout_interior: 496490 521315
hexx::tests::bench_foundation::bench_layout_new: 871490 915065
hexx::tests::bench_foundation::bench_neighbor: 781230 820292
hexx::tests::bench_foundation::bench_neighbour_mask: 726670 763004
hexx::tests::bench_foundation::bench_neighbour_mask_lookups: 1507200 1582560
hexx::tests::bench_foundation::bench_popcount_sparse_dense: 53953630 56651312
hexx::tests::bench_foundation::bench_popcount_sparse_sparse: 3171490 3330065
hexx::tests::bench_foundation::bench_popcount_swar_dense: 1486920 1561266
hexx::tests::bench_foundation::bench_popcount_swar_sparse: 1496380 1571199
hexx::tests::bench_foundation::bench_poseidon_hades: 312590 328220
hexx::tests::bench_foundation::bench_poseidon_hash_state: 441890 463985
hexx::tests::bench_foundation::bench_pow_lookup: 268990 282440
hexx::tests::bench_foundation::bench_pow_match: 267720 281106
hexx::tests::bench_foundation::bench_rng_draw: 562744 589000
hexx::tests::bench_foundation::bench_rng_draw6: 515744 541532
hexx::tests::bench_foundation::bench_rng_draw6_counter: 490295 514810
hexx::tests::bench_foundation::bench_rng_next_below: 515744 541532
hexx::tests::bench_foundation::bench_rng_shuffle6: 718985 754935
hexx::tests::bench_foundation::bench_shr_exact_div: 339090 356045
hexx::tests::bench_foundation::bench_shr_exact_inverse_table: 288990 303440
hexx::tests::bench_foundation::bench_shuffle6_fisher_yates: 11459660 12032643
hexx::tests::bench_foundation::bench_shuffle6_table: 498670 523604
hexx::tests::bench_foundation::bench_step_or: 2104260 2209473
hexx::tests::bench_foundation::bench_step_sequential: 5806270 6096584
hexx::tests::bench_foundation::bench_u128_and: 311690 327275
hexx::tests::bench_foundation::bench_u128_divrem: 298410 313331
hexx::tests::bench_foundation::bench_u128_divrem_bounded: 251880 264474
hexx::tests::bench_foundation::bench_u128_divrem_bounded_byte: 251880 264474
hexx::tests::bench_foundation::bench_u256_add: 337020 353871
hexx::tests::bench_foundation::bench_u256_and: 410290 430805
hexx::tests::bench_foundation::bench_u256_div_pow: 776990 815840
hexx::tests::bench_foundation::bench_u256_mul_pow: 1538240 1615152
hexx::tests::bench_foundation::bench_u256_or: 410290 430805
hexx::tests::bench_foundation::bench_u256_to_felt_checked: 247920 260316
hexx::tests::bench_foundation::bench_u256_to_felt_unchecked: 161790 169880
hexx::tests::bench_foundation::bench_u8_divrem: 251880 264474
hexx::tests::bench_foundation::bench_u8_divrem_bounded: 251880 264474
hexx::tests::bench_map::bench_map_compute_distribution: 193168 202827
hexx::tests::bench_map::bench_map_direct_compute_distribution: 193168 202827
hexx::tests::bench_map::bench_map_direct_distance_to: 501642 526725
hexx::tests::bench_map::bench_map_direct_field_of_movement: 254419 267140
hexx::tests::bench_map::bench_map_direct_hex_distance: 1088280 1142694
hexx::tests::bench_map::bench_map_direct_is_walkable: 849980 892479
hexx::tests::bench_map::bench_map_direct_keep_component: 536249 563062
hexx::tests::bench_map::bench_map_direct_neighbor: 781230 820292
hexx::tests::bench_map::bench_map_direct_new_cave: 141917 149013
hexx::tests::bench_map::bench_map_direct_new_empty: 18480 19404
hexx::tests::bench_map::bench_map_direct_new_hexagon: 125770 132059
hexx::tests::bench_map::bench_map_direct_new_maze: 2898024 3018000
hexx::tests::bench_map::bench_map_direct_new_random_walk: 968559 1016987
hexx::tests::bench_map::bench_map_direct_open_with_corridor: 63018 66169
hexx::tests::bench_map::bench_map_direct_open_with_maze: 61858 64951
hexx::tests::bench_map::bench_map_direct_range: 103793 108983
hexx::tests::bench_map::bench_map_direct_reachable: 536249 563062
hexx::tests::bench_map::bench_map_direct_search_path: 706135 741442
hexx::tests::bench_map::bench_map_direct_search_path_weighted: 1406744 1477082
hexx::tests::bench_map::bench_map_distance_to: 501642 526725
hexx::tests::bench_map::bench_map_field_of_movement: 254419 267140
hexx::tests::bench_map::bench_map_hex_distance: 1181340 1240407
hexx::tests::bench_map::bench_map_is_walkable: 849410 891881
hexx::tests::bench_map::bench_map_keep_component: 536249 563062
hexx::tests::bench_map::bench_map_keep_component_7x7: 97533 102410
hexx::tests::bench_map::bench_map_keep_component_maze: 1113493 1169168
hexx::tests::bench_map::bench_map_loop_baseline: 142090 149195
hexx::tests::bench_map::bench_map_neighbor: 837960 879858
hexx::tests::bench_map::bench_map_new_cave: 141917 149013
hexx::tests::bench_map::bench_map_new_empty: 18480 19404
hexx::tests::bench_map::bench_map_new_hexagon: 125770 132059
hexx::tests::bench_map::bench_map_new_maze: 2898024 3018000
hexx::tests::bench_map::bench_map_new_random_walk: 968559 1016987
hexx::tests::bench_map::bench_map_open_with_corridor: 63018 66169
hexx::tests::bench_map::bench_map_open_with_maze: 61858 64951
hexx::tests::bench_map::bench_map_range: 103793 108983
hexx::tests::bench_map::bench_map_reachable: 536249 563062
hexx::tests::bench_map::bench_map_ring: 99903 104899
hexx::tests::bench_map::bench_map_ring_7x7: 46403 48724
hexx::tests::bench_map::bench_map_ring_open_edge: 167673 176057
hexx::tests::bench_map::bench_map_scenario_17x14_1_cave: 141917 149013
hexx::tests::bench_map::bench_map_scenario_17x14_2_keep: 324254 340467
hexx::tests::bench_map::bench_map_scenario_17x14_3_corridor: 485218 509479
hexx::tests::bench_map::bench_map_scenario_17x14_4_distribution: 661983 695083
hexx::tests::bench_map::bench_map_scenario_17x14_5_total: 1138321 1195238
hexx::tests::bench_map::bench_map_scenario_7x7_1_cave: 80797 84837
hexx::tests::bench_map::bench_map_scenario_7x7_2_keep: 135546 142324
hexx::tests::bench_map::bench_map_scenario_7x7_3_corridor: 183307 192473
hexx::tests::bench_map::bench_map_scenario_7x7_4_distribution: 294602 309333
hexx::tests::bench_map::bench_map_scenario_7x7_5_total: 471458 495031
hexx::tests::bench_map::bench_map_search_path: 706135 741442
hexx::tests::bench_map::bench_map_search_path_weighted: 1406744 1477082
hexx::tests::bench_map::bench_map_variant_hex_distance_bounded_once: 1280340 1344357
hexx::tests::bench_map::bench_map_variant_hex_distance_max: 1241730 1303817
hexx::tests::bench_map::bench_map_variant_hex_distance_rows: 1375530 1444307
hexx::tests::bench_map::bench_map_variant_hex_distance_u16: 1220940 1281987
hexx::tests::bench_map::bench_map_variant_is_walkable_u16: 863410 906581
hexx::tests::bench_map::bench_map_variant_is_walkable_u8: 863410 906581
hexx::tests::bench_map::bench_map_variant_keep_component_caver: 533849 560542
hexx::tests::bench_map::bench_map_variant_keep_component_caver_7x7: 95333 100100
hexx::tests::bench_map::bench_map_variant_keep_component_caver_maze: 1111093 1166648
hexx::tests::bench_map::bench_map_variant_neighbor_row: 847560 889938
hexx::tests::bench_map::bench_map_variant_neighbor_u16: 857460 900333
hexx::tests::bench_map::bench_map_variant_neighbor_u8: 857460 900333
hexx::tests::bench_map::bench_map_variant_ring_two_ranges: 176300 185115
hexx::tests::bench_map::bench_map_variant_ring_two_ranges_7x7: 79688 83673
hexx::tests::bench_map::bench_map_variant_ring_two_ranges_open_edge: 269474 282948
hexx::tests::bench_mazer::bench_digger_corridor_17x14: 310722 326259
hexx::tests::bench_mazer::bench_digger_maze_17x14: 3094676 3249410
hexx::tests::bench_mazer::bench_mazer_17x14_order_0: 2900244 3020000
hexx::tests::bench_mazer::bench_mazer_17x14_order_0_seeds: 23068131 24221538
hexx::tests::bench_mazer::bench_mazer_17x14_order_1: 1499695 1574680
hexx::tests::bench_mazer::bench_mazer_17x14_order_1_seeds: 13857147 14550005
hexx::tests::bench_mazer::bench_mazer_19x13_order_0: 2890702 3035238
hexx::tests::bench_mazer::bench_mazer_7x7_order_0: 516043 541846
hexx::tests::bench_mazer::bench_mazer_variant_base_17x14: 3075284 3158000
hexx::tests::bench_mazer::bench_mazer_variant_base_17x14_order_1: 1590225 1669737
hexx::tests::bench_mazer::bench_mazer_variant_base_17x14_seeds: 24490061 25714565
hexx::tests::bench_mazer::bench_mazer_variant_bits_17x14: 9758598 10116000
hexx::tests::bench_mazer::bench_mazer_variant_divrem_17x14: 3451774 3549000
hexx::tests::bench_mazer::bench_mazer_variant_felt_17x14: 3129874 3218000
hexx::tests::bench_mazer::bench_mazer_variant_lazy_17x14_seeds: 26181248 27490311
hexx::tests::bench_mazer::bench_mazer_variant_rotation_17x14_seeds: 23063045 24216198
hexx::tests::bench_mazer::bench_mazer_variant_shuffle_17x14_seeds: 72986841 76636184
hexx::tests::bench_mazer::bench_mazer_variant_stack_17x14: 4650884 4771000
hexx::tests::bench_mazer::test_bench_mazer_tiles: 164411827 172632419
hexx::tests::bench_mazer::test_bench_mazer_variants_same_maze: 29943528 31440705
hexx::tests::bench_spreader::bench_spreader_baseline: 68560 71988
hexx::tests::bench_spreader::bench_spreader_floyd_cave_17x14_1: 1281546 1345624
hexx::tests::bench_spreader::bench_spreader_floyd_cave_17x14_20: 1580827 1659869
hexx::tests::bench_spreader::bench_spreader_floyd_cave_17x14_5: 1358270 1426184
hexx::tests::bench_spreader::bench_spreader_floyd_cave_17x14_60: 2171021 2279573
hexx::tests::bench_spreader::bench_spreader_floyd_cave_7x7_1: 325800 342090
hexx::tests::bench_spreader::bench_spreader_floyd_cave_7x7_20: 355106 372862
hexx::tests::bench_spreader::bench_spreader_floyd_cave_7x7_5: 384012 403213
hexx::tests::bench_spreader::bench_spreader_floyd_empty_17x14_1: 1748502 1835928
hexx::tests::bench_spreader::bench_spreader_floyd_empty_17x14_20: 2034321 2136038
hexx::tests::bench_spreader::bench_spreader_floyd_empty_17x14_5: 1779946 1868944
hexx::tests::bench_spreader::bench_spreader_floyd_empty_17x14_60: 2630465 2761989
hexx::tests::bench_spreader::bench_spreader_floyd_empty_7x7_1: 343812 361003
hexx::tests::bench_spreader::bench_spreader_floyd_empty_7x7_20: 402324 422441
hexx::tests::bench_spreader::bench_spreader_floyd_empty_7x7_5: 402224 422336
hexx::tests::bench_spreader::bench_spreader_floyd_maze_17x14_1: 947674 995058
hexx::tests::bench_spreader::bench_spreader_floyd_maze_17x14_20: 1226762 1288101
hexx::tests::bench_spreader::bench_spreader_floyd_maze_17x14_5: 1006086 1056391
hexx::tests::bench_spreader::bench_spreader_floyd_maze_17x14_60: 1405360 1475628
hexx::tests::bench_spreader::bench_spreader_floyd_maze_7x7_1: 262758 275896
hexx::tests::bench_spreader::bench_spreader_floyd_maze_7x7_16: 105138 110395
hexx::tests::bench_spreader::bench_spreader_floyd_maze_7x7_5: 320920 336966
hexx::tests::bench_spreader::bench_spreader_generate_cave_17x14_1: 186639 195971
hexx::tests::bench_spreader::bench_spreader_generate_cave_17x14_20: 291588 306168
hexx::tests::bench_spreader::bench_spreader_generate_cave_17x14_5: 320687 336722
hexx::tests::bench_spreader::bench_spreader_generate_cave_17x14_60: 305451 320724
hexx::tests::bench_spreader::bench_spreader_generate_cave_7x7_1: 161121 169178
hexx::tests::bench_spreader::bench_spreader_generate_cave_7x7_20: 208954 219402
hexx::tests::bench_spreader::bench_spreader_generate_cave_7x7_5: 221614 232695
hexx::tests::bench_spreader::bench_spreader_generate_d30_17x14_1: 162113 170219
hexx::tests::bench_spreader::bench_spreader_generate_d30_17x14_20: 282016 296117
hexx::tests::bench_spreader::bench_spreader_generate_d30_17x14_5: 291349 305917
hexx::tests::bench_spreader::bench_spreader_generate_d30_17x14_60: 297015 311866
hexx::tests::bench_spreader::bench_spreader_generate_empty_17x14_1: 186639 195971
hexx::tests::bench_spreader::bench_spreader_generate_empty_17x14_20: 330186 346696
hexx::tests::bench_spreader::bench_spreader_generate_empty_17x14_5: 361304 379370
hexx::tests::bench_spreader::bench_spreader_generate_empty_17x14_60: 322940 339087
hexx::tests::bench_spreader::bench_spreader_generate_empty_7x7_1: 161121 169178
hexx::tests::bench_spreader::bench_spreader_generate_empty_7x7_20: 221964 233063
hexx::tests::bench_spreader::bench_spreader_generate_empty_7x7_5: 221624 232706
hexx::tests::bench_spreader::bench_spreader_generate_maze_17x14_1: 186639 195971
hexx::tests::bench_spreader::bench_spreader_generate_maze_17x14_20: 300718 315754
hexx::tests::bench_spreader::bench_spreader_generate_maze_17x14_5: 291749 306337
hexx::tests::bench_spreader::bench_spreader_generate_maze_17x14_60: 297112 311968
hexx::tests::bench_spreader::bench_spreader_generate_maze_7x7_1: 161121 169178
hexx::tests::bench_spreader::bench_spreader_generate_maze_7x7_16: 103059 108212
hexx::tests::bench_spreader::bench_spreader_generate_maze_7x7_5: 202811 212952
hexx::tests::bench_spreader::bench_spreader_generate_sparse2_10x25_1: 131176 137735
hexx::tests::bench_spreader::bench_spreader_generate_sparse5_17x14_1: 145545 152823
hexx::tests::bench_spreader::bench_spreader_generate_sparse5_17x14_2: 145445 152718
hexx::tests::bench_spreader::bench_spreader_mask_cave_17x14_1: 161484 169559
hexx::tests::bench_spreader::bench_spreader_mask_cave_17x14_20: 785220 824481
hexx::tests::bench_spreader::bench_spreader_mask_cave_17x14_5: 323110 339266
hexx::tests::bench_spreader::bench_spreader_mask_cave_17x14_60: 632676 664310
hexx::tests::bench_spreader::bench_spreader_mask_cave_7x7_1: 230445 241968
hexx::tests::bench_spreader::bench_spreader_mask_cave_7x7_20: 394867 414611
hexx::tests::bench_spreader::bench_spreader_mask_cave_7x7_5: 557052 584905
hexx::tests::bench_spreader::bench_spreader_mask_empty_17x14_1: 151561 159140
hexx::tests::bench_spreader::bench_spreader_mask_empty_17x14_20: 407537 416000
hexx::tests::bench_spreader::bench_spreader_mask_empty_17x14_5: 262322 275439
hexx::tests::bench_spreader::bench_spreader_mask_empty_17x14_60: 584776 614015
hexx::tests::bench_spreader::bench_spreader_mask_empty_7x7_1: 230445 241968
hexx::tests::bench_spreader::bench_spreader_mask_empty_7x7_20: 557052 584905
hexx::tests::bench_spreader::bench_spreader_mask_empty_7x7_5: 557052 584905
hexx::tests::bench_spreader::bench_spreader_mask_maze_17x14_1: 181580 190659
hexx::tests::bench_spreader::bench_spreader_mask_maze_17x14_20: 974065 1022769
hexx::tests::bench_spreader::bench_spreader_mask_maze_17x14_5: 385599 404879
hexx::tests::bench_spreader::bench_spreader_mask_maze_17x14_60: 737190 774050
hexx::tests::bench_spreader::bench_spreader_mask_maze_7x7_1: 873538 917215
hexx::tests::bench_spreader::bench_spreader_mask_maze_7x7_16: 126744 133082
hexx::tests::bench_spreader::bench_spreader_mask_maze_7x7_5: 484547 508775
hexx::tests::bench_spreader::bench_spreader_micro_counts_u256: 250430 262952
hexx::tests::bench_spreader::bench_spreader_micro_deposit_u256: 325580 341859
hexx::tests::bench_spreader::bench_spreader_micro_level_u128: 168140 176547
hexx::tests::bench_spreader::bench_spreader_micro_level_u256: 224000 235200
hexx::tests::bench_spreader::bench_spreader_micro_loop: 31020 32571
hexx::tests::bench_spreader::bench_spreader_micro_popcount_bits: 230730 242267
hexx::tests::bench_spreader::bench_spreader_micro_popcount_limbs: 174830 183572
hexx::tests::bench_spreader::bench_spreader_micro_popcount_u128: 127800 134190
hexx::tests::bench_spreader::bench_spreader_micro_select_u128: 267609 280990
hexx::tests::bench_spreader::bench_spreader_micro_select_u256: 338228 355140
hexx::tests::bench_spreader::bench_spreader_micro_trial: 118012 123913
hexx::tests::bench_spreader::bench_spreader_micro_walk_u256: 367430 385802
hexx::tests::bench_spreader::bench_spreader_reject_cave_17x14_1: 139421 146393
hexx::tests::bench_spreader::bench_spreader_reject_cave_17x14_20: 688484 722909
hexx::tests::bench_spreader::bench_spreader_reject_cave_17x14_5: 323594 339774
hexx::tests::bench_spreader::bench_spreader_reject_cave_17x14_60: 2055050 2083000
hexx::tests::bench_spreader::bench_spreader_reject_cave_7x7_1: 138671 145605
hexx::tests::bench_spreader::bench_spreader_reject_cave_7x7_20: 234699 246434
hexx::tests::bench_spreader::bench_spreader_reject_cave_7x7_5: 328566 344995
hexx::tests::bench_spreader::bench_spreader_reject_d30_17x14_1: 179613 188594
hexx::tests::bench_spreader::bench_spreader_reject_d30_17x14_20: 1284925 1349172
hexx::tests::bench_spreader::bench_spreader_reject_d30_17x14_5: 364036 382238
hexx::tests::bench_spreader::bench_spreader_reject_d30_17x14_60: 728322 764739
hexx::tests::bench_spreader::bench_spreader_reject_empty_17x14_1: 129248 135711
hexx::tests::bench_spreader::bench_spreader_reject_empty_17x14_20: 512891 538536
hexx::tests::bench_spreader::bench_spreader_reject_empty_17x14_5: 210740 221277
hexx::tests::bench_spreader::bench_spreader_reject_empty_17x14_60: 1407494 1417000
hexx::tests::bench_spreader::bench_spreader_reject_empty_7x7_1: 138671 145605
hexx::tests::bench_spreader::bench_spreader_reject_empty_7x7_20: 278931 292878
hexx::tests::bench_spreader::bench_spreader_reject_empty_7x7_5: 278951 292899
hexx::tests::bench_spreader::bench_spreader_reject_maze_17x14_1: 169690 178175
hexx::tests::bench_spreader::bench_spreader_reject_maze_17x14_20: 954585 1002315
hexx::tests::bench_spreader::bench_spreader_reject_maze_17x14_5: 342440 359562
hexx::tests::bench_spreader::bench_spreader_reject_maze_17x14_60: 1541086 1618141
hexx::tests::bench_spreader::bench_spreader_reject_maze_7x7_1: 168440 176862
hexx::tests::bench_spreader::bench_spreader_reject_maze_7x7_16: 94488 99213
hexx::tests::bench_spreader::bench_spreader_reject_maze_7x7_5: 420074 441078
hexx::tests::bench_spreader::bench_spreader_reject_sparse2_10x25_1: 4507725 4733112
hexx::tests::bench_spreader::bench_spreader_reject_sparse5_17x14_1: 1057529 1110406
hexx::tests::bench_spreader::bench_spreader_reject_sparse5_17x14_2: 2426823 2548165
hexx::tests::bench_spreader::bench_spreader_selection_cave_17x14_1: 1258901 1321847
hexx::tests::bench_spreader::bench_spreader_selection_cave_17x14_20: 1303033 1366000
hexx::tests::bench_spreader::bench_spreader_selection_cave_17x14_5: 1290243 1354756
hexx::tests::bench_spreader::bench_spreader_selection_cave_17x14_60: 1320633 1385000
hexx::tests::bench_spreader::bench_spreader_selection_cave_7x7_1: 308059 323462
hexx::tests::bench_spreader::bench_spreader_selection_cave_7x7_20: 308919 324365
hexx::tests::bench_spreader::bench_spreader_selection_cave_7x7_5: 309819 325310
hexx::tests::bench_spreader::bench_spreader_selection_empty_17x14_1: 1743035 1830187
hexx::tests::bench_spreader::bench_spreader_selection_empty_17x14_20: 1751395 1835000
hexx::tests::bench_spreader::bench_spreader_selection_empty_17x14_5: 1744795 1828000
hexx::tests::bench_spreader::bench_spreader_selection_empty_17x14_60: 1768995 1853000
hexx::tests::bench_spreader::bench_spreader_selection_empty_7x7_1: 317002 332853
hexx::tests::bench_spreader::bench_spreader_selection_empty_7x7_20: 327685 344070
hexx::tests::bench_spreader::bench_spreader_selection_empty_7x7_5: 327705 344091
hexx::tests::bench_spreader::bench_spreader_selection_maze_17x14_1: 937772 975000
hexx::tests::bench_spreader::bench_spreader_selection_maze_17x14_20: 946132 993000
hexx::tests::bench_spreader::bench_spreader_selection_maze_17x14_5: 939532 986000
hexx::tests::bench_spreader::bench_spreader_selection_maze_17x14_60: 951392 998962
hexx::tests::bench_spreader::bench_spreader_selection_maze_7x7_1: 243427 255599
hexx::tests::bench_spreader::bench_spreader_selection_maze_7x7_16: 99398 104368
hexx::tests::bench_spreader::bench_spreader_selection_maze_7x7_5: 245187 257447
hexx::tests::bench_spreader::bench_spreader_u256_cave_7x7_1: 183409 192580
hexx::tests::bench_spreader::bench_spreader_u256_cave_7x7_20: 242119 254225
hexx::tests::bench_spreader::bench_spreader_u256_cave_7x7_5: 258141 271049
hexx::tests::bench_spreader::bench_spreader_u256_empty_7x7_1: 183409 192580
hexx::tests::bench_spreader::bench_spreader_u256_empty_7x7_20: 258691 271626
hexx::tests::bench_spreader::bench_spreader_u256_empty_7x7_5: 258151 271059
hexx::tests::bench_spreader::bench_spreader_u256_maze_7x7_1: 183409 192580
hexx::tests::bench_spreader::bench_spreader_u256_maze_7x7_16: 106008 111309
hexx::tests::bench_spreader::bench_spreader_u256_maze_7x7_5: 233426 245098
hexx::tests::bench_walker::bench_walker_17x14_0: 34901 36647
hexx::tests::bench_walker::bench_walker_17x14_200: 970779 1019318
hexx::tests::bench_walker::bench_walker_17x14_50: 294005 308706
hexx::tests::bench_walker::bench_walker_17x14_500: 2411657 2532240
hexx::tests::bench_walker::bench_walker_17x14_504: 2406413 2526734
hexx::tests::bench_walker::bench_walker_19x13_200: 972589 1021219
hexx::tests::bench_walker::bench_walker_3x3_50: 297365 312234
hexx::tests::bench_walker::bench_walker_7x7_200: 962659 1010792
hexx::tests::bench_walker::bench_walker_7x7_50: 294305 309021
hexx::tests::bench_walker::bench_walker_variant_grid_limb: 2755538 2893315
hexx::tests::bench_walker::bench_walker_variant_grid_or_each: 3611395 3791965
hexx::tests::bench_walker::bench_walker_variant_grid_or_felt: 4464835 4688077
hexx::tests::bench_walker::bench_walker_variant_grid_test_add: 4515275 4741039
hexx::tests::bench_walker::bench_walker_variant_loop_12: 2734403 2871124
hexx::tests::bench_walker::bench_walker_variant_loop_12_inline: 2677283 2811148
hexx::tests::bench_walker::bench_walker_variant_loop_3: 3444593 3616823
hexx::tests::bench_walker::bench_walker_variant_loop_36: 2576493 2705318
hexx::tests::bench_walker::bench_walker_variant_loop_36_inline: 2519373 2645342
hexx::tests::bench_walker::bench_walker_variant_loop_6: 2971133 3119690
hexx::tests::bench_walker::bench_walker_variant_move_coords: 2705113 2840369
hexx::tests::bench_walker::bench_walker_variant_move_index_mask: 5949325 6246792
hexx::tests::bench_walker::bench_walker_variant_move_one_hot_and: 4553237 4780899
hexx::tests::bench_walker::bench_walker_variant_naive: 6422084 6743189
hexx::tests::bench_walker::bench_walker_variant_random_next_below: 3500126 3675133
hexx::tests::bench_walker::bench_walker_variant_random_octal: 6365836 6684128
hexx::tests::bench_walker::bench_walker_variant_random_pairs: 2853829 2996521
hexx::tests::bench_walker::bench_walker_variant_winner: 2655493 2788268
hexx::tests::fixtures::tests::test_fixture_cave_17x14: 101866529 106959856
hexx::tests::fixtures::tests::test_fixture_cave_7x7: 7985002 8384253
hexx::tests::fixtures::tests::test_fixture_empty_17x14: 88209766 92620255
hexx::tests::fixtures::tests::test_fixture_empty_7x7: 9034956 9486704
hexx::tests::fixtures::tests::test_fixture_maze_17x14: 170143916 178651112
hexx::tests::fixtures::tests::test_fixture_maze_7x7: 10719944 11255942
hexx::tests::fixtures::tests::test_fixture_serpentine_17x14: 264663493 277896668
hexx::tests::fixtures::tests::test_fixture_serpentine_7x7: 11958704 12556640
hexx::tests::fixtures::tests::test_fixture_unreachable_17x14: 52515116 55140872
hexx::tests::fixtures::tests::test_fixture_unreachable_7x7: 4678492 4912417
hexx::tests::properties::test_properties_bit_variants: 10488006 11012407
hexx::tests::properties::test_properties_distance_7x7_all_pairs: 549355564 576823343
hexx::tests::properties::test_properties_distance_large_boards: 930645572 977177851
hexx::tests::properties::test_properties_expand_17x14: 332249130 348861587
hexx::tests::properties::test_properties_expand_19x13: 357247573 375109952
hexx::tests::properties::test_properties_expand_25x10: 355690566 373475095
hexx::tests::properties::test_properties_expand_3x3: 5530924 5807471
hexx::tests::properties::test_properties_expand_3x83: 160003629 168003811
hexx::tests::properties::test_properties_expand_7x7: 16992796 17842436
hexx::tests::properties::test_properties_expand_83x3: 159997419 167997290
hexx::tests::properties::test_properties_expand_fixtures: 80461202 84484263
hexx::tests::properties::test_properties_hexagon: 12113382 12719052
hexx::tests::properties::test_properties_masks: 10460830 10983872
hexx::tests::properties::test_properties_neighbor_17x14: 33672170 35355779
hexx::tests::properties::test_properties_neighbor_3x3: 1023460 1074633
hexx::tests::properties::test_properties_neighbor_7x7: 6496500 6821325
hexx::tests::properties::test_properties_neighbor_83x3: 31934650 33531383
hexx::tests::properties::test_properties_sequential_step: 102688 107823
hexx::tests::properties::test_properties_shuffle6_fisher_yates_is_permutation: 160398 168418
hexx::tests::test_assembly::test_assembly_all_void: 49046 51499
hexx::tests::test_assembly::test_assembly_local: 295201090 309961145
hexx::tests::test_assembly::test_assembly_offsets_row_0: 334976570 351725399
hexx::tests::test_assembly::test_assembly_offsets_row_1: 335083390 351837560
hexx::tests::test_assembly::test_assembly_offsets_row_10: 335352980 352120629
hexx::tests::test_assembly::test_assembly_offsets_row_11: 335791960 352581558
hexx::tests::test_assembly::test_assembly_offsets_row_12: 335963020 352761171
hexx::tests::test_assembly::test_assembly_offsets_row_13: 336166760 352975098
hexx::tests::test_assembly::test_assembly_offsets_row_14: 335956060 352753863
hexx::tests::test_assembly::test_assembly_offsets_row_2: 334998960 351748908
hexx::tests::test_assembly::test_assembly_offsets_row_3: 335229860 351991353
hexx::tests::test_assembly::test_assembly_offsets_row_4: 335279950 352043948
hexx::tests::test_assembly::test_assembly_offsets_row_5: 335302670 352067804
hexx::tests::test_assembly::test_assembly_offsets_row_6: 335874400 352668120
hexx::tests::test_assembly::test_assembly_offsets_row_7: 334887640 351632022
hexx::tests::test_assembly::test_assembly_offsets_row_8: 335502540 352277667
hexx::tests::test_assembly::test_assembly_offsets_row_9: 335108920 351864366
hexx::tests::test_assembly::test_assembly_origins_0: 376022060 394823163
hexx::tests::test_assembly::test_assembly_origins_1: 376022060 394823163
hexx::tests::test_assembly::test_assembly_origins_2: 376022060 394823163
hexx::tests::test_assembly::test_assembly_origins_3: 376022060 394823163
hexx::tests::test_assembly::test_assembly_r_n3_1_origin: 13720 14406
hexx::tests::test_assembly::test_assembly_r_n3_2_local: 13720 14406
hexx::tests::test_assembly::test_assembly_r_n3_3_edges: 113538172 119215081
hexx::tests::test_assembly::test_assembly_r_n3_4_zero_chunk: 7714048 8099751
hexx::tests::test_assembly::test_assembly_revert_invalid_ox: 17502 18378
hexx::tests::test_assembly::test_assembly_revert_invalid_oy: 17502 18378
hexx::tests::test_assembly::test_assembly_revert_odd_origin_even_row: 17502 18378
hexx::tests::test_assembly::test_assembly_revert_odd_origin_odd_row: 17502 18378
hexx::tests::test_assembly::test_assembly_revert_window_invalid_offset: 17502 18378
hexx::tests::test_assembly::test_assembly_revert_window_odd_origin: 17502 18378
hexx::tests::test_assembly::test_assembly_void_chunks: 620302322 651317439
hexx::tests::test_assembly::test_assembly_window_ring: 73164 76823
hexx_integrationtest::readme::test_readme_create: 5635625 5917407
hexx_integrationtest::readme::test_readme_endpoint_on_wall_panics: 494141 518849
hexx_integrationtest::readme::test_readme_find_paths: 2562554 2690682
hexx_integrationtest::readme::test_readme_migration: 57131 59988
hexx_integrationtest::readme::test_readme_open: 2030366 2131885
hexx_integrationtest::readme::test_readme_place_objects: 668269 701683
hexx_integrationtest::readme::test_readme_query_areas: 1322357 1388475
