# gas: measured budget
takeover_tests::asserter::test_asserter_assert_inside: 20923708 21969894
takeover_tests::asserter::test_asserter_assert_not_corner: 25854368 27147087
takeover_tests::asserter::test_asserter_assert_on_edge: 12355820 12973611
takeover_tests::asserter::test_asserter_assert_valid_dimension: 6678290 7012205
takeover_tests::asserter::test_asserter_constants: 6010 6311
takeover_tests::asserter::test_asserter_corner_hexx: 7810 8201
takeover_tests::asserter::test_asserter_corner_origami: 7810 8201
takeover_tests::asserter::test_asserter_height_too_small_hexx: 7810 8201
takeover_tests::asserter::test_asserter_height_too_small_origami: 7810 8201
takeover_tests::asserter::test_asserter_is_edge_is_corner: 26976988 28325838
takeover_tests::asserter::test_asserter_not_edge_hexx: 7810 8201
takeover_tests::asserter::test_asserter_not_edge_origami: 7810 8201
takeover_tests::asserter::test_asserter_not_inside_hexx: 7810 8201
takeover_tests::asserter::test_asserter_not_inside_origami: 7810 8201
takeover_tests::asserter::test_asserter_too_large_hexx: 7810 8201
takeover_tests::asserter::test_asserter_too_large_origami: 7810 8201
takeover_tests::asserter::test_asserter_width_too_small_hexx: 7810 8201
takeover_tests::asserter::test_asserter_width_too_small_origami: 7810 8201
takeover_tests::bfs::test_bfs_audit_scenario: 1015540 1066317
takeover_tests::bfs::test_bfs_distance_boards: 323722170 339908279
takeover_tests::bfs::test_bfs_distance_entrances_generated: 151178620 158737551
takeover_tests::bfs::test_bfs_distance_entrances_hand: 202051066 212153620
takeover_tests::bfs::test_bfs_distance_fixtures: 83268034 87431436
takeover_tests::bfs::test_bfs_distance_revert_outside_hexx: 7810 8201
takeover_tests::bfs::test_bfs_distance_revert_outside_origami: 7810 8201
takeover_tests::bfs::test_bfs_distance_revert_wall_hexx: 13113 13769
takeover_tests::bfs::test_bfs_distance_revert_wall_origami: 13113 13769
takeover_tests::bfs::test_bfs_errors: 6010 6311
takeover_tests::bfs::test_bfs_fixture_endpoints: 28096050 29500853
takeover_tests::bfs::test_bfs_floods_edges_15x16: 62684432 65818654
takeover_tests::bfs::test_bfs_floods_edges_16x8: 52764030 55402232
takeover_tests::bfs::test_bfs_floods_edges_17x14: 62600432 65730454
takeover_tests::bfs::test_bfs_floods_edges_19x13: 62670032 65803534
takeover_tests::bfs::test_bfs_floods_edges_7x7: 51309430 53874902
takeover_tests::bfs::test_bfs_floods_edges_8x16: 52922430 55568552
takeover_tests::bfs::test_bfs_floods_entrances_generated: 298272086 313185691
takeover_tests::bfs::test_bfs_floods_entrances_hand: 338848744 355791182
takeover_tests::bfs::test_bfs_identical_endpoints: 227302882 238668027
takeover_tests::bfs::test_bfs_paths_edges_15x16: 186352390 195670010
takeover_tests::bfs::test_bfs_paths_edges_16x8: 176264818 185078059
takeover_tests::bfs::test_bfs_paths_edges_17x14: 186268390 195581810
takeover_tests::bfs::test_bfs_paths_edges_19x13: 186132350 195438968
takeover_tests::bfs::test_bfs_paths_edges_7x7: 174605460 183335733
takeover_tests::bfs::test_bfs_paths_edges_8x16: 176436658 185258491
takeover_tests::bfs::test_bfs_reachable_audit_witness: 224736 235973
takeover_tests::bfs::test_bfs_reachable_boards: 319213972 335174671
takeover_tests::bfs::test_bfs_reachable_fixtures: 76765520 80603796
takeover_tests::bfs::test_bfs_reachable_revert_outside_hexx: 7810 8201
takeover_tests::bfs::test_bfs_reachable_revert_outside_origami: 7810 8201
takeover_tests::bfs::test_bfs_reachable_revert_wall_hexx: 51078 53632
takeover_tests::bfs::test_bfs_reachable_revert_wall_origami: 51078 53632
takeover_tests::bfs::test_bfs_search_boards_0: 173613242 182293905
takeover_tests::bfs::test_bfs_search_boards_1: 123970302 130168818
takeover_tests::bfs::test_bfs_search_boards_2: 99141276 104098340
takeover_tests::bfs::test_bfs_search_entrances_generated: 206402346 216722464
takeover_tests::bfs::test_bfs_search_entrances_hand: 266887100 280231455
takeover_tests::bfs::test_bfs_search_fixtures: 102873942 108017640
takeover_tests::bfs::test_bfs_search_revert_dimension_hexx: 7810 8201
takeover_tests::bfs::test_bfs_search_revert_dimension_origami: 7810 8201
takeover_tests::bfs::test_bfs_search_revert_edge_wall_hexx: 12883 13528
takeover_tests::bfs::test_bfs_search_revert_edge_wall_origami: 12883 13528
takeover_tests::bfs::test_bfs_search_revert_from_wall_hexx: 13383 14053
takeover_tests::bfs::test_bfs_search_revert_from_wall_origami: 13383 14053
takeover_tests::bfs::test_bfs_search_revert_outside_hexx: 7810 8201
takeover_tests::bfs::test_bfs_search_revert_outside_origami: 7810 8201
takeover_tests::bfs::test_bfs_search_revert_to_wall_hexx: 15276 16040
takeover_tests::bfs::test_bfs_search_revert_to_wall_origami: 15276 16040
takeover_tests::bfs::test_bfs_tiles_within_range_boards_0: 408135826 428542618
takeover_tests::bfs::test_bfs_tiles_within_range_boards_1: 341328680 358395114
takeover_tests::bfs::test_bfs_tiles_within_range_fixtures: 165945100 174242355
takeover_tests::bfs::test_bfs_tiles_within_range_revert_dimension_hexx: 7810 8201
takeover_tests::bfs::test_bfs_tiles_within_range_revert_dimension_origami: 7810 8201
takeover_tests::bfs::test_bfs_tiles_within_range_revert_outside_hexx: 7810 8201
takeover_tests::bfs::test_bfs_tiles_within_range_revert_outside_origami: 7810 8201
takeover_tests::bfs::test_bfs_tiles_within_range_revert_wall_hexx: 52778 55417
takeover_tests::bfs::test_bfs_tiles_within_range_revert_wall_origami: 52778 55417
takeover_tests::bits::test_bits_and_or_xor: 9883004 10377155
takeover_tests::bits::test_bits_bitwise: 8980640 9429672
takeover_tests::bits::test_bits_constants: 6510 6836
takeover_tests::bits::test_bits_get_0: 336701894 353536989
takeover_tests::bits::test_bits_get_1: 349837554 367329432
takeover_tests::bits::test_bits_limb_functions: 21527866 22604260
takeover_tests::bits::test_bits_popcount: 205507302 215782668
takeover_tests::bits::test_bits_pow_inv: 1555200 1632960
takeover_tests::bits::test_bits_set_unset: 55947512 58744888
takeover_tests::bits::test_bits_shl_shr_exact: 106271710 111585296
takeover_tests::bits::test_bits_small_set: 101442845 106514988
takeover_tests::bits::test_bits_tables: 2089750 2194238
takeover_tests::bits::test_bits_to_felt: 4626258 4857571
takeover_tests::bits::test_bits_wide_set: 61941146 65038204
takeover_tests::caver::test_caver_errors: 6010 6311
takeover_tests::caver::test_caver_generate_15x15: 85322644 89588777
takeover_tests::caver::test_caver_generate_15x16: 85258644 89521577
takeover_tests::caver::test_caver_generate_17x14: 85258644 89521577
takeover_tests::caver::test_caver_generate_19x13: 85322644 89588777
takeover_tests::caver::test_caver_generate_25x10: 85258644 89521577
takeover_tests::caver::test_caver_generate_3x3: 46141844 48448937
takeover_tests::caver::test_caver_generate_3x83: 82385424 86504696
takeover_tests::caver::test_caver_generate_7x7: 46141844 48448937
takeover_tests::caver::test_caver_generate_83x3: 80718524 84754451
takeover_tests::caver::test_caver_generate_revert_dimension_hexx: 7810 8201
takeover_tests::caver::test_caver_generate_revert_dimension_origami: 7810 8201
takeover_tests::caver::test_caver_keep_component_15x15: 202989404 213138875
takeover_tests::caver::test_caver_keep_component_15x16: 217116858 227972701
takeover_tests::caver::test_caver_keep_component_17x14: 218286184 229200494
takeover_tests::caver::test_caver_keep_component_19x13: 224957294 236205159
takeover_tests::caver::test_caver_keep_component_25x10: 222741660 233878743
takeover_tests::caver::test_caver_keep_component_3x3: 10165588 10673868
takeover_tests::caver::test_caver_keep_component_3x83: 120407962 126428361
takeover_tests::caver::test_caver_keep_component_7x7: 42263632 44376814
takeover_tests::caver::test_caver_keep_component_83x3: 115370706 121139242
takeover_tests::caver::test_caver_keep_component_revert_dimension_hexx: 11333 11900
takeover_tests::caver::test_caver_keep_component_revert_dimension_origami: 11333 11900
takeover_tests::caver::test_caver_keep_component_revert_wall_hexx: 36115 37921
takeover_tests::caver::test_caver_keep_component_revert_wall_origami: 36115 37921
takeover_tests::dial::test_dial_errors: 6010 6311
takeover_tests::dial::test_dial_field_of_movement_boards_0: 375313000 394078650
takeover_tests::dial::test_dial_field_of_movement_boards_1: 400346432 420363754
takeover_tests::dial::test_dial_field_of_movement_boards_2: 394802520 414542646
takeover_tests::dial::test_dial_field_of_movement_boards_3: 287984764 302384003
takeover_tests::dial::test_dial_field_of_movement_edges_15x16: 119477138 125450995
takeover_tests::dial::test_dial_field_of_movement_edges_16x8: 96742518 101579644
takeover_tests::dial::test_dial_field_of_movement_edges_17x14: 125556142 131833950
takeover_tests::dial::test_dial_field_of_movement_edges_19x13: 128709278 135144742
takeover_tests::dial::test_dial_field_of_movement_edges_7x7: 93437022 98108874
takeover_tests::dial::test_dial_field_of_movement_edges_8x16: 97135896 101992691
takeover_tests::dial::test_dial_field_of_movement_entrances_generated: 401332180 421398789
takeover_tests::dial::test_dial_field_of_movement_entrances_hand_0: 181193620 190253301
takeover_tests::dial::test_dial_field_of_movement_entrances_hand_1: 387783342 407172510
takeover_tests::dial::test_dial_field_of_movement_fixtures: 352835692 370477477
takeover_tests::dial::test_dial_field_of_movement_revert_dimension_hexx: 7810 8201
takeover_tests::dial::test_dial_field_of_movement_revert_dimension_origami: 7810 8201
takeover_tests::dial::test_dial_field_of_movement_revert_outside_hexx: 7810 8201
takeover_tests::dial::test_dial_field_of_movement_revert_outside_origami: 7810 8201
takeover_tests::dial::test_dial_field_of_movement_revert_too_many_costs_hexx: 7810 8201
takeover_tests::dial::test_dial_field_of_movement_revert_too_many_costs_origami: 7810 8201
takeover_tests::dial::test_dial_field_of_movement_revert_wall_hexx: 40937 42984
takeover_tests::dial::test_dial_field_of_movement_revert_wall_origami: 40937 42984
takeover_tests::dial::test_dial_fixture_endpoints: 154542164 162269273
takeover_tests::dial::test_dial_identical_endpoints: 251832510 264424136
takeover_tests::dial::test_dial_search_boards_0: 343523072 360699226
takeover_tests::dial::test_dial_search_boards_1: 245046174 257298483
takeover_tests::dial::test_dial_search_boards_2: 194541652 204268735
takeover_tests::dial::test_dial_search_edges_15x16: 165013316 173263982
takeover_tests::dial::test_dial_search_edges_16x8: 136887194 143731554
takeover_tests::dial::test_dial_search_edges_17x14: 172324048 180940251
takeover_tests::dial::test_dial_search_edges_19x13: 175696430 184481252
takeover_tests::dial::test_dial_search_edges_7x7: 132965174 139613433
takeover_tests::dial::test_dial_search_edges_8x16: 137138302 143995218
takeover_tests::dial::test_dial_search_entrances_generated: 353974322 371673039
takeover_tests::dial::test_dial_search_entrances_hand: 472844000 496486200
takeover_tests::dial::test_dial_search_fixtures: 205785412 216074683
takeover_tests::dial::test_dial_search_revert_dimension_hexx: 7810 8201
takeover_tests::dial::test_dial_search_revert_dimension_origami: 7810 8201
takeover_tests::dial::test_dial_search_revert_from_wall_hexx: 12833 13475
takeover_tests::dial::test_dial_search_revert_from_wall_origami: 12833 13475
takeover_tests::dial::test_dial_search_revert_outside_hexx: 7810 8201
takeover_tests::dial::test_dial_search_revert_outside_origami: 7810 8201
takeover_tests::dial::test_dial_search_revert_to_wall_hexx: 14786 15526
takeover_tests::dial::test_dial_search_revert_to_wall_origami: 14786 15526
takeover_tests::dial::test_dial_search_revert_too_many_costs_hexx: 7810 8201
takeover_tests::dial::test_dial_search_revert_too_many_costs_origami: 7810 8201
takeover_tests::digger::test_digger_corridor_15x15: 91215638 95776420
takeover_tests::digger::test_digger_corridor_15x16: 105757674 111045558
takeover_tests::digger::test_digger_corridor_17x14: 95188156 99947564
takeover_tests::digger::test_digger_corridor_19x13: 88868240 93311652
takeover_tests::digger::test_digger_corridor_25x10: 111662890 117246035
takeover_tests::digger::test_digger_corridor_3x3: 26889914 28234410
takeover_tests::digger::test_digger_corridor_3x83: 247188102 259547508
takeover_tests::digger::test_digger_corridor_7x7: 41941842 44038935
takeover_tests::digger::test_digger_corridor_83x3: 309301158 324766216
takeover_tests::digger::test_digger_corridor_revert_corner_hexx: 10350 10868
takeover_tests::digger::test_digger_corridor_revert_corner_origami: 10350 10868
takeover_tests::digger::test_digger_corridor_revert_dimension_hexx: 7810 8201
takeover_tests::digger::test_digger_corridor_revert_dimension_origami: 7810 8201
takeover_tests::digger::test_digger_corridor_revert_not_edge_hexx: 10350 10868
takeover_tests::digger::test_digger_corridor_revert_not_edge_origami: 10350 10868
takeover_tests::digger::test_digger_corridor_revert_order_hexx: 7810 8201
takeover_tests::digger::test_digger_corridor_revert_order_origami: 7810 8201
takeover_tests::digger::test_digger_corridor_revert_outside_hexx: 10350 10868
takeover_tests::digger::test_digger_corridor_revert_outside_origami: 10350 10868
takeover_tests::digger::test_digger_maze_15x15: 141477436 148551308
takeover_tests::digger::test_digger_maze_15x16: 170454820 178977561
takeover_tests::digger::test_digger_maze_17x14: 143931082 151127637
takeover_tests::digger::test_digger_maze_19x13: 123322314 129488430
takeover_tests::digger::test_digger_maze_25x10: 152166624 159774956
takeover_tests::digger::test_digger_maze_3x3: 26907194 28252554
takeover_tests::digger::test_digger_maze_3x83: 268684078 282118282
takeover_tests::digger::test_digger_maze_7x7: 50370946 52889494
takeover_tests::digger::test_digger_maze_83x3: 313081266 328735330
takeover_tests::digger::test_digger_maze_revert_corner_hexx: 10350 10868
takeover_tests::digger::test_digger_maze_revert_corner_origami: 10350 10868
takeover_tests::digger::test_digger_maze_revert_dimension_hexx: 7810 8201
takeover_tests::digger::test_digger_maze_revert_dimension_origami: 7810 8201
takeover_tests::digger::test_digger_maze_revert_not_edge_hexx: 10350 10868
takeover_tests::digger::test_digger_maze_revert_not_edge_origami: 10350 10868
takeover_tests::digger::test_digger_maze_revert_order_hexx: 7810 8201
takeover_tests::digger::test_digger_maze_revert_order_origami: 7810 8201
takeover_tests::digger::test_digger_maze_revert_outside_hexx: 10350 10868
takeover_tests::digger::test_digger_maze_revert_outside_origami: 10350 10868
takeover_tests::direction::test_direction_constants: 6510 6836
takeover_tests::direction::test_direction_into_u8: 26520 27846
takeover_tests::direction::test_direction_next: 99438308 104410224
takeover_tests::direction::test_direction_opposite: 31120 32676
takeover_tests::direction::test_direction_pop_front: 50918932 53464879
takeover_tests::direction::test_direction_try_into: 1259550 1322528
takeover_tests::fixtures::tests::test_boards_provenance: 72217296 75828161
takeover_tests::fixtures::tests::test_edge_boards_provenance: 18406760 19327098
takeover_tests::fixtures::tests::test_entrance_boards_provenance_generated: 13308339 13973756
takeover_tests::fixtures::tests::test_entrance_boards_provenance_hand: 8276760 8690598
takeover_tests::gas::test_gas_compute_distribution_hexx_once: 398198 418108
takeover_tests::gas::test_gas_compute_distribution_hexx_twice: 534816 561557
takeover_tests::gas::test_gas_compute_distribution_origami_once: 398198 418108
takeover_tests::gas::test_gas_compute_distribution_origami_twice: 534816 561557
takeover_tests::gas::test_gas_distance_to_hexx_once: 786812 826153
takeover_tests::gas::test_gas_distance_to_hexx_twice: 1310144 1375652
takeover_tests::gas::test_gas_distance_to_origami_once: 786812 826153
takeover_tests::gas::test_gas_distance_to_origami_twice: 1310144 1375652
takeover_tests::gas::test_gas_field_of_movement_hexx_once: 542379 569498
takeover_tests::gas::test_gas_field_of_movement_hexx_twice: 822578 863707
takeover_tests::gas::test_gas_field_of_movement_origami_once: 542379 569498
takeover_tests::gas::test_gas_field_of_movement_origami_twice: 822578 863707
takeover_tests::gas::test_gas_hex_distance_hexx_once: 274760 288498
takeover_tests::gas::test_gas_hex_distance_hexx_twice: 286240 300552
takeover_tests::gas::test_gas_hex_distance_origami_once: 274760 288498
takeover_tests::gas::test_gas_hex_distance_origami_twice: 286240 300552
takeover_tests::gas::test_gas_is_walkable_hexx_once: 271273 284837
takeover_tests::gas::test_gas_is_walkable_hexx_twice: 278866 292810
takeover_tests::gas::test_gas_is_walkable_origami_once: 271273 284837
takeover_tests::gas::test_gas_is_walkable_origami_twice: 278866 292810
takeover_tests::gas::test_gas_keep_component_hexx_once: 720915 756961
takeover_tests::gas::test_gas_keep_component_hexx_twice: 1180350 1239368
takeover_tests::gas::test_gas_keep_component_origami_once: 720915 756961
takeover_tests::gas::test_gas_keep_component_origami_twice: 1180350 1239368
takeover_tests::gas::test_gas_neighbor_hexx_once: 270940 284487
takeover_tests::gas::test_gas_neighbor_hexx_twice: 278600 292530
takeover_tests::gas::test_gas_neighbor_origami_once: 270940 284487
takeover_tests::gas::test_gas_neighbor_origami_twice: 278600 292530
takeover_tests::gas::test_gas_new_cave_hexx_once: 396877 416721
takeover_tests::gas::test_gas_new_cave_hexx_twice: 532274 558888
takeover_tests::gas::test_gas_new_cave_origami_once: 396877 416721
takeover_tests::gas::test_gas_new_cave_origami_twice: 532274 558888
takeover_tests::gas::test_gas_new_empty_hexx_once: 270140 283647
takeover_tests::gas::test_gas_new_empty_hexx_twice: 276700 290535
takeover_tests::gas::test_gas_new_empty_origami_once: 270140 283647
takeover_tests::gas::test_gas_new_empty_origami_twice: 276700 290535
takeover_tests::gas::test_gas_new_hexagon_hexx_once: 405000 425250
takeover_tests::gas::test_gas_new_hexagon_hexx_twice: 546720 574056
takeover_tests::gas::test_gas_new_hexagon_origami_once: 405000 425250
takeover_tests::gas::test_gas_new_hexagon_origami_twice: 546720 574056
takeover_tests::gas::test_gas_new_hexx_once: 262680 275814
takeover_tests::gas::test_gas_new_hexx_twice: 262880 276024
takeover_tests::gas::test_gas_new_maze_hexx_once: 3189063 3348517
takeover_tests::gas::test_gas_new_maze_hexx_twice: 6116746 6422584
takeover_tests::gas::test_gas_new_maze_origami_once: 3189063 3348517
takeover_tests::gas::test_gas_new_maze_origami_twice: 6116746 6422584
takeover_tests::gas::test_gas_new_origami_once: 262680 275814
takeover_tests::gas::test_gas_new_origami_twice: 262880 276024
takeover_tests::gas::test_gas_new_random_walk_hexx_once: 2624447 2755670
takeover_tests::gas::test_gas_new_random_walk_hexx_twice: 4987214 5236575
takeover_tests::gas::test_gas_new_random_walk_origami_once: 2624447 2755670
takeover_tests::gas::test_gas_new_random_walk_origami_twice: 4987214 5236575
takeover_tests::gas::test_gas_open_with_corridor_hexx_once: 334068 350772
takeover_tests::gas::test_gas_open_with_corridor_hexx_twice: 404456 424679
takeover_tests::gas::test_gas_open_with_corridor_long_hexx_once: 2259954 2372952
takeover_tests::gas::test_gas_open_with_corridor_long_hexx_twice: 4256228 4469040
takeover_tests::gas::test_gas_open_with_corridor_long_origami_once: 2259954 2372952
takeover_tests::gas::test_gas_open_with_corridor_long_origami_twice: 4256228 4469040
takeover_tests::gas::test_gas_open_with_corridor_origami_once: 334068 350772
takeover_tests::gas::test_gas_open_with_corridor_origami_twice: 404456 424679
takeover_tests::gas::test_gas_open_with_maze_hexx_once: 334068 350772
takeover_tests::gas::test_gas_open_with_maze_hexx_twice: 404456 424679
takeover_tests::gas::test_gas_open_with_maze_long_hexx_once: 3506451 3681774
takeover_tests::gas::test_gas_open_with_maze_long_hexx_twice: 6749222 7086684
takeover_tests::gas::test_gas_open_with_maze_long_origami_once: 3506451 3681774
takeover_tests::gas::test_gas_open_with_maze_long_origami_twice: 6749222 7086684
takeover_tests::gas::test_gas_open_with_maze_origami_once: 334068 350772
takeover_tests::gas::test_gas_open_with_maze_origami_twice: 404456 424679
takeover_tests::gas::test_gas_range_hexx_once: 379803 398794
takeover_tests::gas::test_gas_range_hexx_twice: 498126 523033
takeover_tests::gas::test_gas_range_origami_once: 379803 398794
takeover_tests::gas::test_gas_range_origami_twice: 498126 523033
takeover_tests::gas::test_gas_reachable_hexx_once: 720915 756961
takeover_tests::gas::test_gas_reachable_hexx_twice: 1180350 1239368
takeover_tests::gas::test_gas_reachable_origami_once: 720915 756961
takeover_tests::gas::test_gas_reachable_origami_twice: 1180350 1239368
takeover_tests::gas::test_gas_ring_hexx_once: 377583 396463
takeover_tests::gas::test_gas_ring_hexx_twice: 493786 518476
takeover_tests::gas::test_gas_ring_origami_once: 377583 396463
takeover_tests::gas::test_gas_ring_origami_twice: 493786 518476
takeover_tests::gas::test_gas_search_path_hexx_once: 1043675 1095859
takeover_tests::gas::test_gas_search_path_hexx_twice: 1823470 1914644
takeover_tests::gas::test_gas_search_path_origami_once: 1043675 1095859
takeover_tests::gas::test_gas_search_path_origami_twice: 1823470 1914644
takeover_tests::gas::test_gas_search_path_weighted_hexx_once: 1813359 1904027
takeover_tests::gas::test_gas_search_path_weighted_hexx_twice: 3362138 3530245
takeover_tests::gas::test_gas_search_path_weighted_origami_once: 1813359 1904027
takeover_tests::gas::test_gas_search_path_weighted_origami_twice: 3362138 3530245
takeover_tests::geometry::test_geometry_distance: 106962096 112310201
takeover_tests::geometry::test_geometry_to_axial: 25580528 26859555
takeover_tests::layout::test_dilation_dilate: 15678254 16462167
takeover_tests::layout::test_dilation_expand_small: 8236878 8648722
takeover_tests::layout::test_layout_board: 6016790 6317630
takeover_tests::layout::test_layout_coords: 21825028 22916280
takeover_tests::layout::test_layout_dilation: 16136770 16943609
takeover_tests::layout::test_layout_edge_neighbours: 150581148 158110206
takeover_tests::layout::test_layout_even: 10648650 11181083
takeover_tests::layout::test_layout_expand: 15728594 16515024
takeover_tests::layout::test_layout_expand_small: 8462938 8886085
takeover_tests::layout::test_layout_hexagon: 1067550 1120928
takeover_tests::layout::test_layout_index: 23091168 24245727
takeover_tests::layout::test_layout_interior: 9445790 9918080
takeover_tests::layout::test_layout_neighbor: 131064088 137617293
takeover_tests::layout::test_layout_neighbour_in: 490556484 515084309
takeover_tests::layout::test_layout_neighbour_mask: 44595888 46825683
takeover_tests::layout::test_layout_new: 17081770 17935859
takeover_tests::layout::test_layout_parity: 25761608 27049689
takeover_tests::layout::test_layout_with_interior: 17521010 18397061
takeover_tests::map::test_map_audit_scenario: 1760040 1848042
takeover_tests::map::test_map_compute_distribution_128_tiles: 69971732 73470319
takeover_tests::map::test_map_compute_distribution_15x15: 196453572 206276251
takeover_tests::map::test_map_compute_distribution_15x16: 208633004 219064655
takeover_tests::map::test_map_compute_distribution_17x14: 208147666 218555050
takeover_tests::map::test_map_compute_distribution_19x13: 213136858 223793701
takeover_tests::map::test_map_compute_distribution_25x10: 212247400 222859770
takeover_tests::map::test_map_compute_distribution_3x3: 17339132 18206089
takeover_tests::map::test_map_compute_distribution_3x83: 119260268 125223282
takeover_tests::map::test_map_compute_distribution_7x7: 50667286 53200651
takeover_tests::map::test_map_compute_distribution_83x3: 115392776 121162415
takeover_tests::map::test_map_compute_distribution_boards_boards: 147586404 154965725
takeover_tests::map::test_map_compute_distribution_boards_fixtures: 37627866 39509260
takeover_tests::map::test_map_compute_distribution_revert_128_tiles_bit_128_hexx: 55801 58592
takeover_tests::map::test_map_compute_distribution_revert_128_tiles_bit_128_origami: 55801 58592
takeover_tests::map::test_map_compute_distribution_revert_dimension_hexx: 7810 8201
takeover_tests::map::test_map_compute_distribution_revert_dimension_origami: 7810 8201
takeover_tests::map::test_map_compute_distribution_revert_invalid_grid_hexx: 66620 69951
takeover_tests::map::test_map_compute_distribution_revert_invalid_grid_origami: 66620 69951
takeover_tests::map::test_map_compute_distribution_revert_not_enough_place_hexx: 56801 59642
takeover_tests::map::test_map_compute_distribution_revert_not_enough_place_origami: 56801 59642
takeover_tests::map::test_map_compute_distribution_revert_small_bit_128_hexx: 12020 12621
takeover_tests::map::test_map_compute_distribution_revert_small_bit_128_origami: 12020 12621
takeover_tests::map::test_map_distance_to_boards: 323946870 340144214
takeover_tests::map::test_map_distance_to_fixtures: 83333034 87499686
takeover_tests::map::test_map_distance_to_revert_dimension_hexx: 7810 8201
takeover_tests::map::test_map_distance_to_revert_dimension_origami: 7810 8201
takeover_tests::map::test_map_distance_to_revert_outside_hexx: 7810 8201
takeover_tests::map::test_map_distance_to_revert_outside_origami: 7810 8201
takeover_tests::map::test_map_distance_to_revert_wall_hexx: 13113 13769
takeover_tests::map::test_map_distance_to_revert_wall_origami: 13113 13769
takeover_tests::map::test_map_field_of_movement_boards_0: 375711300 394496865
takeover_tests::map::test_map_field_of_movement_boards_1: 400744732 420781969
takeover_tests::map::test_map_field_of_movement_boards_2: 395200820 414960861
takeover_tests::map::test_map_field_of_movement_boards_3: 288390764 302810303
takeover_tests::map::test_map_field_of_movement_edges_15x16: 120429056 126450509
takeover_tests::map::test_map_field_of_movement_edges_16x8: 97062268 101915382
takeover_tests::map::test_map_field_of_movement_edges_17x14: 125551692 131829277
takeover_tests::map::test_map_field_of_movement_edges_19x13: 128732012 135168613
takeover_tests::map::test_map_field_of_movement_edges_7x7: 93712294 98397909
takeover_tests::map::test_map_field_of_movement_edges_8x16: 97194116 102053822
takeover_tests::map::test_map_field_of_movement_entrances_generated: 402210584 422321114
takeover_tests::map::test_map_field_of_movement_entrances_hand_0: 180929664 189976148
takeover_tests::map::test_map_field_of_movement_entrances_hand_1: 388004512 407404738
takeover_tests::map::test_map_field_of_movement_fixtures: 353304692 370969927
takeover_tests::map::test_map_field_of_movement_revert_dimension_hexx: 7810 8201
takeover_tests::map::test_map_field_of_movement_revert_dimension_origami: 7810 8201
takeover_tests::map::test_map_field_of_movement_revert_outside_hexx: 7810 8201
takeover_tests::map::test_map_field_of_movement_revert_outside_origami: 7810 8201
takeover_tests::map::test_map_field_of_movement_revert_too_many_costs_hexx: 7810 8201
takeover_tests::map::test_map_field_of_movement_revert_too_many_costs_origami: 7810 8201
takeover_tests::map::test_map_field_of_movement_revert_wall_hexx: 40937 42984
takeover_tests::map::test_map_field_of_movement_revert_wall_origami: 40937 42984
takeover_tests::map::test_map_fixture_endpoints: 184490034 193714536
takeover_tests::map::test_map_floods_edges_15x16: 188150042 197557545
takeover_tests::map::test_map_floods_edges_16x8: 164753266 172990930
takeover_tests::map::test_map_floods_edges_17x14: 188066042 197469345
takeover_tests::map::test_map_floods_edges_19x13: 187965442 197363715
takeover_tests::map::test_map_floods_edges_7x7: 163127096 171283451
takeover_tests::map::test_map_floods_edges_8x16: 164911666 173157250
takeover_tests::map::test_map_floods_entrances_generated_0: 347445904 364818200
takeover_tests::map::test_map_floods_entrances_generated_1: 340457962 357480861
takeover_tests::map::test_map_floods_entrances_hand_0: 176670982 185504532
takeover_tests::map::test_map_floods_entrances_hand_1: 298047390 312949760
takeover_tests::map::test_map_floods_entrances_hand_2: 352993702 370643388
takeover_tests::map::test_map_hex_distance: 115113596 120869276
takeover_tests::map::test_map_hex_distance_revert_from_outside_hexx: 7810 8201
takeover_tests::map::test_map_hex_distance_revert_from_outside_origami: 7810 8201
takeover_tests::map::test_map_hex_distance_revert_to_outside_hexx: 7810 8201
takeover_tests::map::test_map_hex_distance_revert_to_outside_origami: 7810 8201
takeover_tests::map::test_map_identical_endpoints: 260682188 273716298
takeover_tests::map::test_map_is_walkable: 156683054 164517207
takeover_tests::map::test_map_keep_component_15x15: 203980372 214179391
takeover_tests::map::test_map_keep_component_15x16: 218109026 229014478
takeover_tests::map::test_map_keep_component_17x14: 219275952 230239750
takeover_tests::map::test_map_keep_component_19x13: 225947782 237245172
takeover_tests::map::test_map_keep_component_25x10: 223732628 234919260
takeover_tests::map::test_map_keep_component_3x3: 10895916 11440712
takeover_tests::map::test_map_keep_component_3x83: 121238850 127300793
takeover_tests::map::test_map_keep_component_7x7: 43193320 45352986
takeover_tests::map::test_map_keep_component_83x3: 116215194 122025954
takeover_tests::map::test_map_keep_component_boards_boards: 319336972 335303821
takeover_tests::map::test_map_keep_component_boards_fixtures: 76801520 80641596
takeover_tests::map::test_map_keep_component_revert_dimension_hexx: 7810 8201
takeover_tests::map::test_map_keep_component_revert_dimension_origami: 7810 8201
takeover_tests::map::test_map_keep_component_revert_outside_hexx: 7810 8201
takeover_tests::map::test_map_keep_component_revert_outside_origami: 7810 8201
takeover_tests::map::test_map_keep_component_revert_wall_hexx: 51078 53632
takeover_tests::map::test_map_keep_component_revert_wall_origami: 51078 53632
takeover_tests::map::test_map_neighbor: 161249448 169311921
takeover_tests::map::test_map_new: 545334 572601
takeover_tests::map::test_map_new_cave_15x15: 85399444 89669417
takeover_tests::map::test_map_new_cave_15x16: 85335444 89602217
takeover_tests::map::test_map_new_cave_17x14: 85335444 89602217
takeover_tests::map::test_map_new_cave_19x13: 85399444 89669417
takeover_tests::map::test_map_new_cave_25x10: 85335444 89602217
takeover_tests::map::test_map_new_cave_3x3: 46218644 48529577
takeover_tests::map::test_map_new_cave_3x83: 82462224 86585336
takeover_tests::map::test_map_new_cave_7x7: 46218644 48529577
takeover_tests::map::test_map_new_cave_83x3: 80795324 84835091
takeover_tests::map::test_map_new_cave_revert_dimension_hexx: 7810 8201
takeover_tests::map::test_map_new_cave_revert_dimension_origami: 7810 8201
takeover_tests::map::test_map_new_empty: 18838210 19780121
takeover_tests::map::test_map_new_empty_revert_dimension_hexx: 7810 8201
takeover_tests::map::test_map_new_empty_revert_dimension_origami: 7810 8201
takeover_tests::map::test_map_new_hexagon: 74693656 78428339
takeover_tests::map::test_map_new_hexagon_revert_radius_127_hexx: 7810 8201
takeover_tests::map::test_map_new_hexagon_revert_radius_127_origami: 7810 8201
takeover_tests::map::test_map_new_hexagon_revert_radius_128_hexx: 7810 8201
takeover_tests::map::test_map_new_hexagon_revert_radius_128_origami: 7810 8201
takeover_tests::map::test_map_new_hexagon_revert_radius_hexx: 7810 8201
takeover_tests::map::test_map_new_hexagon_revert_radius_origami: 7810 8201
takeover_tests::map::test_map_new_maze_15x15_0: 273098250 286753163
takeover_tests::map::test_map_new_maze_15x15_1: 261967154 275065512
takeover_tests::map::test_map_new_maze_15x16_0: 287892476 302287100
takeover_tests::map::test_map_new_maze_15x16_1: 295631978 310413577
takeover_tests::map::test_map_new_maze_17x14_0: 285377664 299646548
takeover_tests::map::test_map_new_maze_17x14_1: 284965132 299213389
takeover_tests::map::test_map_new_maze_19x13_0: 303799474 318989448
takeover_tests::map::test_map_new_maze_19x13_1: 305426676 320698010
takeover_tests::map::test_map_new_maze_25x10_0: 301102414 316157535
takeover_tests::map::test_map_new_maze_25x10_1: 300323236 315339398
takeover_tests::map::test_map_new_maze_3x3: 23896724 25091561
takeover_tests::map::test_map_new_maze_3x83_0: 256977088 269825943
takeover_tests::map::test_map_new_maze_3x83_1: 262585738 275715025
takeover_tests::map::test_map_new_maze_7x7: 108951980 114399579
takeover_tests::map::test_map_new_maze_83x3_0: 308920516 324366542
takeover_tests::map::test_map_new_maze_83x3_1: 304507196 319732556
takeover_tests::map::test_map_new_maze_revert_dimension_hexx: 7810 8201
takeover_tests::map::test_map_new_maze_revert_dimension_origami: 7810 8201
takeover_tests::map::test_map_new_maze_revert_order_hexx: 7810 8201
takeover_tests::map::test_map_new_maze_revert_order_origami: 7810 8201
takeover_tests::map::test_map_new_random_walk_15x15: 309355168 324822927
takeover_tests::map::test_map_new_random_walk_15x16: 309082848 324536991
takeover_tests::map::test_map_new_random_walk_17x14: 309424188 324895398
takeover_tests::map::test_map_new_random_walk_19x13: 309599548 325079526
takeover_tests::map::test_map_new_random_walk_25x10: 309708188 325193598
takeover_tests::map::test_map_new_random_walk_3x3: 304062128 319265235
takeover_tests::map::test_map_new_random_walk_3x83: 310951008 326498559
takeover_tests::map::test_map_new_random_walk_7x7: 301908448 317003871
takeover_tests::map::test_map_new_random_walk_83x3: 305297288 320562153
takeover_tests::map::test_map_new_random_walk_revert_dimension_hexx: 7810 8201
takeover_tests::map::test_map_new_random_walk_revert_dimension_origami: 7810 8201
takeover_tests::map::test_map_open_with_corridor_15x15: 91241238 95803300
takeover_tests::map::test_map_open_with_corridor_15x16: 105783274 111072438
takeover_tests::map::test_map_open_with_corridor_17x14: 95213756 99974444
takeover_tests::map::test_map_open_with_corridor_19x13: 88893840 93338532
takeover_tests::map::test_map_open_with_corridor_25x10: 111688490 117272915
takeover_tests::map::test_map_open_with_corridor_3x3: 26915514 28261290
takeover_tests::map::test_map_open_with_corridor_3x83: 247213702 259574388
takeover_tests::map::test_map_open_with_corridor_7x7: 41967442 44065815
takeover_tests::map::test_map_open_with_corridor_83x3: 309326758 324793096
takeover_tests::map::test_map_open_with_corridor_revert_corner_hexx: 10350 10868
takeover_tests::map::test_map_open_with_corridor_revert_corner_origami: 10350 10868
takeover_tests::map::test_map_open_with_corridor_revert_dimension_hexx: 7810 8201
takeover_tests::map::test_map_open_with_corridor_revert_dimension_origami: 7810 8201
takeover_tests::map::test_map_open_with_corridor_revert_not_edge_hexx: 10350 10868
takeover_tests::map::test_map_open_with_corridor_revert_not_edge_origami: 10350 10868
takeover_tests::map::test_map_open_with_corridor_revert_order_hexx: 7810 8201
takeover_tests::map::test_map_open_with_corridor_revert_order_origami: 7810 8201
takeover_tests::map::test_map_open_with_corridor_revert_outside_hexx: 10350 10868
takeover_tests::map::test_map_open_with_corridor_revert_outside_origami: 10350 10868
takeover_tests::map::test_map_open_with_maze_15x15: 141503036 148578188
takeover_tests::map::test_map_open_with_maze_15x16: 170480420 179004441
takeover_tests::map::test_map_open_with_maze_17x14: 143956682 151154517
takeover_tests::map::test_map_open_with_maze_19x13: 123347914 129515310
takeover_tests::map::test_map_open_with_maze_25x10: 152192224 159801836
takeover_tests::map::test_map_open_with_maze_3x3: 26932794 28279434
takeover_tests::map::test_map_open_with_maze_3x83: 268709678 282145162
takeover_tests::map::test_map_open_with_maze_7x7: 50396546 52916374
takeover_tests::map::test_map_open_with_maze_83x3: 313106866 328762210
takeover_tests::map::test_map_open_with_maze_revert_corner_hexx: 10350 10868
takeover_tests::map::test_map_open_with_maze_revert_corner_origami: 10350 10868
takeover_tests::map::test_map_open_with_maze_revert_dimension_hexx: 7810 8201
takeover_tests::map::test_map_open_with_maze_revert_dimension_origami: 7810 8201
takeover_tests::map::test_map_open_with_maze_revert_not_edge_hexx: 10350 10868
takeover_tests::map::test_map_open_with_maze_revert_not_edge_origami: 10350 10868
takeover_tests::map::test_map_open_with_maze_revert_order_hexx: 7810 8201
takeover_tests::map::test_map_open_with_maze_revert_order_origami: 7810 8201
takeover_tests::map::test_map_open_with_maze_revert_outside_hexx: 10350 10868
takeover_tests::map::test_map_open_with_maze_revert_outside_origami: 10350 10868
takeover_tests::map::test_map_paths_edges_15x16: 344761052 361999105
takeover_tests::map::test_map_paths_edges_16x8: 309666154 325149462
takeover_tests::map::test_map_paths_edges_17x14: 352465158 370088416
takeover_tests::map::test_map_paths_edges_19x13: 356709310 374544776
takeover_tests::map::test_map_paths_edges_7x7: 305277156 320541014
takeover_tests::map::test_map_paths_edges_8x16: 309645786 325128076
takeover_tests::map::test_map_paths_entrances_generated_0: 313212672 328873306
takeover_tests::map::test_map_paths_entrances_generated_1: 305846544 321138872
takeover_tests::map::test_map_paths_entrances_hand_0: 112172076 117780680
takeover_tests::map::test_map_paths_entrances_hand_1: 329429494 345900969
takeover_tests::map::test_map_paths_entrances_hand_2: 393944276 413641490
takeover_tests::map::test_map_range_boards_0: 408706926 429142273
takeover_tests::map::test_map_range_boards_1: 341905280 359000544
takeover_tests::map::test_map_range_fixtures: 166280100 174594105
takeover_tests::map::test_map_range_revert_dimension_hexx: 7810 8201
takeover_tests::map::test_map_range_revert_dimension_origami: 7810 8201
takeover_tests::map::test_map_range_revert_outside_hexx: 7810 8201
takeover_tests::map::test_map_range_revert_outside_origami: 7810 8201
takeover_tests::map::test_map_range_revert_wall_hexx: 52778 55417
takeover_tests::map::test_map_range_revert_wall_origami: 52778 55417
takeover_tests::map::test_map_reachable_boards: 319336172 335302981
takeover_tests::map::test_map_reachable_fixtures: 76800520 80640546
takeover_tests::map::test_map_reachable_revert_dimension_hexx: 7810 8201
takeover_tests::map::test_map_reachable_revert_dimension_origami: 7810 8201
takeover_tests::map::test_map_reachable_revert_outside_hexx: 7810 8201
takeover_tests::map::test_map_reachable_revert_outside_origami: 7810 8201
takeover_tests::map::test_map_reachable_revert_wall_hexx: 51078 53632
takeover_tests::map::test_map_reachable_revert_wall_origami: 51078 53632
takeover_tests::map::test_map_ring_boards_0: 304964676 320212910
takeover_tests::map::test_map_ring_boards_1: 275059238 288812200
takeover_tests::map::test_map_ring_boards_2: 234137634 245844516
takeover_tests::map::test_map_ring_fixtures: 166357796 174675686
takeover_tests::map::test_map_ring_revert_dimension_hexx: 7810 8201
takeover_tests::map::test_map_ring_revert_dimension_origami: 7810 8201
takeover_tests::map::test_map_ring_revert_outside_hexx: 7810 8201
takeover_tests::map::test_map_ring_revert_outside_origami: 7810 8201
takeover_tests::map::test_map_ring_revert_wall_hexx: 50624 53156
takeover_tests::map::test_map_ring_revert_wall_origami: 50624 53156
takeover_tests::map::test_map_search_path_boards: 396787460 416626833
takeover_tests::map::test_map_search_path_fixtures: 102938942 108085890
takeover_tests::map::test_map_search_path_revert_dimension_hexx: 7810 8201
takeover_tests::map::test_map_search_path_revert_dimension_origami: 7810 8201
takeover_tests::map::test_map_search_path_revert_from_wall_hexx: 13383 14053
takeover_tests::map::test_map_search_path_revert_from_wall_origami: 13383 14053
takeover_tests::map::test_map_search_path_revert_outside_hexx: 7810 8201
takeover_tests::map::test_map_search_path_revert_outside_origami: 7810 8201
takeover_tests::map::test_map_search_path_revert_to_wall_hexx: 15276 16040
takeover_tests::map::test_map_search_path_revert_to_wall_origami: 15276 16040
takeover_tests::map::test_map_search_path_weighted_boards_0: 343628772 360810211
takeover_tests::map::test_map_search_path_weighted_boards_1: 245142774 257399913
takeover_tests::map::test_map_search_path_weighted_boards_2: 194648752 204381190
takeover_tests::map::test_map_search_path_weighted_fixtures: 205876412 216170233
takeover_tests::map::test_map_search_path_weighted_revert_dimension_hexx: 7810 8201
takeover_tests::map::test_map_search_path_weighted_revert_dimension_origami: 7810 8201
takeover_tests::map::test_map_search_path_weighted_revert_from_wall_hexx: 12833 13475
takeover_tests::map::test_map_search_path_weighted_revert_from_wall_origami: 12833 13475
takeover_tests::map::test_map_search_path_weighted_revert_outside_hexx: 7810 8201
takeover_tests::map::test_map_search_path_weighted_revert_outside_origami: 7810 8201
takeover_tests::map::test_map_search_path_weighted_revert_to_wall_hexx: 14786 15526
takeover_tests::map::test_map_search_path_weighted_revert_to_wall_origami: 14786 15526
takeover_tests::map::test_map_search_path_weighted_revert_too_many_costs_hexx: 7810 8201
takeover_tests::map::test_map_search_path_weighted_revert_too_many_costs_origami: 7810 8201
takeover_tests::mazer::test_mazer_errors: 6010 6311
takeover_tests::mazer::test_mazer_generate_order_0_15x15: 344832052 362073655
takeover_tests::mazer::test_mazer_generate_order_0_15x16: 370225278 388736542
takeover_tests::mazer::test_mazer_generate_order_0_17x14: 365238468 383500392
takeover_tests::mazer::test_mazer_generate_order_0_19x13: 379176134 398134941
takeover_tests::mazer::test_mazer_generate_order_0_25x10: 377461826 396334918
takeover_tests::mazer::test_mazer_generate_order_0_3x3: 11939156 12536114
takeover_tests::mazer::test_mazer_generate_order_0_3x83: 320349620 336367101
takeover_tests::mazer::test_mazer_generate_order_0_7x7: 62567392 65695762
takeover_tests::mazer::test_mazer_generate_order_0_83x3: 291084160 305638368
takeover_tests::mazer::test_mazer_generate_order_1_15x15: 190205960 199716258
takeover_tests::mazer::test_mazer_generate_order_1_15x16: 213271784 223935374
takeover_tests::mazer::test_mazer_generate_order_1_17x14: 205076936 215330783
takeover_tests::mazer::test_mazer_generate_order_1_19x13: 230022624 241523756
takeover_tests::mazer::test_mazer_generate_order_1_25x10: 223936432 235133254
takeover_tests::mazer::test_mazer_generate_order_1_3x3: 11939156 12536114
takeover_tests::mazer::test_mazer_generate_order_1_3x83: 199185814 209145105
takeover_tests::mazer::test_mazer_generate_order_1_7x7: 46366176 48684485
takeover_tests::mazer::test_mazer_generate_order_1_83x3: 322316160 338431968
takeover_tests::mazer::test_mazer_generate_revert_dimension_hexx: 7810 8201
takeover_tests::mazer::test_mazer_generate_revert_dimension_origami: 7810 8201
takeover_tests::mazer::test_mazer_generate_revert_order_hexx: 7810 8201
takeover_tests::mazer::test_mazer_generate_revert_order_origami: 7810 8201
takeover_tests::rng::test_rng_draw: 48421260 50842323
takeover_tests::rng::test_rng_draw6: 20048104 21050510
takeover_tests::rng::test_rng_draw_byte_next_below: 42095690 44200475
takeover_tests::rng::test_rng_mix: 5523978 5800177
takeover_tests::rng::test_rng_new: 2847712 2990098
takeover_tests::rng::test_rng_permutations: 2750740 2888277
takeover_tests::rng::test_rng_pool_boundaries: 21845670 22937954
takeover_tests::rng::test_rng_refill: 5350632 5618164
takeover_tests::rng::test_rng_shuffle6: 27660008 29043009
takeover_tests::rng::test_rng_split216: 2582236 2711348
takeover_tests::spreader::test_spreader_errors: 6010 6311
takeover_tests::spreader::test_spreader_generate_128_tiles: 69399138 72869095
takeover_tests::spreader::test_spreader_generate_15x15: 196357572 206175451
takeover_tests::spreader::test_spreader_generate_15x16: 208537004 218963855
takeover_tests::spreader::test_spreader_generate_17x14: 208051666 218454250
takeover_tests::spreader::test_spreader_generate_19x13: 213040858 223692901
takeover_tests::spreader::test_spreader_generate_25x10: 212151400 222758970
takeover_tests::spreader::test_spreader_generate_3x3: 17243132 18105289
takeover_tests::spreader::test_spreader_generate_3x83: 119164268 125122482
takeover_tests::spreader::test_spreader_generate_7x7: 50571286 53099851
takeover_tests::spreader::test_spreader_generate_83x3: 115296776 121061615
takeover_tests::spreader::test_spreader_generate_boards: 147432804 154804445
takeover_tests::spreader::test_spreader_generate_fixtures: 37579866 39458860
takeover_tests::spreader::test_spreader_generate_revert_128_tiles_bit_128_hexx: 55801 58592
takeover_tests::spreader::test_spreader_generate_revert_128_tiles_bit_128_origami: 55801 58592
takeover_tests::spreader::test_spreader_generate_revert_dimension_hexx: 7810 8201
takeover_tests::spreader::test_spreader_generate_revert_dimension_origami: 7810 8201
takeover_tests::spreader::test_spreader_generate_revert_invalid_grid_small_hexx: 12920 13566
takeover_tests::spreader::test_spreader_generate_revert_invalid_grid_small_origami: 12920 13566
takeover_tests::spreader::test_spreader_generate_revert_invalid_grid_wide_hexx: 66620 69951
takeover_tests::spreader::test_spreader_generate_revert_invalid_grid_wide_origami: 66620 69951
takeover_tests::spreader::test_spreader_generate_revert_not_enough_place_hexx: 56801 59642
takeover_tests::spreader::test_spreader_generate_revert_not_enough_place_origami: 56801 59642
takeover_tests::spreader::test_spreader_generate_revert_small_bit_128_hexx: 12020 12621
takeover_tests::spreader::test_spreader_generate_revert_small_bit_128_origami: 12020 12621
takeover_tests::walker::test_walker_generate_15x15: 308843168 324285327
takeover_tests::walker::test_walker_generate_15x16: 308570848 323999391
takeover_tests::walker::test_walker_generate_17x14: 308912188 324357798
takeover_tests::walker::test_walker_generate_19x13: 309087548 324541926
takeover_tests::walker::test_walker_generate_25x10: 309196188 324655998
takeover_tests::walker::test_walker_generate_3x3: 303550128 318727635
takeover_tests::walker::test_walker_generate_3x83: 310439008 325960959
takeover_tests::walker::test_walker_generate_7x7: 301396448 316466271
takeover_tests::walker::test_walker_generate_83x3: 304785288 320024553
takeover_tests::walker::test_walker_generate_revert_dimension_hexx: 7810 8201
takeover_tests::walker::test_walker_generate_revert_dimension_origami: 7810 8201
