# gas: measured budget
takeover_tests::asserter::test_asserter_assert_inside: 20931308 21977874
takeover_tests::asserter::test_asserter_assert_not_corner: 25861968 27155067
takeover_tests::asserter::test_asserter_assert_on_edge: 12363530 12981707
takeover_tests::asserter::test_asserter_assert_valid_dimension: 6686000 7020300
takeover_tests::asserter::test_asserter_constants: 13720 14406
takeover_tests::asserter::test_asserter_corner_hexx: 15520 16296
takeover_tests::asserter::test_asserter_corner_origami: 15520 16296
takeover_tests::asserter::test_asserter_height_too_small_hexx: 15520 16296
takeover_tests::asserter::test_asserter_height_too_small_origami: 15520 16296
takeover_tests::asserter::test_asserter_is_edge_is_corner: 26984588 28333818
takeover_tests::asserter::test_asserter_not_edge_hexx: 15520 16296
takeover_tests::asserter::test_asserter_not_edge_origami: 15520 16296
takeover_tests::asserter::test_asserter_not_inside_hexx: 15520 16296
takeover_tests::asserter::test_asserter_not_inside_origami: 15520 16296
takeover_tests::asserter::test_asserter_too_large_hexx: 15520 16296
takeover_tests::asserter::test_asserter_too_large_origami: 15520 16296
takeover_tests::asserter::test_asserter_width_too_small_hexx: 15520 16296
takeover_tests::asserter::test_asserter_width_too_small_origami: 15520 16296
takeover_tests::bfs::test_bfs_audit_scenario: 1023270 1074434
takeover_tests::bfs::test_bfs_distance_boards: 323729680 339916164
takeover_tests::bfs::test_bfs_distance_entrances_generated: 151186130 158745437
takeover_tests::bfs::test_bfs_distance_entrances_hand: 202058576 212161505
takeover_tests::bfs::test_bfs_distance_fixtures: 83275544 87439322
takeover_tests::bfs::test_bfs_distance_revert_outside_hexx: 15520 16296
takeover_tests::bfs::test_bfs_distance_revert_outside_origami: 15520 16296
takeover_tests::bfs::test_bfs_distance_revert_wall_hexx: 20723 21760
takeover_tests::bfs::test_bfs_distance_revert_wall_origami: 20723 21760
takeover_tests::bfs::test_bfs_errors: 13720 14406
takeover_tests::bfs::test_bfs_fixture_endpoints: 28103660 29508843
takeover_tests::bfs::test_bfs_floods_edges_15x16: 62692042 65826645
takeover_tests::bfs::test_bfs_floods_edges_16x8: 52771640 55410222
takeover_tests::bfs::test_bfs_floods_edges_17x14: 62608042 65738445
takeover_tests::bfs::test_bfs_floods_edges_19x13: 62677642 65811525
takeover_tests::bfs::test_bfs_floods_edges_7x7: 51317040 53882892
takeover_tests::bfs::test_bfs_floods_edges_8x16: 52930040 55576542
takeover_tests::bfs::test_bfs_floods_entrances_generated: 298279596 313193576
takeover_tests::bfs::test_bfs_floods_entrances_hand: 338856254 355799067
takeover_tests::bfs::test_bfs_identical_endpoints: 227310512 238676038
takeover_tests::bfs::test_bfs_paths_edges_15x16: 186360000 195678000
takeover_tests::bfs::test_bfs_paths_edges_16x8: 176272428 185086050
takeover_tests::bfs::test_bfs_paths_edges_17x14: 186276000 195589800
takeover_tests::bfs::test_bfs_paths_edges_19x13: 186139960 195446958
takeover_tests::bfs::test_bfs_paths_edges_7x7: 174613070 183343724
takeover_tests::bfs::test_bfs_paths_edges_8x16: 176444268 185266482
takeover_tests::bfs::test_bfs_reachable_audit_witness: 232336 243953
takeover_tests::bfs::test_bfs_reachable_boards: 319221482 335182557
takeover_tests::bfs::test_bfs_reachable_fixtures: 76773030 80611682
takeover_tests::bfs::test_bfs_reachable_revert_outside_hexx: 15520 16296
takeover_tests::bfs::test_bfs_reachable_revert_outside_origami: 15520 16296
takeover_tests::bfs::test_bfs_reachable_revert_wall_hexx: 58688 61623
takeover_tests::bfs::test_bfs_reachable_revert_wall_origami: 58688 61623
takeover_tests::bfs::test_bfs_search_boards_0: 173620752 182301790
takeover_tests::bfs::test_bfs_search_boards_1: 123977812 130176703
takeover_tests::bfs::test_bfs_search_boards_2: 99148786 104106226
takeover_tests::bfs::test_bfs_search_entrances_generated: 206409976 216730475
takeover_tests::bfs::test_bfs_search_entrances_hand: 266894730 280239467
takeover_tests::bfs::test_bfs_search_fixtures: 102881452 108025525
takeover_tests::bfs::test_bfs_search_revert_dimension_hexx: 15520 16296
takeover_tests::bfs::test_bfs_search_revert_dimension_origami: 15520 16296
takeover_tests::bfs::test_bfs_search_revert_edge_wall_hexx: 20493 21518
takeover_tests::bfs::test_bfs_search_revert_edge_wall_origami: 20493 21518
takeover_tests::bfs::test_bfs_search_revert_from_wall_hexx: 20993 22043
takeover_tests::bfs::test_bfs_search_revert_from_wall_origami: 20993 22043
takeover_tests::bfs::test_bfs_search_revert_outside_hexx: 15520 16296
takeover_tests::bfs::test_bfs_search_revert_outside_origami: 15520 16296
takeover_tests::bfs::test_bfs_search_revert_to_wall_hexx: 22886 24031
takeover_tests::bfs::test_bfs_search_revert_to_wall_origami: 22886 24031
takeover_tests::bfs::test_bfs_tiles_within_range_boards_0: 408143336 428550503
takeover_tests::bfs::test_bfs_tiles_within_range_boards_1: 341336190 358403000
takeover_tests::bfs::test_bfs_tiles_within_range_fixtures: 165952610 174250241
takeover_tests::bfs::test_bfs_tiles_within_range_revert_dimension_hexx: 15520 16296
takeover_tests::bfs::test_bfs_tiles_within_range_revert_dimension_origami: 15520 16296
takeover_tests::bfs::test_bfs_tiles_within_range_revert_outside_hexx: 15520 16296
takeover_tests::bfs::test_bfs_tiles_within_range_revert_outside_origami: 15520 16296
takeover_tests::bfs::test_bfs_tiles_within_range_revert_wall_hexx: 60388 63408
takeover_tests::bfs::test_bfs_tiles_within_range_revert_wall_origami: 60388 63408
takeover_tests::bits::test_bits_and_or_xor: 9890634 10385166
takeover_tests::bits::test_bits_bitwise: 8988270 9437684
takeover_tests::bits::test_bits_constants: 14220 14931
takeover_tests::bits::test_bits_get_0: 336709394 353544864
takeover_tests::bits::test_bits_get_1: 349845054 367337307
takeover_tests::bits::test_bits_limb_functions: 21535496 22612271
takeover_tests::bits::test_bits_popcount: 205514802 215790543
takeover_tests::bits::test_bits_pow_inv: 1562910 1641056
takeover_tests::bits::test_bits_set_unset: 55955022 58752774
takeover_tests::bits::test_bits_shl_shr_exact: 106279210 111593171
takeover_tests::bits::test_bits_small_set: 101450475 106522999
takeover_tests::bits::test_bits_tables: 2097580 2202459
takeover_tests::bits::test_bits_to_felt: 4633748 4865436
takeover_tests::bits::test_bits_wide_set: 61948656 65046089
takeover_tests::caver::test_caver_errors: 13720 14406
takeover_tests::caver::test_caver_generate_15x15: 85330154 89596662
takeover_tests::caver::test_caver_generate_15x16: 85266154 89529462
takeover_tests::caver::test_caver_generate_17x14: 85266154 89529462
takeover_tests::caver::test_caver_generate_19x13: 85330154 89596662
takeover_tests::caver::test_caver_generate_25x10: 85266154 89529462
takeover_tests::caver::test_caver_generate_3x3: 46149354 48456822
takeover_tests::caver::test_caver_generate_3x83: 82392934 86512581
takeover_tests::caver::test_caver_generate_7x7: 46149354 48456822
takeover_tests::caver::test_caver_generate_83x3: 80726034 84762336
takeover_tests::caver::test_caver_generate_revert_dimension_hexx: 15520 16296
takeover_tests::caver::test_caver_generate_revert_dimension_origami: 15520 16296
takeover_tests::caver::test_caver_keep_component_15x15: 202996914 213146760
takeover_tests::caver::test_caver_keep_component_15x16: 217124368 227980587
takeover_tests::caver::test_caver_keep_component_17x14: 218293694 229208379
takeover_tests::caver::test_caver_keep_component_19x13: 224964804 236213045
takeover_tests::caver::test_caver_keep_component_25x10: 222749170 233886629
takeover_tests::caver::test_caver_keep_component_3x3: 10173098 10681753
takeover_tests::caver::test_caver_keep_component_3x83: 120415472 126436246
takeover_tests::caver::test_caver_keep_component_7x7: 42271142 44384700
takeover_tests::caver::test_caver_keep_component_83x3: 115378216 121147127
takeover_tests::caver::test_caver_keep_component_revert_dimension_hexx: 19063 20017
takeover_tests::caver::test_caver_keep_component_revert_dimension_origami: 19063 20017
takeover_tests::caver::test_caver_keep_component_revert_wall_hexx: 43725 45912
takeover_tests::caver::test_caver_keep_component_revert_wall_origami: 43725 45912
takeover_tests::dial::test_dial_errors: 13720 14406
takeover_tests::dial::test_dial_field_of_movement_boards_0: 375320510 394086536
takeover_tests::dial::test_dial_field_of_movement_boards_1: 400353942 420371640
takeover_tests::dial::test_dial_field_of_movement_boards_2: 394810030 414550532
takeover_tests::dial::test_dial_field_of_movement_boards_3: 287992274 302391888
takeover_tests::dial::test_dial_field_of_movement_edges_15x16: 119484648 125458881
takeover_tests::dial::test_dial_field_of_movement_edges_16x8: 96750028 101587530
takeover_tests::dial::test_dial_field_of_movement_edges_17x14: 125563652 131841835
takeover_tests::dial::test_dial_field_of_movement_edges_19x13: 128716788 135152628
takeover_tests::dial::test_dial_field_of_movement_edges_7x7: 93444532 98116759
takeover_tests::dial::test_dial_field_of_movement_edges_8x16: 97143406 102000577
takeover_tests::dial::test_dial_field_of_movement_entrances_generated: 401339690 421406675
takeover_tests::dial::test_dial_field_of_movement_entrances_hand_0: 181201130 190261187
takeover_tests::dial::test_dial_field_of_movement_entrances_hand_1: 387790852 407180395
takeover_tests::dial::test_dial_field_of_movement_fixtures: 352843202 370485363
takeover_tests::dial::test_dial_field_of_movement_revert_dimension_hexx: 15520 16296
takeover_tests::dial::test_dial_field_of_movement_revert_dimension_origami: 15520 16296
takeover_tests::dial::test_dial_field_of_movement_revert_outside_hexx: 15520 16296
takeover_tests::dial::test_dial_field_of_movement_revert_outside_origami: 15520 16296
takeover_tests::dial::test_dial_field_of_movement_revert_too_many_costs_hexx: 15520 16296
takeover_tests::dial::test_dial_field_of_movement_revert_too_many_costs_origami: 15520 16296
takeover_tests::dial::test_dial_field_of_movement_revert_wall_hexx: 48547 50975
takeover_tests::dial::test_dial_field_of_movement_revert_wall_origami: 48547 50975
takeover_tests::dial::test_dial_fixture_endpoints: 154549674 162277158
takeover_tests::dial::test_dial_identical_endpoints: 251840140 264432147
takeover_tests::dial::test_dial_search_boards_0: 343530582 360707112
takeover_tests::dial::test_dial_search_boards_1: 245053684 257306369
takeover_tests::dial::test_dial_search_boards_2: 194549162 204276621
takeover_tests::dial::test_dial_search_edges_15x16: 165020826 173271868
takeover_tests::dial::test_dial_search_edges_16x8: 136894704 143739440
takeover_tests::dial::test_dial_search_edges_17x14: 172331558 180948136
takeover_tests::dial::test_dial_search_edges_19x13: 175703940 184489137
takeover_tests::dial::test_dial_search_edges_7x7: 132972684 139621319
takeover_tests::dial::test_dial_search_edges_8x16: 137145812 144003103
takeover_tests::dial::test_dial_search_entrances_generated: 353981832 371680924
takeover_tests::dial::test_dial_search_entrances_hand: 472851510 496494086
takeover_tests::dial::test_dial_search_fixtures: 205792922 216082569
takeover_tests::dial::test_dial_search_revert_dimension_hexx: 15520 16296
takeover_tests::dial::test_dial_search_revert_dimension_origami: 15520 16296
takeover_tests::dial::test_dial_search_revert_from_wall_hexx: 20443 21466
takeover_tests::dial::test_dial_search_revert_from_wall_origami: 20443 21466
takeover_tests::dial::test_dial_search_revert_outside_hexx: 15520 16296
takeover_tests::dial::test_dial_search_revert_outside_origami: 15520 16296
takeover_tests::dial::test_dial_search_revert_to_wall_hexx: 22396 23516
takeover_tests::dial::test_dial_search_revert_to_wall_origami: 22396 23516
takeover_tests::dial::test_dial_search_revert_too_many_costs_hexx: 15520 16296
takeover_tests::dial::test_dial_search_revert_too_many_costs_origami: 15520 16296
takeover_tests::digger::test_digger_corridor_15x15: 91464618 95784306
takeover_tests::digger::test_digger_corridor_15x16: 106145294 111053444
takeover_tests::digger::test_digger_corridor_17x14: 95476656 99955450
takeover_tests::digger::test_digger_corridor_19x13: 89071280 93319538
takeover_tests::digger::test_digger_corridor_25x10: 112032690 117253920
takeover_tests::digger::test_digger_corridor_3x3: 26957604 28242296
takeover_tests::digger::test_digger_corridor_3x83: 248730902 259555393
takeover_tests::digger::test_digger_corridor_7x7: 42068562 44046820
takeover_tests::digger::test_digger_corridor_83x3: 311349408 324774102
takeover_tests::digger::test_digger_corridor_revert_corner_hexx: 18180 19089
takeover_tests::digger::test_digger_corridor_revert_corner_origami: 18180 19089
takeover_tests::digger::test_digger_corridor_revert_dimension_hexx: 15520 16296
takeover_tests::digger::test_digger_corridor_revert_dimension_origami: 15520 16296
takeover_tests::digger::test_digger_corridor_revert_not_edge_hexx: 18180 19089
takeover_tests::digger::test_digger_corridor_revert_not_edge_origami: 18180 19089
takeover_tests::digger::test_digger_corridor_revert_order_hexx: 15520 16296
takeover_tests::digger::test_digger_corridor_revert_order_origami: 15520 16296
takeover_tests::digger::test_digger_corridor_revert_outside_hexx: 18180 19089
takeover_tests::digger::test_digger_corridor_revert_outside_origami: 18180 19089
takeover_tests::digger::test_digger_maze_15x15: 142232356 148559194
takeover_tests::digger::test_digger_maze_15x16: 171443470 178985447
takeover_tests::digger::test_digger_maze_17x14: 144677032 151135522
takeover_tests::digger::test_digger_maze_19x13: 123823214 129496316
takeover_tests::digger::test_digger_maze_25x10: 152903274 159782841
takeover_tests::digger::test_digger_maze_3x3: 26974884 28260440
takeover_tests::digger::test_digger_maze_3x83: 270449898 282126168
takeover_tests::digger::test_digger_maze_7x7: 50597116 52897379
takeover_tests::digger::test_digger_maze_83x3: 315186156 328743215
takeover_tests::digger::test_digger_maze_revert_corner_hexx: 18180 19089
takeover_tests::digger::test_digger_maze_revert_corner_origami: 18180 19089
takeover_tests::digger::test_digger_maze_revert_dimension_hexx: 15520 16296
takeover_tests::digger::test_digger_maze_revert_dimension_origami: 15520 16296
takeover_tests::digger::test_digger_maze_revert_not_edge_hexx: 18180 19089
takeover_tests::digger::test_digger_maze_revert_not_edge_origami: 18180 19089
takeover_tests::digger::test_digger_maze_revert_order_hexx: 15520 16296
takeover_tests::digger::test_digger_maze_revert_order_origami: 15520 16296
takeover_tests::digger::test_digger_maze_revert_outside_hexx: 18180 19089
takeover_tests::digger::test_digger_maze_revert_outside_origami: 18180 19089
takeover_tests::direction::test_direction_constants: 14220 14931
takeover_tests::direction::test_direction_into_u8: 34230 35942
takeover_tests::direction::test_direction_next: 99445908 104418204
takeover_tests::direction::test_direction_opposite: 38830 40772
takeover_tests::direction::test_direction_pop_front: 50926662 53472996
takeover_tests::direction::test_direction_try_into: 1267260 1330623
takeover_tests::fixtures::tests::test_boards_provenance: 72224806 75836047
takeover_tests::fixtures::tests::test_edge_boards_provenance: 18414590 19335320
takeover_tests::fixtures::tests::test_entrance_boards_provenance_generated: 13315849 13981642
takeover_tests::fixtures::tests::test_entrance_boards_provenance_hand: 8284590 8698820
takeover_tests::gas::test_gas_compute_distribution_hexx_once: 405708 425994
takeover_tests::gas::test_gas_compute_distribution_hexx_twice: 542446 569569
takeover_tests::gas::test_gas_compute_distribution_origami_once: 405708 425994
takeover_tests::gas::test_gas_compute_distribution_origami_twice: 542446 569569
takeover_tests::gas::test_gas_distance_to_hexx_once: 794542 834270
takeover_tests::gas::test_gas_distance_to_hexx_twice: 1317874 1383768
takeover_tests::gas::test_gas_distance_to_origami_once: 794542 834270
takeover_tests::gas::test_gas_distance_to_origami_twice: 1317874 1383768
takeover_tests::gas::test_gas_field_of_movement_hexx_once: 549989 577489
takeover_tests::gas::test_gas_field_of_movement_hexx_twice: 830308 871824
takeover_tests::gas::test_gas_field_of_movement_origami_once: 549989 577489
takeover_tests::gas::test_gas_field_of_movement_origami_twice: 830308 871824
takeover_tests::gas::test_gas_hex_distance_hexx_once: 282590 296720
takeover_tests::gas::test_gas_hex_distance_hexx_twice: 294070 308774
takeover_tests::gas::test_gas_hex_distance_origami_once: 282590 296720
takeover_tests::gas::test_gas_hex_distance_origami_twice: 294070 308774
takeover_tests::gas::test_gas_is_walkable_hexx_once: 279003 292954
takeover_tests::gas::test_gas_is_walkable_hexx_twice: 286596 300926
takeover_tests::gas::test_gas_is_walkable_origami_once: 279003 292954
takeover_tests::gas::test_gas_is_walkable_origami_twice: 286596 300926
takeover_tests::gas::test_gas_keep_component_hexx_once: 728525 764952
takeover_tests::gas::test_gas_keep_component_hexx_twice: 1188080 1247484
takeover_tests::gas::test_gas_keep_component_origami_once: 728525 764952
takeover_tests::gas::test_gas_keep_component_origami_twice: 1188080 1247484
takeover_tests::gas::test_gas_neighbor_hexx_once: 278770 292709
takeover_tests::gas::test_gas_neighbor_hexx_twice: 286430 300752
takeover_tests::gas::test_gas_neighbor_origami_once: 278770 292709
takeover_tests::gas::test_gas_neighbor_origami_twice: 286430 300752
takeover_tests::gas::test_gas_new_cave_hexx_once: 404387 424607
takeover_tests::gas::test_gas_new_cave_hexx_twice: 539904 566900
takeover_tests::gas::test_gas_new_cave_origami_once: 404387 424607
takeover_tests::gas::test_gas_new_cave_origami_twice: 539904 566900
takeover_tests::gas::test_gas_new_empty_hexx_once: 277970 291869
takeover_tests::gas::test_gas_new_empty_hexx_twice: 284530 298757
takeover_tests::gas::test_gas_new_empty_origami_once: 277970 291869
takeover_tests::gas::test_gas_new_empty_origami_twice: 284530 298757
takeover_tests::gas::test_gas_new_hexagon_hexx_once: 412830 433472
takeover_tests::gas::test_gas_new_hexagon_hexx_twice: 554550 582278
takeover_tests::gas::test_gas_new_hexagon_origami_once: 412830 433472
takeover_tests::gas::test_gas_new_hexagon_origami_twice: 554550 582278
takeover_tests::gas::test_gas_new_hexx_once: 270390 283910
takeover_tests::gas::test_gas_new_hexx_twice: 270590 284120
takeover_tests::gas::test_gas_new_maze_hexx_once: 3196573 3356402
takeover_tests::gas::test_gas_new_maze_hexx_twice: 6124376 6430595
takeover_tests::gas::test_gas_new_maze_origami_once: 3196573 3356402
takeover_tests::gas::test_gas_new_maze_origami_twice: 6124376 6430595
takeover_tests::gas::test_gas_new_origami_once: 270390 283910
takeover_tests::gas::test_gas_new_origami_twice: 270590 284120
takeover_tests::gas::test_gas_new_random_walk_hexx_once: 2631957 2763555
takeover_tests::gas::test_gas_new_random_walk_hexx_twice: 4994844 5244587
takeover_tests::gas::test_gas_new_random_walk_origami_once: 2631957 2763555
takeover_tests::gas::test_gas_new_random_walk_origami_twice: 4994844 5244587
takeover_tests::gas::test_gas_open_with_corridor_hexx_once: 341698 358783
takeover_tests::gas::test_gas_open_with_corridor_hexx_twice: 412086 432691
takeover_tests::gas::test_gas_open_with_corridor_long_hexx_once: 2305784 2380964
takeover_tests::gas::test_gas_open_with_corridor_long_hexx_twice: 4340258 4477051
takeover_tests::gas::test_gas_open_with_corridor_long_origami_once: 2267584 2380964
takeover_tests::gas::test_gas_open_with_corridor_long_origami_twice: 4263858 4477051
takeover_tests::gas::test_gas_open_with_corridor_origami_once: 341698 358783
takeover_tests::gas::test_gas_open_with_corridor_origami_twice: 412086 432691
takeover_tests::gas::test_gas_open_with_maze_hexx_once: 341698 358783
takeover_tests::gas::test_gas_open_with_maze_hexx_twice: 412086 432691
takeover_tests::gas::test_gas_open_with_maze_long_hexx_once: 3579531 3689786
takeover_tests::gas::test_gas_open_with_maze_long_hexx_twice: 6887752 7094695
takeover_tests::gas::test_gas_open_with_maze_long_origami_once: 3514081 3689786
takeover_tests::gas::test_gas_open_with_maze_long_origami_twice: 6756852 7094695
takeover_tests::gas::test_gas_open_with_maze_origami_once: 341698 358783
takeover_tests::gas::test_gas_open_with_maze_origami_twice: 412086 432691
takeover_tests::gas::test_gas_range_hexx_once: 387413 406784
takeover_tests::gas::test_gas_range_hexx_twice: 505856 531149
takeover_tests::gas::test_gas_range_origami_once: 387413 406784
takeover_tests::gas::test_gas_range_origami_twice: 505856 531149
takeover_tests::gas::test_gas_reachable_hexx_once: 728525 764952
takeover_tests::gas::test_gas_reachable_hexx_twice: 1188080 1247484
takeover_tests::gas::test_gas_reachable_origami_once: 728525 764952
takeover_tests::gas::test_gas_reachable_origami_twice: 1188080 1247484
takeover_tests::gas::test_gas_ring_hexx_once: 385193 404453
takeover_tests::gas::test_gas_ring_hexx_twice: 501516 526592
takeover_tests::gas::test_gas_ring_origami_once: 385193 404453
takeover_tests::gas::test_gas_ring_origami_twice: 501516 526592
takeover_tests::gas::test_gas_search_path_hexx_once: 1051405 1103976
takeover_tests::gas::test_gas_search_path_hexx_twice: 1831200 1922760
takeover_tests::gas::test_gas_search_path_origami_once: 1051405 1103976
takeover_tests::gas::test_gas_search_path_origami_twice: 1831200 1922760
takeover_tests::gas::test_gas_search_path_weighted_hexx_once: 1821089 1912144
takeover_tests::gas::test_gas_search_path_weighted_hexx_twice: 3369868 3538362
takeover_tests::gas::test_gas_search_path_weighted_origami_once: 1821089 1912144
takeover_tests::gas::test_gas_search_path_weighted_origami_twice: 3369868 3538362
takeover_tests::geometry::test_geometry_distance: 106969696 112318181
takeover_tests::geometry::test_geometry_to_axial: 25588128 26867535
takeover_tests::layout::test_dilation_dilate: 15685764 16470053
takeover_tests::layout::test_dilation_expand_small: 8244388 8656608
takeover_tests::layout::test_layout_board: 6024500 6325725
takeover_tests::layout::test_layout_coords: 21832628 22924260
takeover_tests::layout::test_layout_dilation: 16144480 16951704
takeover_tests::layout::test_layout_edge_neighbours: 150588748 158118186
takeover_tests::layout::test_layout_even: 10656360 11189178
takeover_tests::layout::test_layout_expand: 15736104 16522910
takeover_tests::layout::test_layout_expand_small: 8470448 8893971
takeover_tests::layout::test_layout_hexagon: 1075260 1129023
takeover_tests::layout::test_layout_index: 23098768 24253707
takeover_tests::layout::test_layout_interior: 9453500 9926175
takeover_tests::layout::test_layout_neighbor: 131071688 137625273
takeover_tests::layout::test_layout_neighbour_in: 490564114 515092320
takeover_tests::layout::test_layout_neighbour_mask: 44603488 46833663
takeover_tests::layout::test_layout_new: 17089480 17943954
takeover_tests::layout::test_layout_parity: 25769208 27057669
takeover_tests::layout::test_layout_with_interior: 17528720 18405156
takeover_tests::map::test_map_audit_scenario: 1767770 1856159
takeover_tests::map::test_map_compute_distribution_128_tiles: 69979242 73478205
takeover_tests::map::test_map_compute_distribution_15x15: 196461082 206284137
takeover_tests::map::test_map_compute_distribution_15x16: 208640514 219072540
takeover_tests::map::test_map_compute_distribution_17x14: 208155176 218562935
takeover_tests::map::test_map_compute_distribution_19x13: 213144368 223801587
takeover_tests::map::test_map_compute_distribution_25x10: 212254910 222867656
takeover_tests::map::test_map_compute_distribution_3x3: 17346642 18213975
takeover_tests::map::test_map_compute_distribution_3x83: 119267778 125231167
takeover_tests::map::test_map_compute_distribution_7x7: 50674796 53208536
takeover_tests::map::test_map_compute_distribution_83x3: 115400286 121170301
takeover_tests::map::test_map_compute_distribution_boards_boards: 147593914 154973610
takeover_tests::map::test_map_compute_distribution_boards_fixtures: 37635376 39517145
takeover_tests::map::test_map_compute_distribution_revert_128_tiles_bit_128_hexx: 63431 66603
takeover_tests::map::test_map_compute_distribution_revert_128_tiles_bit_128_origami: 63431 66603
takeover_tests::map::test_map_compute_distribution_revert_dimension_hexx: 15520 16296
takeover_tests::map::test_map_compute_distribution_revert_dimension_origami: 15520 16296
takeover_tests::map::test_map_compute_distribution_revert_invalid_grid_hexx: 74250 77963
takeover_tests::map::test_map_compute_distribution_revert_invalid_grid_origami: 74250 77963
takeover_tests::map::test_map_compute_distribution_revert_not_enough_place_hexx: 64431 67653
takeover_tests::map::test_map_compute_distribution_revert_not_enough_place_origami: 64431 67653
takeover_tests::map::test_map_compute_distribution_revert_small_bit_128_hexx: 19650 20633
takeover_tests::map::test_map_compute_distribution_revert_small_bit_128_origami: 19650 20633
takeover_tests::map::test_map_distance_to_boards: 323954380 340152099
takeover_tests::map::test_map_distance_to_fixtures: 83340544 87507572
takeover_tests::map::test_map_distance_to_revert_dimension_hexx: 15520 16296
takeover_tests::map::test_map_distance_to_revert_dimension_origami: 15520 16296
takeover_tests::map::test_map_distance_to_revert_outside_hexx: 15520 16296
takeover_tests::map::test_map_distance_to_revert_outside_origami: 15520 16296
takeover_tests::map::test_map_distance_to_revert_wall_hexx: 20723 21760
takeover_tests::map::test_map_distance_to_revert_wall_origami: 20723 21760
takeover_tests::map::test_map_field_of_movement_boards_0: 375718810 394504751
takeover_tests::map::test_map_field_of_movement_boards_1: 400752242 420789855
takeover_tests::map::test_map_field_of_movement_boards_2: 395208330 414968747
takeover_tests::map::test_map_field_of_movement_boards_3: 288398274 302818188
takeover_tests::map::test_map_field_of_movement_edges_15x16: 120436566 126458395
takeover_tests::map::test_map_field_of_movement_edges_16x8: 97069778 101923267
takeover_tests::map::test_map_field_of_movement_edges_17x14: 125559202 131837163
takeover_tests::map::test_map_field_of_movement_edges_19x13: 128739522 135176499
takeover_tests::map::test_map_field_of_movement_edges_7x7: 93719804 98405795
takeover_tests::map::test_map_field_of_movement_edges_8x16: 97201626 102061708
takeover_tests::map::test_map_field_of_movement_entrances_generated: 402218094 422328999
takeover_tests::map::test_map_field_of_movement_entrances_hand_0: 180937174 189984033
takeover_tests::map::test_map_field_of_movement_entrances_hand_1: 388012022 407412624
takeover_tests::map::test_map_field_of_movement_fixtures: 353312202 370977813
takeover_tests::map::test_map_field_of_movement_revert_dimension_hexx: 15520 16296
takeover_tests::map::test_map_field_of_movement_revert_dimension_origami: 15520 16296
takeover_tests::map::test_map_field_of_movement_revert_outside_hexx: 15520 16296
takeover_tests::map::test_map_field_of_movement_revert_outside_origami: 15520 16296
takeover_tests::map::test_map_field_of_movement_revert_too_many_costs_hexx: 15520 16296
takeover_tests::map::test_map_field_of_movement_revert_too_many_costs_origami: 15520 16296
takeover_tests::map::test_map_field_of_movement_revert_wall_hexx: 48547 50975
takeover_tests::map::test_map_field_of_movement_revert_wall_origami: 48547 50975
takeover_tests::map::test_map_fixture_endpoints: 184497544 193722422
takeover_tests::map::test_map_floods_edges_15x16: 188157652 197565535
takeover_tests::map::test_map_floods_edges_16x8: 164760876 172998920
takeover_tests::map::test_map_floods_edges_17x14: 188073652 197477335
takeover_tests::map::test_map_floods_edges_19x13: 187973052 197371705
takeover_tests::map::test_map_floods_edges_7x7: 163134706 171291442
takeover_tests::map::test_map_floods_edges_8x16: 164919276 173165240
takeover_tests::map::test_map_floods_entrances_generated_0: 347453414 364826085
takeover_tests::map::test_map_floods_entrances_generated_1: 340465472 357488746
takeover_tests::map::test_map_floods_entrances_hand_0: 176678492 185512417
takeover_tests::map::test_map_floods_entrances_hand_1: 298054900 312957645
takeover_tests::map::test_map_floods_entrances_hand_2: 353001212 370651273
takeover_tests::map::test_map_hex_distance: 115121196 120877256
takeover_tests::map::test_map_hex_distance_revert_from_outside_hexx: 15520 16296
takeover_tests::map::test_map_hex_distance_revert_from_outside_origami: 15520 16296
takeover_tests::map::test_map_hex_distance_revert_to_outside_hexx: 15520 16296
takeover_tests::map::test_map_hex_distance_revert_to_outside_origami: 15520 16296
takeover_tests::map::test_map_identical_endpoints: 260689818 273724309
takeover_tests::map::test_map_is_walkable: 156690664 164525198
takeover_tests::map::test_map_keep_component_15x15: 203987882 214187277
takeover_tests::map::test_map_keep_component_15x16: 218116536 229022363
takeover_tests::map::test_map_keep_component_17x14: 219283462 230247636
takeover_tests::map::test_map_keep_component_19x13: 225955292 237253057
takeover_tests::map::test_map_keep_component_25x10: 223740138 234927145
takeover_tests::map::test_map_keep_component_3x3: 10903426 11448598
takeover_tests::map::test_map_keep_component_3x83: 121246360 127308678
takeover_tests::map::test_map_keep_component_7x7: 43200830 45360872
takeover_tests::map::test_map_keep_component_83x3: 116222704 122033840
takeover_tests::map::test_map_keep_component_boards_boards: 319344482 335311707
takeover_tests::map::test_map_keep_component_boards_fixtures: 76809030 80649482
takeover_tests::map::test_map_keep_component_revert_dimension_hexx: 15520 16296
takeover_tests::map::test_map_keep_component_revert_dimension_origami: 15520 16296
takeover_tests::map::test_map_keep_component_revert_outside_hexx: 15520 16296
takeover_tests::map::test_map_keep_component_revert_outside_origami: 15520 16296
takeover_tests::map::test_map_keep_component_revert_wall_hexx: 58688 61623
takeover_tests::map::test_map_keep_component_revert_wall_origami: 58688 61623
takeover_tests::map::test_map_neighbor: 161257178 169320037
takeover_tests::map::test_map_new: 552944 580592
takeover_tests::map::test_map_new_cave_15x15: 85406954 89677302
takeover_tests::map::test_map_new_cave_15x16: 85342954 89610102
takeover_tests::map::test_map_new_cave_17x14: 85342954 89610102
takeover_tests::map::test_map_new_cave_19x13: 85406954 89677302
takeover_tests::map::test_map_new_cave_25x10: 85342954 89610102
takeover_tests::map::test_map_new_cave_3x3: 46226154 48537462
takeover_tests::map::test_map_new_cave_3x83: 82469734 86593221
takeover_tests::map::test_map_new_cave_7x7: 46226154 48537462
takeover_tests::map::test_map_new_cave_83x3: 80802834 84842976
takeover_tests::map::test_map_new_cave_revert_dimension_hexx: 15520 16296
takeover_tests::map::test_map_new_cave_revert_dimension_origami: 15520 16296
takeover_tests::map::test_map_new_empty: 18845820 19788111
takeover_tests::map::test_map_new_empty_revert_dimension_hexx: 15520 16296
takeover_tests::map::test_map_new_empty_revert_dimension_origami: 15520 16296
takeover_tests::map::test_map_new_hexagon: 74701266 78436330
takeover_tests::map::test_map_new_hexagon_revert_radius_127_hexx: 15520 16296
takeover_tests::map::test_map_new_hexagon_revert_radius_127_origami: 15520 16296
takeover_tests::map::test_map_new_hexagon_revert_radius_128_hexx: 15520 16296
takeover_tests::map::test_map_new_hexagon_revert_radius_128_origami: 15520 16296
takeover_tests::map::test_map_new_hexagon_revert_radius_hexx: 15520 16296
takeover_tests::map::test_map_new_hexagon_revert_radius_origami: 15520 16296
takeover_tests::map::test_map_new_maze_15x15_0: 273105760 286761048
takeover_tests::map::test_map_new_maze_15x15_1: 261974664 275073398
takeover_tests::map::test_map_new_maze_15x16_0: 287899986 302294986
takeover_tests::map::test_map_new_maze_15x16_1: 295639488 310421463
takeover_tests::map::test_map_new_maze_17x14_0: 285385174 299654433
takeover_tests::map::test_map_new_maze_17x14_1: 284972642 299221275
takeover_tests::map::test_map_new_maze_19x13_0: 303806984 318997334
takeover_tests::map::test_map_new_maze_19x13_1: 305434186 320705896
takeover_tests::map::test_map_new_maze_25x10_0: 301109924 316165421
takeover_tests::map::test_map_new_maze_25x10_1: 300330746 315347284
takeover_tests::map::test_map_new_maze_3x3: 23904234 25099446
takeover_tests::map::test_map_new_maze_3x83_0: 256984598 269833828
takeover_tests::map::test_map_new_maze_3x83_1: 262593248 275722911
takeover_tests::map::test_map_new_maze_7x7: 108959490 114407465
takeover_tests::map::test_map_new_maze_83x3_0: 308928026 324374428
takeover_tests::map::test_map_new_maze_83x3_1: 304514706 319740442
takeover_tests::map::test_map_new_maze_revert_dimension_hexx: 15520 16296
takeover_tests::map::test_map_new_maze_revert_dimension_origami: 15520 16296
takeover_tests::map::test_map_new_maze_revert_order_hexx: 15520 16296
takeover_tests::map::test_map_new_maze_revert_order_origami: 15520 16296
takeover_tests::map::test_map_new_random_walk_15x15: 309362678 324830812
takeover_tests::map::test_map_new_random_walk_15x16: 309090358 324544876
takeover_tests::map::test_map_new_random_walk_17x14: 309431698 324903283
takeover_tests::map::test_map_new_random_walk_19x13: 309607058 325087411
takeover_tests::map::test_map_new_random_walk_25x10: 309715698 325201483
takeover_tests::map::test_map_new_random_walk_3x3: 304069638 319273120
takeover_tests::map::test_map_new_random_walk_3x83: 310958518 326506444
takeover_tests::map::test_map_new_random_walk_7x7: 301915958 317011756
takeover_tests::map::test_map_new_random_walk_83x3: 305304798 320570038
takeover_tests::map::test_map_new_random_walk_revert_dimension_hexx: 15520 16296
takeover_tests::map::test_map_new_random_walk_revert_dimension_origami: 15520 16296
takeover_tests::map::test_map_open_with_corridor_15x15: 91490218 95811186
takeover_tests::map::test_map_open_with_corridor_15x16: 106170894 111080324
takeover_tests::map::test_map_open_with_corridor_17x14: 95502256 99982330
takeover_tests::map::test_map_open_with_corridor_19x13: 89096880 93346418
takeover_tests::map::test_map_open_with_corridor_25x10: 112058290 117280800
takeover_tests::map::test_map_open_with_corridor_3x3: 26983204 28269176
takeover_tests::map::test_map_open_with_corridor_3x83: 248756502 259582273
takeover_tests::map::test_map_open_with_corridor_7x7: 42094162 44073700
takeover_tests::map::test_map_open_with_corridor_83x3: 311375008 324800982
takeover_tests::map::test_map_open_with_corridor_revert_corner_hexx: 18180 19089
takeover_tests::map::test_map_open_with_corridor_revert_corner_origami: 18180 19089
takeover_tests::map::test_map_open_with_corridor_revert_dimension_hexx: 15520 16296
takeover_tests::map::test_map_open_with_corridor_revert_dimension_origami: 15520 16296
takeover_tests::map::test_map_open_with_corridor_revert_not_edge_hexx: 18180 19089
takeover_tests::map::test_map_open_with_corridor_revert_not_edge_origami: 18180 19089
takeover_tests::map::test_map_open_with_corridor_revert_order_hexx: 15520 16296
takeover_tests::map::test_map_open_with_corridor_revert_order_origami: 15520 16296
takeover_tests::map::test_map_open_with_corridor_revert_outside_hexx: 18180 19089
takeover_tests::map::test_map_open_with_corridor_revert_outside_origami: 18180 19089
takeover_tests::map::test_map_open_with_maze_15x15: 142257956 148586074
takeover_tests::map::test_map_open_with_maze_15x16: 171469070 179012327
takeover_tests::map::test_map_open_with_maze_17x14: 144702632 151162402
takeover_tests::map::test_map_open_with_maze_19x13: 123848814 129523196
takeover_tests::map::test_map_open_with_maze_25x10: 152928874 159809721
takeover_tests::map::test_map_open_with_maze_3x3: 27000484 28287320
takeover_tests::map::test_map_open_with_maze_3x83: 270475498 282153048
takeover_tests::map::test_map_open_with_maze_7x7: 50622716 52924259
takeover_tests::map::test_map_open_with_maze_83x3: 315211756 328770095
takeover_tests::map::test_map_open_with_maze_revert_corner_hexx: 18180 19089
takeover_tests::map::test_map_open_with_maze_revert_corner_origami: 18180 19089
takeover_tests::map::test_map_open_with_maze_revert_dimension_hexx: 15520 16296
takeover_tests::map::test_map_open_with_maze_revert_dimension_origami: 15520 16296
takeover_tests::map::test_map_open_with_maze_revert_not_edge_hexx: 18180 19089
takeover_tests::map::test_map_open_with_maze_revert_not_edge_origami: 18180 19089
takeover_tests::map::test_map_open_with_maze_revert_order_hexx: 15520 16296
takeover_tests::map::test_map_open_with_maze_revert_order_origami: 15520 16296
takeover_tests::map::test_map_open_with_maze_revert_outside_hexx: 18180 19089
takeover_tests::map::test_map_open_with_maze_revert_outside_origami: 18180 19089
takeover_tests::map::test_map_paths_edges_15x16: 344768562 362006991
takeover_tests::map::test_map_paths_edges_16x8: 309673664 325157348
takeover_tests::map::test_map_paths_edges_17x14: 352472668 370096302
takeover_tests::map::test_map_paths_edges_19x13: 356716820 374552661
takeover_tests::map::test_map_paths_edges_7x7: 305284666 320548900
takeover_tests::map::test_map_paths_edges_8x16: 309653296 325135961
takeover_tests::map::test_map_paths_entrances_generated_0: 313220182 328881192
takeover_tests::map::test_map_paths_entrances_generated_1: 305854054 321146757
takeover_tests::map::test_map_paths_entrances_hand_0: 112179586 117788566
takeover_tests::map::test_map_paths_entrances_hand_1: 329437004 345908855
takeover_tests::map::test_map_paths_entrances_hand_2: 393951786 413649376
takeover_tests::map::test_map_range_boards_0: 408714436 429150158
takeover_tests::map::test_map_range_boards_1: 341912790 359008430
takeover_tests::map::test_map_range_fixtures: 166287610 174601991
takeover_tests::map::test_map_range_revert_dimension_hexx: 15520 16296
takeover_tests::map::test_map_range_revert_dimension_origami: 15520 16296
takeover_tests::map::test_map_range_revert_outside_hexx: 15520 16296
takeover_tests::map::test_map_range_revert_outside_origami: 15520 16296
takeover_tests::map::test_map_range_revert_wall_hexx: 60388 63408
takeover_tests::map::test_map_range_revert_wall_origami: 60388 63408
takeover_tests::map::test_map_reachable_boards: 319343682 335310867
takeover_tests::map::test_map_reachable_fixtures: 76808030 80648432
takeover_tests::map::test_map_reachable_revert_dimension_hexx: 15520 16296
takeover_tests::map::test_map_reachable_revert_dimension_origami: 15520 16296
takeover_tests::map::test_map_reachable_revert_outside_hexx: 15520 16296
takeover_tests::map::test_map_reachable_revert_outside_origami: 15520 16296
takeover_tests::map::test_map_reachable_revert_wall_hexx: 58688 61623
takeover_tests::map::test_map_reachable_revert_wall_origami: 58688 61623
takeover_tests::map::test_map_ring_boards_0: 304972186 320220796
takeover_tests::map::test_map_ring_boards_1: 275066748 288820086
takeover_tests::map::test_map_ring_boards_2: 234145144 245852402
takeover_tests::map::test_map_ring_fixtures: 166365306 174683572
takeover_tests::map::test_map_ring_revert_dimension_hexx: 15520 16296
takeover_tests::map::test_map_ring_revert_dimension_origami: 15520 16296
takeover_tests::map::test_map_ring_revert_outside_hexx: 15520 16296
takeover_tests::map::test_map_ring_revert_outside_origami: 15520 16296
takeover_tests::map::test_map_ring_revert_wall_hexx: 58234 61146
takeover_tests::map::test_map_ring_revert_wall_origami: 58234 61146
takeover_tests::map::test_map_search_path_boards: 396794970 416634719
takeover_tests::map::test_map_search_path_fixtures: 102946452 108093775
takeover_tests::map::test_map_search_path_revert_dimension_hexx: 15520 16296
takeover_tests::map::test_map_search_path_revert_dimension_origami: 15520 16296
takeover_tests::map::test_map_search_path_revert_from_wall_hexx: 20993 22043
takeover_tests::map::test_map_search_path_revert_from_wall_origami: 20993 22043
takeover_tests::map::test_map_search_path_revert_outside_hexx: 15520 16296
takeover_tests::map::test_map_search_path_revert_outside_origami: 15520 16296
takeover_tests::map::test_map_search_path_revert_to_wall_hexx: 22886 24031
takeover_tests::map::test_map_search_path_revert_to_wall_origami: 22886 24031
takeover_tests::map::test_map_search_path_weighted_boards_0: 343636282 360818097
takeover_tests::map::test_map_search_path_weighted_boards_1: 245150284 257407799
takeover_tests::map::test_map_search_path_weighted_boards_2: 194656262 204389076
takeover_tests::map::test_map_search_path_weighted_fixtures: 205883922 216178119
takeover_tests::map::test_map_search_path_weighted_revert_dimension_hexx: 15520 16296
takeover_tests::map::test_map_search_path_weighted_revert_dimension_origami: 15520 16296
takeover_tests::map::test_map_search_path_weighted_revert_from_wall_hexx: 20443 21466
takeover_tests::map::test_map_search_path_weighted_revert_from_wall_origami: 20443 21466
takeover_tests::map::test_map_search_path_weighted_revert_outside_hexx: 15520 16296
takeover_tests::map::test_map_search_path_weighted_revert_outside_origami: 15520 16296
takeover_tests::map::test_map_search_path_weighted_revert_to_wall_hexx: 22396 23516
takeover_tests::map::test_map_search_path_weighted_revert_to_wall_origami: 22396 23516
takeover_tests::map::test_map_search_path_weighted_revert_too_many_costs_hexx: 15520 16296
takeover_tests::map::test_map_search_path_weighted_revert_too_many_costs_origami: 15520 16296
takeover_tests::mazer::test_mazer_errors: 13720 14406
takeover_tests::mazer::test_mazer_generate_order_0_15x15: 344839562 362081541
takeover_tests::mazer::test_mazer_generate_order_0_15x16: 370232788 388744428
takeover_tests::mazer::test_mazer_generate_order_0_17x14: 365245978 383508277
takeover_tests::mazer::test_mazer_generate_order_0_19x13: 379183644 398142827
takeover_tests::mazer::test_mazer_generate_order_0_25x10: 377469336 396342803
takeover_tests::mazer::test_mazer_generate_order_0_3x3: 11946666 12544000
takeover_tests::mazer::test_mazer_generate_order_0_3x83: 320357130 336374987
takeover_tests::mazer::test_mazer_generate_order_0_7x7: 62574902 65703648
takeover_tests::mazer::test_mazer_generate_order_0_83x3: 291091670 305646254
takeover_tests::mazer::test_mazer_generate_order_1_15x15: 190213470 199724144
takeover_tests::mazer::test_mazer_generate_order_1_15x16: 213279294 223943259
takeover_tests::mazer::test_mazer_generate_order_1_17x14: 205084446 215338669
takeover_tests::mazer::test_mazer_generate_order_1_19x13: 230030134 241531641
takeover_tests::mazer::test_mazer_generate_order_1_25x10: 223943942 235141140
takeover_tests::mazer::test_mazer_generate_order_1_3x3: 11946666 12544000
takeover_tests::mazer::test_mazer_generate_order_1_3x83: 199193324 209152991
takeover_tests::mazer::test_mazer_generate_order_1_7x7: 46373686 48692371
takeover_tests::mazer::test_mazer_generate_order_1_83x3: 322323670 338439854
takeover_tests::mazer::test_mazer_generate_revert_dimension_hexx: 15520 16296
takeover_tests::mazer::test_mazer_generate_revert_dimension_origami: 15520 16296
takeover_tests::mazer::test_mazer_generate_revert_order_hexx: 15520 16296
takeover_tests::mazer::test_mazer_generate_revert_order_origami: 15520 16296
takeover_tests::rng::test_rng_draw: 48428870 50850314
takeover_tests::rng::test_rng_draw6: 20055714 21058500
takeover_tests::rng::test_rng_draw_byte_next_below: 42103300 44208465
takeover_tests::rng::test_rng_mix: 5531588 5808168
takeover_tests::rng::test_rng_new: 2855442 2998215
takeover_tests::rng::test_rng_permutations: 2758450 2896373
takeover_tests::rng::test_rng_pool_boundaries: 21853400 22946070
takeover_tests::rng::test_rng_refill: 5358242 5626155
takeover_tests::rng::test_rng_shuffle6: 27667618 29050999
takeover_tests::rng::test_rng_split216: 2589836 2719328
takeover_tests::spreader::test_spreader_errors: 13720 14406
takeover_tests::spreader::test_spreader_generate_128_tiles: 69406648 72876981
takeover_tests::spreader::test_spreader_generate_15x15: 196365082 206183337
takeover_tests::spreader::test_spreader_generate_15x16: 208544514 218971740
takeover_tests::spreader::test_spreader_generate_17x14: 208059176 218462135
takeover_tests::spreader::test_spreader_generate_19x13: 213048368 223700787
takeover_tests::spreader::test_spreader_generate_25x10: 212158910 222766856
takeover_tests::spreader::test_spreader_generate_3x3: 17250642 18113175
takeover_tests::spreader::test_spreader_generate_3x83: 119171778 125130367
takeover_tests::spreader::test_spreader_generate_7x7: 50578796 53107736
takeover_tests::spreader::test_spreader_generate_83x3: 115304286 121069501
takeover_tests::spreader::test_spreader_generate_boards: 147440314 154812330
takeover_tests::spreader::test_spreader_generate_fixtures: 37587376 39466745
takeover_tests::spreader::test_spreader_generate_revert_128_tiles_bit_128_hexx: 63431 66603
takeover_tests::spreader::test_spreader_generate_revert_128_tiles_bit_128_origami: 63431 66603
takeover_tests::spreader::test_spreader_generate_revert_dimension_hexx: 15520 16296
takeover_tests::spreader::test_spreader_generate_revert_dimension_origami: 15520 16296
takeover_tests::spreader::test_spreader_generate_revert_invalid_grid_small_hexx: 20550 21578
takeover_tests::spreader::test_spreader_generate_revert_invalid_grid_small_origami: 20550 21578
takeover_tests::spreader::test_spreader_generate_revert_invalid_grid_wide_hexx: 74250 77963
takeover_tests::spreader::test_spreader_generate_revert_invalid_grid_wide_origami: 74250 77963
takeover_tests::spreader::test_spreader_generate_revert_not_enough_place_hexx: 64431 67653
takeover_tests::spreader::test_spreader_generate_revert_not_enough_place_origami: 64431 67653
takeover_tests::spreader::test_spreader_generate_revert_small_bit_128_hexx: 19650 20633
takeover_tests::spreader::test_spreader_generate_revert_small_bit_128_origami: 19650 20633
takeover_tests::walker::test_walker_generate_15x15: 308850678 324293212
takeover_tests::walker::test_walker_generate_15x16: 308578358 324007276
takeover_tests::walker::test_walker_generate_17x14: 308919698 324365683
takeover_tests::walker::test_walker_generate_19x13: 309095058 324549811
takeover_tests::walker::test_walker_generate_25x10: 309203698 324663883
takeover_tests::walker::test_walker_generate_3x3: 303557638 318735520
takeover_tests::walker::test_walker_generate_3x83: 310446518 325968844
takeover_tests::walker::test_walker_generate_7x7: 301403958 316474156
takeover_tests::walker::test_walker_generate_83x3: 304792798 320032438
takeover_tests::walker::test_walker_generate_revert_dimension_hexx: 15520 16296
takeover_tests::walker::test_walker_generate_revert_dimension_origami: 15520 16296
