# gas: measured budget
takeover_tests::asserter::test_asserter_assert_inside: 20931308 21977874
takeover_tests::asserter::test_asserter_assert_not_corner: 25861968 27155067
takeover_tests::asserter::test_asserter_assert_on_edge: 12363530 12981707
takeover_tests::asserter::test_asserter_assert_valid_dimension: 6686000 7020300
takeover_tests::asserter::test_asserter_constants: 13720 14406
takeover_tests::asserter::test_asserter_corner_hexx: 15520 16296
takeover_tests::asserter::test_asserter_corner_origami: 15520 16296
takeover_tests::asserter::test_asserter_height_too_small_hexx: 15520 16296
takeover_tests::asserter::test_asserter_height_too_small_origami: 15520 16296
takeover_tests::asserter::test_asserter_is_edge_is_corner: 26984588 28333818
takeover_tests::asserter::test_asserter_not_edge_hexx: 15520 16296
takeover_tests::asserter::test_asserter_not_edge_origami: 15520 16296
takeover_tests::asserter::test_asserter_not_inside_hexx: 15520 16296
takeover_tests::asserter::test_asserter_not_inside_origami: 15520 16296
takeover_tests::asserter::test_asserter_too_large_hexx: 15520 16296
takeover_tests::asserter::test_asserter_too_large_origami: 15520 16296
takeover_tests::asserter::test_asserter_width_too_small_hexx: 15520 16296
takeover_tests::asserter::test_asserter_width_too_small_origami: 15520 16296
takeover_tests::bfs::test_bfs_distance_boards: 325809934 342100431
takeover_tests::bfs::test_bfs_distance_fixtures: 83767384 87955754
takeover_tests::bfs::test_bfs_distance_revert_outside_hexx: 15520 16296
takeover_tests::bfs::test_bfs_distance_revert_outside_origami: 15520 16296
takeover_tests::bfs::test_bfs_distance_revert_wall_hexx: 20723 21760
takeover_tests::bfs::test_bfs_distance_revert_wall_origami: 20723 21760
takeover_tests::bfs::test_bfs_errors: 13720 14406
takeover_tests::bfs::test_bfs_fixture_endpoints: 28103660 29508843
takeover_tests::bfs::test_bfs_reachable_boards: 319221482 335182557
takeover_tests::bfs::test_bfs_reachable_fixtures: 76773030 80611682
takeover_tests::bfs::test_bfs_reachable_revert_outside_hexx: 15520 16296
takeover_tests::bfs::test_bfs_reachable_revert_outside_origami: 15520 16296
takeover_tests::bfs::test_bfs_reachable_revert_wall_hexx: 58688 61623
takeover_tests::bfs::test_bfs_reachable_revert_wall_origami: 58688 61623
takeover_tests::bfs::test_bfs_search_boards_0: 174382354 183101472
takeover_tests::bfs::test_bfs_search_boards_1: 124689760 130924248
takeover_tests::bfs::test_bfs_search_boards_2: 99931140 104927697
takeover_tests::bfs::test_bfs_search_fixtures: 103411792 108582382
takeover_tests::bfs::test_bfs_search_revert_dimension_hexx: 15520 16296
takeover_tests::bfs::test_bfs_search_revert_dimension_origami: 15520 16296
takeover_tests::bfs::test_bfs_search_revert_edge_wall_hexx: 20493 21518
takeover_tests::bfs::test_bfs_search_revert_edge_wall_origami: 20493 21518
takeover_tests::bfs::test_bfs_search_revert_from_wall_hexx: 20993 22043
takeover_tests::bfs::test_bfs_search_revert_from_wall_origami: 20993 22043
takeover_tests::bfs::test_bfs_search_revert_outside_hexx: 15520 16296
takeover_tests::bfs::test_bfs_search_revert_outside_origami: 15520 16296
takeover_tests::bfs::test_bfs_search_revert_to_wall_hexx: 22886 24031
takeover_tests::bfs::test_bfs_search_revert_to_wall_origami: 22886 24031
takeover_tests::bfs::test_bfs_tiles_within_range_boards_0: 284047542 298249920
takeover_tests::bfs::test_bfs_tiles_within_range_boards_1: 254880848 267624891
takeover_tests::bfs::test_bfs_tiles_within_range_boards_2: 210639676 221171660
takeover_tests::bfs::test_bfs_tiles_within_range_fixtures: 165952610 174250241
takeover_tests::bfs::test_bfs_tiles_within_range_revert_dimension_hexx: 15520 16296
takeover_tests::bfs::test_bfs_tiles_within_range_revert_dimension_origami: 15520 16296
takeover_tests::bfs::test_bfs_tiles_within_range_revert_outside_hexx: 15520 16296
takeover_tests::bfs::test_bfs_tiles_within_range_revert_outside_origami: 15520 16296
takeover_tests::bfs::test_bfs_tiles_within_range_revert_wall_hexx: 60388 63408
takeover_tests::bfs::test_bfs_tiles_within_range_revert_wall_origami: 60388 63408
takeover_tests::bits::test_bits_and_or_xor: 9890634 10385166
takeover_tests::bits::test_bits_bitwise: 8988270 9437684
takeover_tests::bits::test_bits_constants: 14220 14931
takeover_tests::bits::test_bits_get_0: 336709394 353544864
takeover_tests::bits::test_bits_get_1: 349845054 367337307
takeover_tests::bits::test_bits_limb_functions: 21535496 22612271
takeover_tests::bits::test_bits_popcount: 205514802 215790543
takeover_tests::bits::test_bits_pow_inv: 1562910 1641056
takeover_tests::bits::test_bits_set_unset: 55955022 58752774
takeover_tests::bits::test_bits_shl_shr_exact: 106279210 111593171
takeover_tests::bits::test_bits_small_set: 101450475 106522999
takeover_tests::bits::test_bits_tables: 2097580 2202459
takeover_tests::bits::test_bits_to_felt: 4633748 4865436
takeover_tests::bits::test_bits_wide_set: 61948656 65046089
takeover_tests::caver::test_caver_errors: 13720 14406
takeover_tests::caver::test_caver_generate_15x15_0: 28010036 29410538
takeover_tests::caver::test_caver_generate_15x15_1: 29343062 30810216
takeover_tests::caver::test_caver_generate_15x15_2: 28010036 29410538
takeover_tests::caver::test_caver_generate_15x16_0: 27989036 29388488
takeover_tests::caver::test_caver_generate_15x16_1: 29321062 30787116
takeover_tests::caver::test_caver_generate_15x16_2: 27989036 29388488
takeover_tests::caver::test_caver_generate_17x14_0: 27989036 29388488
takeover_tests::caver::test_caver_generate_17x14_1: 29321062 30787116
takeover_tests::caver::test_caver_generate_17x14_2: 27989036 29388488
takeover_tests::caver::test_caver_generate_19x13_0: 28010036 29410538
takeover_tests::caver::test_caver_generate_19x13_1: 29343062 30810216
takeover_tests::caver::test_caver_generate_19x13_2: 28010036 29410538
takeover_tests::caver::test_caver_generate_25x10_0: 27989036 29388488
takeover_tests::caver::test_caver_generate_25x10_1: 29321062 30787116
takeover_tests::caver::test_caver_generate_25x10_2: 27989036 29388488
takeover_tests::caver::test_caver_generate_3x3_0: 15153836 15911528
takeover_tests::caver::test_caver_generate_3x3_1: 15874662 16668396
takeover_tests::caver::test_caver_generate_3x3_2: 15153836 15911528
takeover_tests::caver::test_caver_generate_3x83_0: 26986196 28335506
takeover_tests::caver::test_caver_generate_3x83_1: 28365042 29783295
takeover_tests::caver::test_caver_generate_3x83_2: 27074676 28428410
takeover_tests::caver::test_caver_generate_7x7_0: 15153836 15911528
takeover_tests::caver::test_caver_generate_7x7_1: 15874662 16668396
takeover_tests::caver::test_caver_generate_7x7_2: 15153836 15911528
takeover_tests::caver::test_caver_generate_83x3_0: 26480596 27804626
takeover_tests::caver::test_caver_generate_83x3_1: 27758322 29146239
takeover_tests::caver::test_caver_generate_83x3_2: 26520096 27846101
takeover_tests::caver::test_caver_generate_revert_dimension_hexx: 15520 16296
takeover_tests::caver::test_caver_generate_revert_dimension_origami: 15520 16296
takeover_tests::caver::test_caver_keep_component_15x15: 202996914 213146760
takeover_tests::caver::test_caver_keep_component_15x16: 217124368 227980587
takeover_tests::caver::test_caver_keep_component_17x14: 218293694 229208379
takeover_tests::caver::test_caver_keep_component_19x13: 224964804 236213045
takeover_tests::caver::test_caver_keep_component_25x10: 222749170 233886629
takeover_tests::caver::test_caver_keep_component_3x3: 10173098 10681753
takeover_tests::caver::test_caver_keep_component_3x83: 120415472 126436246
takeover_tests::caver::test_caver_keep_component_7x7: 42271142 44384700
takeover_tests::caver::test_caver_keep_component_83x3: 115378216 121147127
takeover_tests::caver::test_caver_keep_component_revert_dimension_hexx: 19063 20017
takeover_tests::caver::test_caver_keep_component_revert_dimension_origami: 19063 20017
takeover_tests::caver::test_caver_keep_component_revert_wall_hexx: 43725 45912
takeover_tests::caver::test_caver_keep_component_revert_wall_origami: 43725 45912
takeover_tests::dial::test_dial_errors: 13720 14406
takeover_tests::dial::test_dial_field_of_movement_boards_0: 240239728 252251715
takeover_tests::dial::test_dial_field_of_movement_boards_1: 283731764 297918353
takeover_tests::dial::test_dial_field_of_movement_boards_2: 251790260 264379773
takeover_tests::dial::test_dial_field_of_movement_boards_3: 252112716 264718352
takeover_tests::dial::test_dial_field_of_movement_boards_4: 261326066 274392370
takeover_tests::dial::test_dial_field_of_movement_boards_5: 169450822 177923364
takeover_tests::dial::test_dial_field_of_movement_fixtures_0: 235052366 246804985
takeover_tests::dial::test_dial_field_of_movement_fixtures_1: 117878136 123772043
takeover_tests::dial::test_dial_field_of_movement_revert_dimension_hexx: 15520 16296
takeover_tests::dial::test_dial_field_of_movement_revert_dimension_origami: 15520 16296
takeover_tests::dial::test_dial_field_of_movement_revert_outside_hexx: 15520 16296
takeover_tests::dial::test_dial_field_of_movement_revert_outside_origami: 15520 16296
takeover_tests::dial::test_dial_field_of_movement_revert_too_many_costs_hexx: 15520 16296
takeover_tests::dial::test_dial_field_of_movement_revert_too_many_costs_origami: 15520 16296
takeover_tests::dial::test_dial_field_of_movement_revert_wall_hexx: 48547 50975
takeover_tests::dial::test_dial_field_of_movement_revert_wall_origami: 48547 50975
takeover_tests::dial::test_dial_fixture_endpoints: 154549674 162277158
takeover_tests::dial::test_dial_search_boards_0: 351810720 369401256
takeover_tests::dial::test_dial_search_boards_1: 252945502 265592778
takeover_tests::dial::test_dial_search_boards_2: 200786194 210825504
takeover_tests::dial::test_dial_search_fixtures: 208228162 218639571
takeover_tests::dial::test_dial_search_revert_dimension_hexx: 15520 16296
takeover_tests::dial::test_dial_search_revert_dimension_origami: 15520 16296
takeover_tests::dial::test_dial_search_revert_from_wall_hexx: 20443 21466
takeover_tests::dial::test_dial_search_revert_from_wall_origami: 20443 21466
takeover_tests::dial::test_dial_search_revert_outside_hexx: 15520 16296
takeover_tests::dial::test_dial_search_revert_outside_origami: 15520 16296
takeover_tests::dial::test_dial_search_revert_to_wall_hexx: 22396 23516
takeover_tests::dial::test_dial_search_revert_to_wall_origami: 22396 23516
takeover_tests::dial::test_dial_search_revert_too_many_costs_hexx: 15520 16296
takeover_tests::dial::test_dial_search_revert_too_many_costs_origami: 15520 16296
takeover_tests::digger::test_digger_corridor_15x15: 91223148 95784306
takeover_tests::digger::test_digger_corridor_15x16: 105765184 111053444
takeover_tests::digger::test_digger_corridor_17x14: 95195666 99955450
takeover_tests::digger::test_digger_corridor_19x13: 88875750 93319538
takeover_tests::digger::test_digger_corridor_25x10: 111670400 117253920
takeover_tests::digger::test_digger_corridor_3x3: 26897424 28242296
takeover_tests::digger::test_digger_corridor_3x83: 247195612 259555393
takeover_tests::digger::test_digger_corridor_7x7: 41949352 44046820
takeover_tests::digger::test_digger_corridor_83x3_0: 132121728 138727815
takeover_tests::digger::test_digger_corridor_83x3_1: 178161730 187069817
takeover_tests::digger::test_digger_corridor_revert_corner_hexx: 18180 19089
takeover_tests::digger::test_digger_corridor_revert_corner_origami: 18180 19089
takeover_tests::digger::test_digger_corridor_revert_dimension_hexx: 15520 16296
takeover_tests::digger::test_digger_corridor_revert_dimension_origami: 15520 16296
takeover_tests::digger::test_digger_corridor_revert_not_edge_hexx: 18180 19089
takeover_tests::digger::test_digger_corridor_revert_not_edge_origami: 18180 19089
takeover_tests::digger::test_digger_corridor_revert_order_hexx: 15520 16296
takeover_tests::digger::test_digger_corridor_revert_order_origami: 15520 16296
takeover_tests::digger::test_digger_corridor_revert_outside_hexx: 18180 19089
takeover_tests::digger::test_digger_corridor_revert_outside_origami: 18180 19089
takeover_tests::digger::test_digger_maze_15x15: 141484946 148559194
takeover_tests::digger::test_digger_maze_15x16: 170462330 178985447
takeover_tests::digger::test_digger_maze_17x14: 143938592 151135522
takeover_tests::digger::test_digger_maze_19x13: 123329824 129496316
takeover_tests::digger::test_digger_maze_25x10: 152174134 159782841
takeover_tests::digger::test_digger_maze_3x3: 26914704 28260440
takeover_tests::digger::test_digger_maze_3x83: 268691588 282126168
takeover_tests::digger::test_digger_maze_7x7: 50378456 52897379
takeover_tests::digger::test_digger_maze_83x3_0: 133809620 140500101
takeover_tests::digger::test_digger_maze_83x3_1: 180253946 189266644
takeover_tests::digger::test_digger_maze_revert_corner_hexx: 18180 19089
takeover_tests::digger::test_digger_maze_revert_corner_origami: 18180 19089
takeover_tests::digger::test_digger_maze_revert_dimension_hexx: 15520 16296
takeover_tests::digger::test_digger_maze_revert_dimension_origami: 15520 16296
takeover_tests::digger::test_digger_maze_revert_not_edge_hexx: 18180 19089
takeover_tests::digger::test_digger_maze_revert_not_edge_origami: 18180 19089
takeover_tests::digger::test_digger_maze_revert_order_hexx: 15520 16296
takeover_tests::digger::test_digger_maze_revert_order_origami: 15520 16296
takeover_tests::digger::test_digger_maze_revert_outside_hexx: 18180 19089
takeover_tests::digger::test_digger_maze_revert_outside_origami: 18180 19089
takeover_tests::direction::test_direction_constants: 14220 14931
takeover_tests::direction::test_direction_into_u8: 34230 35942
takeover_tests::direction::test_direction_next: 99445908 104418204
takeover_tests::direction::test_direction_opposite: 38830 40772
takeover_tests::direction::test_direction_pop_front: 50926662 53472996
takeover_tests::direction::test_direction_try_into: 1267260 1330623
takeover_tests::fixtures::tests::test_boards_provenance: 72224806 75836047
takeover_tests::gas::test_gas_compute_distribution_hexx_once: 405708 425994
takeover_tests::gas::test_gas_compute_distribution_hexx_twice: 542446 569569
takeover_tests::gas::test_gas_compute_distribution_origami_once: 405708 425994
takeover_tests::gas::test_gas_compute_distribution_origami_twice: 542446 569569
takeover_tests::gas::test_gas_distance_to_hexx_once: 794642 834375
takeover_tests::gas::test_gas_distance_to_hexx_twice: 1318074 1383978
takeover_tests::gas::test_gas_distance_to_origami_once: 794642 834375
takeover_tests::gas::test_gas_distance_to_origami_twice: 1318074 1383978
takeover_tests::gas::test_gas_field_of_movement_hexx_once: 549989 577489
takeover_tests::gas::test_gas_field_of_movement_hexx_twice: 830308 871824
takeover_tests::gas::test_gas_field_of_movement_origami_once: 549989 577489
takeover_tests::gas::test_gas_field_of_movement_origami_twice: 830308 871824
takeover_tests::gas::test_gas_hex_distance_hexx_once: 282490 296615
takeover_tests::gas::test_gas_hex_distance_hexx_twice: 293870 308564
takeover_tests::gas::test_gas_hex_distance_origami_once: 282490 296615
takeover_tests::gas::test_gas_hex_distance_origami_twice: 293870 308564
takeover_tests::gas::test_gas_is_walkable_hexx_once: 278803 292744
takeover_tests::gas::test_gas_is_walkable_hexx_twice: 286196 300506
takeover_tests::gas::test_gas_is_walkable_origami_once: 278803 292744
takeover_tests::gas::test_gas_is_walkable_origami_twice: 286196 300506
takeover_tests::gas::test_gas_keep_component_hexx_once: 728525 764952
takeover_tests::gas::test_gas_keep_component_hexx_twice: 1188080 1247484
takeover_tests::gas::test_gas_keep_component_origami_once: 728525 764952
takeover_tests::gas::test_gas_keep_component_origami_twice: 1188080 1247484
takeover_tests::gas::test_gas_neighbor_hexx_once: 278870 292814
takeover_tests::gas::test_gas_neighbor_hexx_twice: 286630 300962
takeover_tests::gas::test_gas_neighbor_origami_once: 278870 292814
takeover_tests::gas::test_gas_neighbor_origami_twice: 286630 300962
takeover_tests::gas::test_gas_new_cave_hexx_once: 404387 424607
takeover_tests::gas::test_gas_new_cave_hexx_twice: 539904 566900
takeover_tests::gas::test_gas_new_cave_origami_once: 404387 424607
takeover_tests::gas::test_gas_new_cave_origami_twice: 539904 566900
takeover_tests::gas::test_gas_new_empty_hexx_once: 277970 291869
takeover_tests::gas::test_gas_new_empty_hexx_twice: 284530 298757
takeover_tests::gas::test_gas_new_empty_origami_once: 277970 291869
takeover_tests::gas::test_gas_new_empty_origami_twice: 284530 298757
takeover_tests::gas::test_gas_new_hexagon_hexx_once: 412830 433472
takeover_tests::gas::test_gas_new_hexagon_hexx_twice: 554550 582278
takeover_tests::gas::test_gas_new_hexagon_origami_once: 412830 433472
takeover_tests::gas::test_gas_new_hexagon_origami_twice: 554550 582278
takeover_tests::gas::test_gas_new_hexx_once: 270390 283910
takeover_tests::gas::test_gas_new_hexx_twice: 270590 284120
takeover_tests::gas::test_gas_new_maze_hexx_once: 3196573 3356402
takeover_tests::gas::test_gas_new_maze_hexx_twice: 6124376 6430595
takeover_tests::gas::test_gas_new_maze_origami_once: 3196573 3356402
takeover_tests::gas::test_gas_new_maze_origami_twice: 6124376 6430595
takeover_tests::gas::test_gas_new_origami_once: 270390 283910
takeover_tests::gas::test_gas_new_origami_twice: 270590 284120
takeover_tests::gas::test_gas_new_random_walk_hexx_once: 2631957 2763555
takeover_tests::gas::test_gas_new_random_walk_hexx_twice: 4994844 5244587
takeover_tests::gas::test_gas_new_random_walk_origami_once: 2631957 2763555
takeover_tests::gas::test_gas_new_random_walk_origami_twice: 4994844 5244587
takeover_tests::gas::test_gas_open_with_corridor_hexx_once: 341698 358783
takeover_tests::gas::test_gas_open_with_corridor_hexx_twice: 412086 432691
takeover_tests::gas::test_gas_open_with_corridor_origami_once: 341698 358783
takeover_tests::gas::test_gas_open_with_corridor_origami_twice: 412086 432691
takeover_tests::gas::test_gas_open_with_maze_hexx_once: 341698 358783
takeover_tests::gas::test_gas_open_with_maze_hexx_twice: 412086 432691
takeover_tests::gas::test_gas_open_with_maze_origami_once: 341698 358783
takeover_tests::gas::test_gas_open_with_maze_origami_twice: 412086 432691
takeover_tests::gas::test_gas_range_hexx_once: 387413 406784
takeover_tests::gas::test_gas_range_hexx_twice: 505856 531149
takeover_tests::gas::test_gas_range_origami_once: 387413 406784
takeover_tests::gas::test_gas_range_origami_twice: 505856 531149
takeover_tests::gas::test_gas_reachable_hexx_once: 728525 764952
takeover_tests::gas::test_gas_reachable_hexx_twice: 1188080 1247484
takeover_tests::gas::test_gas_reachable_origami_once: 728525 764952
takeover_tests::gas::test_gas_reachable_origami_twice: 1188080 1247484
takeover_tests::gas::test_gas_ring_hexx_once: 385193 404453
takeover_tests::gas::test_gas_ring_hexx_twice: 501516 526592
takeover_tests::gas::test_gas_ring_origami_once: 385193 404453
takeover_tests::gas::test_gas_ring_origami_twice: 501516 526592
takeover_tests::gas::test_gas_search_path_hexx_once: 997235 1047097
takeover_tests::gas::test_gas_search_path_hexx_twice: 1725500 1811775
takeover_tests::gas::test_gas_search_path_origami_once: 997235 1047097
takeover_tests::gas::test_gas_search_path_origami_twice: 1725500 1811775
takeover_tests::gas::test_gas_search_path_weighted_hexx_once: 1766919 1855265
takeover_tests::gas::test_gas_search_path_weighted_hexx_twice: 3264168 3427377
takeover_tests::gas::test_gas_search_path_weighted_origami_once: 1766919 1855265
takeover_tests::gas::test_gas_search_path_weighted_origami_twice: 3264168 3427377
takeover_tests::geometry::test_geometry_distance: 106969696 112318181
takeover_tests::geometry::test_geometry_to_axial: 25588128 26867535
takeover_tests::layout::test_dilation_dilate: 15685764 16470053
takeover_tests::layout::test_dilation_expand_small: 8244388 8656608
takeover_tests::layout::test_layout_board: 6024500 6325725
takeover_tests::layout::test_layout_coords: 21832628 22924260
takeover_tests::layout::test_layout_dilation: 16144480 16951704
takeover_tests::layout::test_layout_edge_neighbours: 150588748 158118186
takeover_tests::layout::test_layout_even: 10656360 11189178
takeover_tests::layout::test_layout_expand: 15736104 16522910
takeover_tests::layout::test_layout_expand_small: 8470448 8893971
takeover_tests::layout::test_layout_hexagon: 1075260 1129023
takeover_tests::layout::test_layout_index: 23098768 24253707
takeover_tests::layout::test_layout_interior: 9453500 9926175
takeover_tests::layout::test_layout_neighbor: 131071688 137625273
takeover_tests::layout::test_layout_neighbour_in: 490564114 515092320
takeover_tests::layout::test_layout_neighbour_mask: 44603488 46833663
takeover_tests::layout::test_layout_new: 17089480 17943954
takeover_tests::layout::test_layout_parity: 25769208 27057669
takeover_tests::layout::test_layout_with_interior: 17528720 18405156
takeover_tests::map::test_map_compute_distribution_15x15: 196461082 206284137
takeover_tests::map::test_map_compute_distribution_15x16: 208640514 219072540
takeover_tests::map::test_map_compute_distribution_17x14: 208155176 218562935
takeover_tests::map::test_map_compute_distribution_19x13: 213144368 223801587
takeover_tests::map::test_map_compute_distribution_25x10: 212254910 222867656
takeover_tests::map::test_map_compute_distribution_3x3: 17346642 18213975
takeover_tests::map::test_map_compute_distribution_3x83: 119267778 125231167
takeover_tests::map::test_map_compute_distribution_7x7: 50674796 53208536
takeover_tests::map::test_map_compute_distribution_83x3: 115400286 121170301
takeover_tests::map::test_map_compute_distribution_boards_boards: 147593914 154973610
takeover_tests::map::test_map_compute_distribution_boards_fixtures: 37635376 39517145
takeover_tests::map::test_map_compute_distribution_revert_dimension_hexx: 15520 16296
takeover_tests::map::test_map_compute_distribution_revert_dimension_origami: 15520 16296
takeover_tests::map::test_map_compute_distribution_revert_invalid_grid_hexx: 74250 77963
takeover_tests::map::test_map_compute_distribution_revert_invalid_grid_origami: 74250 77963
takeover_tests::map::test_map_compute_distribution_revert_not_enough_place_hexx: 64431 67653
takeover_tests::map::test_map_compute_distribution_revert_not_enough_place_origami: 64431 67653
takeover_tests::map::test_map_distance_to_boards: 326057134 342359991
takeover_tests::map::test_map_distance_to_fixtures: 83837384 88029254
takeover_tests::map::test_map_distance_to_revert_dimension_hexx: 15520 16296
takeover_tests::map::test_map_distance_to_revert_dimension_origami: 15520 16296
takeover_tests::map::test_map_distance_to_revert_outside_hexx: 15520 16296
takeover_tests::map::test_map_distance_to_revert_outside_origami: 15520 16296
takeover_tests::map::test_map_distance_to_revert_wall_hexx: 20723 21760
takeover_tests::map::test_map_distance_to_revert_wall_origami: 20723 21760
takeover_tests::map::test_map_field_of_movement_boards_0: 240489628 252514110
takeover_tests::map::test_map_field_of_movement_boards_1: 284028564 298229993
takeover_tests::map::test_map_field_of_movement_boards_2: 252040160 264642168
takeover_tests::map::test_map_field_of_movement_boards_3: 252362616 264980747
takeover_tests::map::test_map_field_of_movement_boards_4: 261622866 274704010
takeover_tests::map::test_map_field_of_movement_boards_5: 169708422 178193844
takeover_tests::map::test_map_field_of_movement_fixtures_0: 235286866 247051210
takeover_tests::map::test_map_field_of_movement_fixtures_1: 118112636 124018268
takeover_tests::map::test_map_field_of_movement_revert_dimension_hexx: 15520 16296
takeover_tests::map::test_map_field_of_movement_revert_dimension_origami: 15520 16296
takeover_tests::map::test_map_field_of_movement_revert_outside_hexx: 15520 16296
takeover_tests::map::test_map_field_of_movement_revert_outside_origami: 15520 16296
takeover_tests::map::test_map_field_of_movement_revert_too_many_costs_hexx: 15520 16296
takeover_tests::map::test_map_field_of_movement_revert_too_many_costs_origami: 15520 16296
takeover_tests::map::test_map_field_of_movement_revert_wall_hexx: 48547 50975
takeover_tests::map::test_map_field_of_movement_revert_wall_origami: 48547 50975
takeover_tests::map::test_map_fixture_endpoints: 184497544 193722422
takeover_tests::map::test_map_hex_distance: 115121196 120877256
takeover_tests::map::test_map_hex_distance_revert_from_outside_hexx: 15520 16296
takeover_tests::map::test_map_hex_distance_revert_from_outside_origami: 15520 16296
takeover_tests::map::test_map_hex_distance_revert_to_outside_hexx: 15520 16296
takeover_tests::map::test_map_hex_distance_revert_to_outside_origami: 15520 16296
takeover_tests::map::test_map_is_walkable: 156690664 164525198
takeover_tests::map::test_map_keep_component_15x15: 203987882 214187277
takeover_tests::map::test_map_keep_component_15x16: 218116536 229022363
takeover_tests::map::test_map_keep_component_17x14: 219283462 230247636
takeover_tests::map::test_map_keep_component_19x13: 225955292 237253057
takeover_tests::map::test_map_keep_component_25x10: 223740138 234927145
takeover_tests::map::test_map_keep_component_3x3: 10903426 11448598
takeover_tests::map::test_map_keep_component_3x83: 121246360 127308678
takeover_tests::map::test_map_keep_component_7x7: 43200830 45360872
takeover_tests::map::test_map_keep_component_83x3: 116222704 122033840
takeover_tests::map::test_map_keep_component_boards_boards: 319344482 335311707
takeover_tests::map::test_map_keep_component_boards_fixtures: 76809030 80649482
takeover_tests::map::test_map_keep_component_revert_dimension_hexx: 15520 16296
takeover_tests::map::test_map_keep_component_revert_dimension_origami: 15520 16296
takeover_tests::map::test_map_keep_component_revert_outside_hexx: 15520 16296
takeover_tests::map::test_map_keep_component_revert_outside_origami: 15520 16296
takeover_tests::map::test_map_keep_component_revert_wall_hexx: 58688 61623
takeover_tests::map::test_map_keep_component_revert_wall_origami: 58688 61623
takeover_tests::map::test_map_neighbor: 161257178 169320037
takeover_tests::map::test_map_new: 552944 580592
takeover_tests::map::test_map_new_cave_15x15: 85406954 89677302
takeover_tests::map::test_map_new_cave_15x16: 85342954 89610102
takeover_tests::map::test_map_new_cave_17x14: 85342954 89610102
takeover_tests::map::test_map_new_cave_19x13: 85406954 89677302
takeover_tests::map::test_map_new_cave_25x10: 85342954 89610102
takeover_tests::map::test_map_new_cave_3x3: 46226154 48537462
takeover_tests::map::test_map_new_cave_3x83: 82469734 86593221
takeover_tests::map::test_map_new_cave_7x7: 46226154 48537462
takeover_tests::map::test_map_new_cave_83x3: 80802834 84842976
takeover_tests::map::test_map_new_cave_revert_dimension_hexx: 15520 16296
takeover_tests::map::test_map_new_cave_revert_dimension_origami: 15520 16296
takeover_tests::map::test_map_new_empty: 18845820 19788111
takeover_tests::map::test_map_new_empty_revert_dimension_hexx: 15520 16296
takeover_tests::map::test_map_new_empty_revert_dimension_origami: 15520 16296
takeover_tests::map::test_map_new_hexagon: 74701266 78436330
takeover_tests::map::test_map_new_hexagon_revert_radius_hexx: 15520 16296
takeover_tests::map::test_map_new_hexagon_revert_radius_origami: 15520 16296
takeover_tests::map::test_map_new_maze_15x15_0: 273105760 286761048
takeover_tests::map::test_map_new_maze_15x15_1: 261974664 275073398
takeover_tests::map::test_map_new_maze_15x16_0: 287899986 302294986
takeover_tests::map::test_map_new_maze_15x16_1: 295639488 310421463
takeover_tests::map::test_map_new_maze_17x14_0: 285385174 299654433
takeover_tests::map::test_map_new_maze_17x14_1: 284972642 299221275
takeover_tests::map::test_map_new_maze_19x13_0: 303806984 318997334
takeover_tests::map::test_map_new_maze_19x13_1: 305434186 320705896
takeover_tests::map::test_map_new_maze_25x10_0: 301109924 316165421
takeover_tests::map::test_map_new_maze_25x10_1: 300330746 315347284
takeover_tests::map::test_map_new_maze_3x3: 23904234 25099446
takeover_tests::map::test_map_new_maze_3x83_0: 256984598 269833828
takeover_tests::map::test_map_new_maze_3x83_1: 262593248 275722911
takeover_tests::map::test_map_new_maze_7x7: 108959490 114407465
takeover_tests::map::test_map_new_maze_83x3_0: 308928026 324374428
takeover_tests::map::test_map_new_maze_83x3_1: 304514706 319740442
takeover_tests::map::test_map_new_maze_revert_dimension_hexx: 15520 16296
takeover_tests::map::test_map_new_maze_revert_dimension_origami: 15520 16296
takeover_tests::map::test_map_new_maze_revert_order_hexx: 15520 16296
takeover_tests::map::test_map_new_maze_revert_order_origami: 15520 16296
takeover_tests::map::test_map_new_random_walk_15x15_0: 284164644 298372877
takeover_tests::map::test_map_new_random_walk_15x15_1: 297707238 312592600
takeover_tests::map::test_map_new_random_walk_15x15_2: 284246904 298459250
takeover_tests::map::test_map_new_random_walk_15x16_0: 284407444 298627817
takeover_tests::map::test_map_new_random_walk_15x16_1: 298351698 313269283
takeover_tests::map::test_map_new_random_walk_15x16_2: 284264544 298477772
takeover_tests::map::test_map_new_random_walk_17x14_0: 284722764 298958903
takeover_tests::map::test_map_new_random_walk_17x14_1: 297891618 312786199
takeover_tests::map::test_map_new_random_walk_17x14_2: 284668444 298901867
takeover_tests::map::test_map_new_random_walk_19x13_0: 284808124 299048531
takeover_tests::map::test_map_new_random_walk_19x13_1: 298290898 313205443
takeover_tests::map::test_map_new_random_walk_19x13_2: 285029744 299281232
takeover_tests::map::test_map_new_random_walk_25x10_0: 285145324 299402591
takeover_tests::map::test_map_new_random_walk_25x10_1: 298969118 313917574
takeover_tests::map::test_map_new_random_walk_25x10_2: 285130924 299387471
takeover_tests::map::test_map_new_random_walk_3x3_0: 279976964 293975813
takeover_tests::map::test_map_new_random_walk_3x3_1: 293336938 308003785
takeover_tests::map::test_map_new_random_walk_3x3_2: 280094244 294098957
takeover_tests::map::test_map_new_random_walk_3x83_0: 286586244 300915557
takeover_tests::map::test_map_new_random_walk_3x83_1: 301145138 316202395
takeover_tests::map::test_map_new_random_walk_3x83_2: 286558124 300886031
takeover_tests::map::test_map_new_random_walk_7x7_0: 277677284 291561149
takeover_tests::map::test_map_new_random_walk_7x7_1: 290950698 305498233
takeover_tests::map::test_map_new_random_walk_7x7_2: 277791784 291681374
takeover_tests::map::test_map_new_random_walk_83x3_0: 280840384 294882404
takeover_tests::map::test_map_new_random_walk_83x3_1: 295062578 309815707
takeover_tests::map::test_map_new_random_walk_83x3_2: 281772044 295860647
takeover_tests::map::test_map_new_random_walk_revert_dimension_hexx: 15520 16296
takeover_tests::map::test_map_new_random_walk_revert_dimension_origami: 15520 16296
takeover_tests::map::test_map_open_with_corridor_15x15: 91248748 95811186
takeover_tests::map::test_map_open_with_corridor_15x16: 105790784 111080324
takeover_tests::map::test_map_open_with_corridor_17x14: 95221266 99982330
takeover_tests::map::test_map_open_with_corridor_19x13: 88901350 93346418
takeover_tests::map::test_map_open_with_corridor_25x10: 111696000 117280800
takeover_tests::map::test_map_open_with_corridor_3x3: 26923024 28269176
takeover_tests::map::test_map_open_with_corridor_3x83: 247221212 259582273
takeover_tests::map::test_map_open_with_corridor_7x7: 41974952 44073700
takeover_tests::map::test_map_open_with_corridor_83x3_0: 132134528 138741255
takeover_tests::map::test_map_open_with_corridor_83x3_1: 178174530 187083257
takeover_tests::map::test_map_open_with_corridor_revert_corner_hexx: 18180 19089
takeover_tests::map::test_map_open_with_corridor_revert_corner_origami: 18180 19089
takeover_tests::map::test_map_open_with_corridor_revert_dimension_hexx: 15520 16296
takeover_tests::map::test_map_open_with_corridor_revert_dimension_origami: 15520 16296
takeover_tests::map::test_map_open_with_corridor_revert_not_edge_hexx: 18180 19089
takeover_tests::map::test_map_open_with_corridor_revert_not_edge_origami: 18180 19089
takeover_tests::map::test_map_open_with_corridor_revert_order_hexx: 15520 16296
takeover_tests::map::test_map_open_with_corridor_revert_order_origami: 15520 16296
takeover_tests::map::test_map_open_with_corridor_revert_outside_hexx: 18180 19089
takeover_tests::map::test_map_open_with_corridor_revert_outside_origami: 18180 19089
takeover_tests::map::test_map_open_with_maze_15x15: 141510546 148586074
takeover_tests::map::test_map_open_with_maze_15x16: 170487930 179012327
takeover_tests::map::test_map_open_with_maze_17x14: 143964192 151162402
takeover_tests::map::test_map_open_with_maze_19x13: 123355424 129523196
takeover_tests::map::test_map_open_with_maze_25x10: 152199734 159809721
takeover_tests::map::test_map_open_with_maze_3x3: 26940304 28287320
takeover_tests::map::test_map_open_with_maze_3x83: 268717188 282153048
takeover_tests::map::test_map_open_with_maze_7x7: 50404056 52924259
takeover_tests::map::test_map_open_with_maze_83x3_0: 133822420 140513541
takeover_tests::map::test_map_open_with_maze_83x3_1: 180266746 189280084
takeover_tests::map::test_map_open_with_maze_revert_corner_hexx: 18180 19089
takeover_tests::map::test_map_open_with_maze_revert_corner_origami: 18180 19089
takeover_tests::map::test_map_open_with_maze_revert_dimension_hexx: 15520 16296
takeover_tests::map::test_map_open_with_maze_revert_dimension_origami: 15520 16296
takeover_tests::map::test_map_open_with_maze_revert_not_edge_hexx: 18180 19089
takeover_tests::map::test_map_open_with_maze_revert_not_edge_origami: 18180 19089
takeover_tests::map::test_map_open_with_maze_revert_order_hexx: 15520 16296
takeover_tests::map::test_map_open_with_maze_revert_order_origami: 15520 16296
takeover_tests::map::test_map_open_with_maze_revert_outside_hexx: 18180 19089
takeover_tests::map::test_map_open_with_maze_revert_outside_origami: 18180 19089
takeover_tests::map::test_map_range_boards_0: 284439642 298661625
takeover_tests::map::test_map_range_boards_1: 255239348 268001316
takeover_tests::map::test_map_range_boards_2: 211037276 221589140
takeover_tests::map::test_map_range_fixtures: 166287610 174601991
takeover_tests::map::test_map_range_revert_dimension_hexx: 15520 16296
takeover_tests::map::test_map_range_revert_dimension_origami: 15520 16296
takeover_tests::map::test_map_range_revert_outside_hexx: 15520 16296
takeover_tests::map::test_map_range_revert_outside_origami: 15520 16296
takeover_tests::map::test_map_range_revert_wall_hexx: 60388 63408
takeover_tests::map::test_map_range_revert_wall_origami: 60388 63408
takeover_tests::map::test_map_reachable_boards: 319343682 335310867
takeover_tests::map::test_map_reachable_fixtures: 76808030 80648432
takeover_tests::map::test_map_reachable_revert_dimension_hexx: 15520 16296
takeover_tests::map::test_map_reachable_revert_dimension_origami: 15520 16296
takeover_tests::map::test_map_reachable_revert_outside_hexx: 15520 16296
takeover_tests::map::test_map_reachable_revert_outside_origami: 15520 16296
takeover_tests::map::test_map_reachable_revert_wall_hexx: 58688 61623
takeover_tests::map::test_map_reachable_revert_wall_origami: 58688 61623
takeover_tests::map::test_map_ring_boards_0: 304972186 320220796
takeover_tests::map::test_map_ring_boards_1: 275066748 288820086
takeover_tests::map::test_map_ring_boards_2: 234145144 245852402
takeover_tests::map::test_map_ring_fixtures: 166365306 174683572
takeover_tests::map::test_map_ring_revert_dimension_hexx: 15520 16296
takeover_tests::map::test_map_ring_revert_dimension_origami: 15520 16296
takeover_tests::map::test_map_ring_revert_outside_hexx: 15520 16296
takeover_tests::map::test_map_ring_revert_outside_origami: 15520 16296
takeover_tests::map::test_map_ring_revert_wall_hexx: 58234 61146
takeover_tests::map::test_map_ring_revert_wall_origami: 58234 61146
takeover_tests::map::test_map_search_path_boards_0: 233382718 245051854
takeover_tests::map::test_map_search_path_boards_1: 165778496 174067421
takeover_tests::map::test_map_search_path_fixtures: 103481792 108655882
takeover_tests::map::test_map_search_path_revert_dimension_hexx: 15520 16296
takeover_tests::map::test_map_search_path_revert_dimension_origami: 15520 16296
takeover_tests::map::test_map_search_path_revert_from_wall_hexx: 20993 22043
takeover_tests::map::test_map_search_path_revert_from_wall_origami: 20993 22043
takeover_tests::map::test_map_search_path_revert_outside_hexx: 15520 16296
takeover_tests::map::test_map_search_path_revert_outside_origami: 15520 16296
takeover_tests::map::test_map_search_path_revert_to_wall_hexx: 22886 24031
takeover_tests::map::test_map_search_path_revert_to_wall_origami: 22886 24031
takeover_tests::map::test_map_search_path_weighted_boards_0: 351926920 369523266
takeover_tests::map::test_map_search_path_weighted_boards_1: 253051902 265704498
takeover_tests::map::test_map_search_path_weighted_boards_2: 200904494 210949719
takeover_tests::map::test_map_search_path_weighted_fixtures: 208326162 218742471
takeover_tests::map::test_map_search_path_weighted_revert_dimension_hexx: 15520 16296
takeover_tests::map::test_map_search_path_weighted_revert_dimension_origami: 15520 16296
takeover_tests::map::test_map_search_path_weighted_revert_from_wall_hexx: 20443 21466
takeover_tests::map::test_map_search_path_weighted_revert_from_wall_origami: 20443 21466
takeover_tests::map::test_map_search_path_weighted_revert_outside_hexx: 15520 16296
takeover_tests::map::test_map_search_path_weighted_revert_outside_origami: 15520 16296
takeover_tests::map::test_map_search_path_weighted_revert_to_wall_hexx: 22396 23516
takeover_tests::map::test_map_search_path_weighted_revert_to_wall_origami: 22396 23516
takeover_tests::map::test_map_search_path_weighted_revert_too_many_costs_hexx: 15520 16296
takeover_tests::map::test_map_search_path_weighted_revert_too_many_costs_origami: 15520 16296
takeover_tests::mazer::test_mazer_errors: 13720 14406
takeover_tests::mazer::test_mazer_generate_order_0_15x15: 344839562 362081541
takeover_tests::mazer::test_mazer_generate_order_0_15x16: 370232788 388744428
takeover_tests::mazer::test_mazer_generate_order_0_17x14: 365245978 383508277
takeover_tests::mazer::test_mazer_generate_order_0_19x13: 379183644 398142827
takeover_tests::mazer::test_mazer_generate_order_0_25x10: 377469336 396342803
takeover_tests::mazer::test_mazer_generate_order_0_3x3: 11946666 12544000
takeover_tests::mazer::test_mazer_generate_order_0_3x83: 320357130 336374987
takeover_tests::mazer::test_mazer_generate_order_0_7x7: 62574902 65703648
takeover_tests::mazer::test_mazer_generate_order_0_83x3: 291091670 305646254
takeover_tests::mazer::test_mazer_generate_order_1_15x15: 190213470 199724144
takeover_tests::mazer::test_mazer_generate_order_1_15x16: 213279294 223943259
takeover_tests::mazer::test_mazer_generate_order_1_17x14: 205084446 215338669
takeover_tests::mazer::test_mazer_generate_order_1_19x13: 230030134 241531641
takeover_tests::mazer::test_mazer_generate_order_1_25x10: 223943942 235141140
takeover_tests::mazer::test_mazer_generate_order_1_3x3: 11946666 12544000
takeover_tests::mazer::test_mazer_generate_order_1_3x83: 199193324 209152991
takeover_tests::mazer::test_mazer_generate_order_1_7x7: 46373686 48692371
takeover_tests::mazer::test_mazer_generate_order_1_83x3: 322323670 338439854
takeover_tests::mazer::test_mazer_generate_revert_dimension_hexx: 15520 16296
takeover_tests::mazer::test_mazer_generate_revert_dimension_origami: 15520 16296
takeover_tests::mazer::test_mazer_generate_revert_order_hexx: 15520 16296
takeover_tests::mazer::test_mazer_generate_revert_order_origami: 15520 16296
takeover_tests::rng::test_rng_draw: 48428870 50850314
takeover_tests::rng::test_rng_draw6: 20055714 21058500
takeover_tests::rng::test_rng_draw_byte_next_below: 42103300 44208465
takeover_tests::rng::test_rng_mix: 5398164 5668073
takeover_tests::rng::test_rng_new: 725278 761542
takeover_tests::rng::test_rng_permutations: 2758450 2896373
takeover_tests::rng::test_rng_refill: 5358242 5626155
takeover_tests::rng::test_rng_shuffle6: 27667618 29050999
takeover_tests::rng::test_rng_split216: 2589836 2719328
takeover_tests::spreader::test_spreader_errors: 13720 14406
takeover_tests::spreader::test_spreader_generate_15x15_0: 63924521 67120748
takeover_tests::spreader::test_spreader_generate_15x15_1: 67888345 71282763
takeover_tests::spreader::test_spreader_generate_15x15_2: 64582776 67811915
takeover_tests::spreader::test_spreader_generate_15x16_0: 66818163 70159072
takeover_tests::spreader::test_spreader_generate_15x16_1: 72017879 75618773
takeover_tests::spreader::test_spreader_generate_15x16_2: 69739032 73225984
takeover_tests::spreader::test_spreader_generate_17x14_0: 67710971 71096520
takeover_tests::spreader::test_spreader_generate_17x14_1: 71739689 75326674
takeover_tests::spreader::test_spreader_generate_17x14_2: 68641076 72073130
takeover_tests::spreader::test_spreader_generate_19x13_0: 69845323 73337590
takeover_tests::spreader::test_spreader_generate_19x13_1: 73054729 76707466
takeover_tests::spreader::test_spreader_generate_19x13_2: 70180876 73689920
takeover_tests::spreader::test_spreader_generate_25x10_0: 69464749 72937987
takeover_tests::spreader::test_spreader_generate_25x10_1: 72571489 76200064
takeover_tests::spreader::test_spreader_generate_25x10_2: 70155232 73662994
takeover_tests::spreader::test_spreader_generate_3x3_0: 5639249 5921212
takeover_tests::spreader::test_spreader_generate_3x3_1: 5939691 6236676
takeover_tests::spreader::test_spreader_generate_3x3_2: 5702262 5987376
takeover_tests::spreader::test_spreader_generate_3x83_0: 39438321 41410238
takeover_tests::spreader::test_spreader_generate_3x83_1: 41281553 43345631
takeover_tests::spreader::test_spreader_generate_3x83_2: 38482464 40406588
takeover_tests::spreader::test_spreader_generate_7x7_0: 16216701 17027537
takeover_tests::spreader::test_spreader_generate_7x7_1: 17977010 18875861
takeover_tests::spreader::test_spreader_generate_7x7_2: 16417645 17238528
takeover_tests::spreader::test_spreader_generate_83x3_0: 37732433 39619055
takeover_tests::spreader::test_spreader_generate_83x3_1: 37736675 39623509
takeover_tests::spreader::test_spreader_generate_83x3_2: 39865738 41859025
takeover_tests::spreader::test_spreader_generate_boards: 147440314 154812330
takeover_tests::spreader::test_spreader_generate_fixtures: 37587376 39466745
takeover_tests::spreader::test_spreader_generate_revert_dimension_hexx: 15520 16296
takeover_tests::spreader::test_spreader_generate_revert_dimension_origami: 15520 16296
takeover_tests::spreader::test_spreader_generate_revert_invalid_grid_small_hexx: 20550 21578
takeover_tests::spreader::test_spreader_generate_revert_invalid_grid_small_origami: 20550 21578
takeover_tests::spreader::test_spreader_generate_revert_invalid_grid_wide_hexx: 74250 77963
takeover_tests::spreader::test_spreader_generate_revert_invalid_grid_wide_origami: 74250 77963
takeover_tests::spreader::test_spreader_generate_revert_not_enough_place_hexx: 64431 67653
takeover_tests::spreader::test_spreader_generate_revert_not_enough_place_origami: 64431 67653
takeover_tests::walker::test_walker_generate_15x15_0: 283996644 298196477
takeover_tests::walker::test_walker_generate_15x15_1: 297531238 312407800
takeover_tests::walker::test_walker_generate_15x15_2: 284078904 298282850
takeover_tests::walker::test_walker_generate_15x16_0: 284239444 298451417
takeover_tests::walker::test_walker_generate_15x16_1: 298175698 313084483
takeover_tests::walker::test_walker_generate_15x16_2: 284096544 298301372
takeover_tests::walker::test_walker_generate_17x14_0: 284554764 298782503
takeover_tests::walker::test_walker_generate_17x14_1: 297715618 312601399
takeover_tests::walker::test_walker_generate_17x14_2: 284500444 298725467
takeover_tests::walker::test_walker_generate_19x13_0: 284640124 298872131
takeover_tests::walker::test_walker_generate_19x13_1: 298114898 313020643
takeover_tests::walker::test_walker_generate_19x13_2: 284861744 299104832
takeover_tests::walker::test_walker_generate_25x10_0: 284977324 299226191
takeover_tests::walker::test_walker_generate_25x10_1: 298793118 313732774
takeover_tests::walker::test_walker_generate_25x10_2: 284962924 299211071
takeover_tests::walker::test_walker_generate_3x3_0: 279808964 293799413
takeover_tests::walker::test_walker_generate_3x3_1: 293160938 307818985
takeover_tests::walker::test_walker_generate_3x3_2: 279926244 293922557
takeover_tests::walker::test_walker_generate_3x83_0: 286418244 300739157
takeover_tests::walker::test_walker_generate_3x83_1: 300969138 316017595
takeover_tests::walker::test_walker_generate_3x83_2: 286390124 300709631
takeover_tests::walker::test_walker_generate_7x7_0: 277509284 291384749
takeover_tests::walker::test_walker_generate_7x7_1: 290774698 305313433
takeover_tests::walker::test_walker_generate_7x7_2: 277623784 291504974
takeover_tests::walker::test_walker_generate_83x3_0: 280672384 294706004
takeover_tests::walker::test_walker_generate_83x3_1: 294886578 309630907
takeover_tests::walker::test_walker_generate_83x3_2: 281604044 295684247
takeover_tests::walker::test_walker_generate_revert_dimension_hexx: 15520 16296
takeover_tests::walker::test_walker_generate_revert_dimension_origami: 15520 16296
